d:\unrealengine3-sc\development\intermediate\shared\tools\win64\release\unreallightmass\unreallightmass.iobj
d:\unrealengine3-sc\development\intermediate\shared\tools\win64\release\unreallightmass\3dvisualizer.obj
d:\unrealengine3-sc\development\intermediate\shared\tools\win64\release\unreallightmass\bsp.obj
d:\unrealengine3-sc\development\intermediate\shared\tools\win64\release\unreallightmass\cache.obj
d:\unrealengine3-sc\development\intermediate\shared\tools\win64\release\unreallightmass\collision.obj
d:\unrealengine3-sc\development\intermediate\shared\tools\win64\release\unreallightmass\cpusolver.obj
d:\unrealengine3-sc\development\intermediate\shared\tools\win64\release\unreallightmass\exporter.obj
d:\unrealengine3-sc\development\intermediate\shared\tools\win64\release\unreallightmass\fluidsurface.obj
d:\unrealengine3-sc\development\intermediate\shared\tools\win64\release\unreallightmass\importer.obj
d:\unrealengine3-sc\development\intermediate\shared\tools\win64\release\unreallightmass\landscape.obj
d:\unrealengine3-sc\development\intermediate\shared\tools\win64\release\unreallightmass\lightingmesh.obj
d:\unrealengine3-sc\development\intermediate\shared\tools\win64\release\unreallightmass\lightingsystem.obj
d:\unrealengine3-sc\development\intermediate\shared\tools\win64\release\unreallightmass\lightmapdata.obj
d:\unrealengine3-sc\development\intermediate\shared\tools\win64\release\unreallightmass\lightmassswarm.obj
d:\unrealengine3-sc\development\intermediate\shared\tools\win64\release\unreallightmass\lmcore.obj
d:\unrealengine3-sc\development\intermediate\shared\tools\win64\release\unreallightmass\lmdebug.obj
d:\unrealengine3-sc\development\intermediate\shared\tools\win64\release\unreallightmass\lmmallocprofiler.obj
d:\unrealengine3-sc\development\intermediate\shared\tools\win64\release\unreallightmass\lmmath.obj
d:\unrealengine3-sc\development\intermediate\shared\tools\win64\release\unreallightmass\lmmemory.obj
d:\unrealengine3-sc\development\intermediate\shared\tools\win64\release\unreallightmass\lmshmath.obj
d:\unrealengine3-sc\development\intermediate\shared\tools\win64\release\unreallightmass\lmtemplates.obj
d:\unrealengine3-sc\development\intermediate\shared\tools\win64\release\unreallightmass\lmthreading.obj
d:\unrealengine3-sc\development\intermediate\shared\tools\win64\release\unreallightmass\mappings.obj
d:\unrealengine3-sc\development\intermediate\shared\tools\win64\release\unreallightmass\material.obj
d:\unrealengine3-sc\development\intermediate\shared\tools\win64\release\unreallightmass\mesh.obj
d:\unrealengine3-sc\development\intermediate\shared\tools\win64\release\unreallightmass\montecarlo.obj
d:\unrealengine3-sc\development\intermediate\shared\tools\win64\release\unreallightmass\photonmapping.obj
d:\unrealengine3-sc\development\intermediate\shared\tools\win64\release\unreallightmass\precomputedvisibility.obj
d:\unrealengine3-sc\development\intermediate\shared\tools\win64\release\unreallightmass\samplevolume.obj
d:\unrealengine3-sc\development\intermediate\shared\tools\win64\release\unreallightmass\scene.obj
d:\unrealengine3-sc\development\intermediate\shared\tools\win64\release\unreallightmass\sfmt.obj
d:\unrealengine3-sc\development\intermediate\shared\tools\win64\release\unreallightmass\speedtree.obj
d:\unrealengine3-sc\development\intermediate\shared\tools\win64\release\unreallightmass\staticmesh.obj
d:\unrealengine3-sc\development\intermediate\shared\tools\win64\release\unreallightmass\stdafx.obj
d:\unrealengine3-sc\development\intermediate\shared\tools\win64\release\unreallightmass\terrain.obj
d:\unrealengine3-sc\development\intermediate\shared\tools\win64\release\unreallightmass\terrainlighting.obj
d:\unrealengine3-sc\development\intermediate\shared\tools\win64\release\unreallightmass\texturemapping.obj
d:\unrealengine3-sc\development\intermediate\shared\tools\win64\release\unreallightmass\unittest.obj
d:\unrealengine3-sc\development\intermediate\shared\tools\win64\release\unreallightmass\unreallightmass.obj
d:\unrealengine3-sc\development\intermediate\shared\tools\win64\release\unreallightmass\vertexmapping.obj
d:\unrealengine3-sc\development\intermediate\shared\tools\win64\release\unreallightmass\volumedistancefield.obj
d:\unrealengine3-sc\development\intermediate\shared\tools\win64\release\unreallightmass\resource.res
d:\unrealengine3-sc\development\intermediate\shared\tools\win64\release\unreallightmass\unreallightmass.pch
d:\unrealengine3-sc\development\intermediate\shared\tools\win64\release\unreallightmass\unreallightmass.pdb
d:\unrealengine3-sc\development\intermediate\shared\tools\win64\release\unreallightmass\vc143.pdb
d:\unrealengine3-sc\development\intermediate\shared\tools\win64\release\unreallightmass\unreallightmass.tlog\cl.command.1.tlog
d:\unrealengine3-sc\development\intermediate\shared\tools\win64\release\unreallightmass\unreallightmass.tlog\link.command.1.tlog
d:\unrealengine3-sc\development\intermediate\shared\tools\win64\release\unreallightmass\unreallightmass.tlog\link.secondary.1.tlog
d:\unrealengine3-sc\development\intermediate\shared\tools\win64\release\unreallightmass\unreallightmass.tlog\rc.command.1.tlog
