Log: Log file open, 09/02/26 00:03:21
Init: WinSock: version 1.1 (2.2), MaxSocks=32767, MaxUdp=65467
DevConfig: GConfig::Find has loaded file:  ..\..\Engine\Config\ConsoleVariables.ini
Init: Version: 10897
Init: Epic Internal: 0
Init: Compiled (64-bit): Sep  1 2026 06:53:10
Init: Changelist: 1532151
Init: Command line: editor   -nopause -forcelogflush -nosplash -windowed -ResX=1100 -ResY=760 -log=BlankViewModeProbe-20260902-000320-385.log 
Init: Base directory: D:\UnrealEngine3-SC\Binaries\Win64\
[0000.55] Init: Computer: CHEATS
[0000.55] Init: User: vande
[0000.55] Init: CPU Page size=4096, Processors=8
[0000.55] Init: High frequency timer resolution =10.000000 MHz
[0000.55] Init: Memory total: Physical=7.8GB (7GB approx) Pagefile=19.4GB Virtual=131072.0GB
[0000.60] Init: WinSock: I am CHEATS (192.168.56.1:0)
[0000.60] Init: Presizing for 0 objects not considered by GC, pre-allocating 0 bytes.
[0000.60] Init: Object subsystem initialized
[0000.62] Log: SystemSettings based on: SystemSettings
[0000.83] Log: Shader platform (RHI): PC-D3D-SM3
[0002.32] Log: 52516 objects as part of root set at end of initial load.
[0002.32] Log: 0 out of 0 bytes used by permanent object pool.
[0002.36] Log: Supported Consoles:
[0002.36] Log:   PC
[0002.36] Log: Initializing Engine...
[0002.55] Log: Encountered missing default brush - spawning new one
[0003.02] Log: Initializing Engine Completed
[0003.02] Log: >>>>>>>>>>>>>> Initial startup: 3.02s <<<<<<<<<<<<<<<
[0003.15] Cmd: MODE MAPEXT=udk
[0003.15] SourceControl: Stub source control provider is enabled.  Please enable a specific implementation such as WITH_PERFORCE
[0003.15] SourceControl:   For perforce, see SetUpSourceControlEnvironment in UE3BuildExternal.cs for requirements
[0006.91] Cmd: MAP LOAD FILE="..\..\Engine\Content\Maps\Templates\Template_MidDay.umap" TEMPLATE=0
[0007.28] Log: Encountered missing default brush - spawning new one
[0008.21] Log: -- Checking Building LODs
[0008.21] Log: Finished looking for orphan Actors (0.002 secs)
[0008.28] Cmd: MAP CHECKDEP DONTCLEARMESSAGES DONTDOSLOWREFCHECK
[0008.29] Log: TIMER ALL OF INIT : [7.045187]
[0008.40] Log: StarterViewColor: FadeEnabled=0 FadeColor=(0,0,0,255) FadeAmount=0 ColorScaleEnabled=0 ColorScale=(1,1,1) Background=(0,0,0,1) Overlay=(0,0,0,0) ViewColorScale=(1,1,1,1)
[0008.75] Log: StarterLUTParams: BlendCount=2 Weight0=0 WeightReg=128/32 Gamma=2.2 PixelCenter=0.5 ColorScale=(1,1,1,1) Overlay=(0,0,0,0)
[0008.75] Log: StarterLUTTransform: Shadows=(0,0,0) Highlights=(1,1,1) Midtones=(1,1,1) Desat=0 Colorize=(1,1,1)
[0008.75] Log: StarterLUTSurface: First=(0,0,0,178) Middle=(17,127,127,0) Last=(255,255,255,0) Bytes=16384
[0008.75] Log: StarterFinish: LDR=1 Resolve=1 ScreenCapture=0 IgnoreScaling=0 NeedsUpscale=0 PostProcess=1 ClearScene=1 DeferClear=0 Gamma=2.2 Size=1846x919 View=1846x919
[0008.75] Log: StarterFinish: skipped final copy
[0008.75] Log: Encountered missing default brush - spawning new one
[0008.85] Log: Encountered missing default brush - spawning new one
[0009.03] Log: StarterLUTParams: BlendCount=1 Weight0=1 WeightReg=224/16 Gamma=2.2 PixelCenter=0.5 ColorScale=(1,1,1,1) Overlay=(0,0,0,0)
[0009.03] Log: StarterLUTTransform: Shadows=(0,0,0) Highlights=(1,1,1) Midtones=(1,1,1) Desat=0 Colorize=(1,1,1)
[0009.41] Log: StarterViewColor: FadeEnabled=0 FadeColor=(0,0,0,255) FadeAmount=0 ColorScaleEnabled=0 ColorScale=(1,1,1) Background=(0,0,0,1) Overlay=(0,0,0,0) ViewColorScale=(1,1,1,1)
[0009.49] Log: StarterLUTSurface: First=(0,0,0,0) Middle=(0,136,136,0) Last=(255,255,255,0) Bytes=16384
[0009.50] Log: StarterFinish: LDR=1 Resolve=1 ScreenCapture=0 IgnoreScaling=0 NeedsUpscale=0 PostProcess=1 ClearScene=1 DeferClear=0 Gamma=2.2 Size=1846x919 View=1846x919
[0009.50] Log: StarterFinish: skipped final copy
[0009.93] Log: StarterLUTParams: BlendCount=1 Weight0=1 WeightReg=224/16 Gamma=2.2 PixelCenter=0.5 ColorScale=(1,1,1,1) Overlay=(0,0,0,0)
[0009.93] Log: StarterLUTTransform: Shadows=(0,0,0) Highlights=(1,1,1) Midtones=(1,1,1) Desat=0 Colorize=(1,1,1)
[0010.41] Log: StarterViewColor: FadeEnabled=0 FadeColor=(0,0,0,255) FadeAmount=0 ColorScaleEnabled=0 ColorScale=(1,1,1) Background=(0,0,0,1) Overlay=(0,0,0,0) ViewColorScale=(1,1,1,1)
[0010.50] Log: StarterLUTSurface: First=(0,0,0,0) Middle=(0,136,136,0) Last=(255,255,255,0) Bytes=16384
[0010.50] Log: StarterFinish: LDR=1 Resolve=1 ScreenCapture=0 IgnoreScaling=0 NeedsUpscale=0 PostProcess=1 ClearScene=1 DeferClear=0 Gamma=2.2 Size=1846x919 View=1846x919
[0010.51] Log: StarterFinish: skipped final copy
[0010.93] Log: StarterLUTParams: BlendCount=1 Weight0=1 WeightReg=224/16 Gamma=2.2 PixelCenter=0.5 ColorScale=(1,1,1,1) Overlay=(0,0,0,0)
[0010.93] Log: StarterLUTTransform: Shadows=(0,0,0) Highlights=(1,1,1) Midtones=(1,1,1) Desat=0 Colorize=(1,1,1)
[0011.41] Log: StarterViewColor: FadeEnabled=0 FadeColor=(0,0,0,255) FadeAmount=0 ColorScaleEnabled=0 ColorScale=(1,1,1) Background=(0,0,0,1) Overlay=(0,0,0,0) ViewColorScale=(1,1,1,1)
[0011.51] Log: StarterLUTSurface: First=(0,0,0,0) Middle=(0,136,136,0) Last=(255,255,255,0) Bytes=16384
[0011.51] Log: StarterFinish: LDR=1 Resolve=1 ScreenCapture=0 IgnoreScaling=0 NeedsUpscale=0 PostProcess=1 ClearScene=1 DeferClear=0 Gamma=2.2 Size=1846x919 View=1846x919
[0011.51] Log: StarterFinish: skipped final copy
[0011.93] Log: StarterLUTParams: BlendCount=1 Weight0=1 WeightReg=224/16 Gamma=2.2 PixelCenter=0.5 ColorScale=(1,1,1,1) Overlay=(0,0,0,0)
[0011.93] Log: StarterLUTTransform: Shadows=(0,0,0) Highlights=(1,1,1) Midtones=(1,1,1) Desat=0 Colorize=(1,1,1)
[0012.41] Log: StarterViewColor: FadeEnabled=0 FadeColor=(0,0,0,255) FadeAmount=0 ColorScaleEnabled=0 ColorScale=(1,1,1) Background=(0,0,0,1) Overlay=(0,0,0,0) ViewColorScale=(1,1,1,1)
[0012.51] Log: StarterLUTSurface: First=(0,0,0,0) Middle=(0,136,136,0) Last=(255,255,255,0) Bytes=16384
[0012.51] Log: StarterFinish: LDR=1 Resolve=1 ScreenCapture=0 IgnoreScaling=0 NeedsUpscale=0 PostProcess=1 ClearScene=1 DeferClear=0 Gamma=2.2 Size=1846x919 View=1846x919
[0012.51] Log: StarterFinish: skipped final copy
[0012.94] Log: StarterLUTParams: BlendCount=1 Weight0=1 WeightReg=224/16 Gamma=2.2 PixelCenter=0.5 ColorScale=(1,1,1,1) Overlay=(0,0,0,0)
[0012.94] Log: StarterLUTTransform: Shadows=(0,0,0) Highlights=(1,1,1) Midtones=(1,1,1) Desat=0 Colorize=(1,1,1)
[0013.42] Log: StarterViewColor: FadeEnabled=0 FadeColor=(0,0,0,255) FadeAmount=0 ColorScaleEnabled=0 ColorScale=(1,1,1) Background=(0,0,0,1) Overlay=(0,0,0,0) ViewColorScale=(1,1,1,1)
[0013.52] Log: StarterLUTSurface: First=(0,0,0,0) Middle=(0,136,136,0) Last=(255,255,255,0) Bytes=16384
[0013.52] Log: StarterFinish: LDR=1 Resolve=1 ScreenCapture=0 IgnoreScaling=0 NeedsUpscale=0 PostProcess=1 ClearScene=1 DeferClear=0 Gamma=2.2 Size=1846x919 View=1846x919
[0013.52] Log: StarterFinish: skipped final copy
[0013.94] Log: StarterLUTParams: BlendCount=1 Weight0=1 WeightReg=224/16 Gamma=2.2 PixelCenter=0.5 ColorScale=(1,1,1,1) Overlay=(0,0,0,0)
[0013.94] Log: StarterLUTTransform: Shadows=(0,0,0) Highlights=(1,1,1) Midtones=(1,1,1) Desat=0 Colorize=(1,1,1)
[0014.30] Log: 
==== Worlds needing PIE Save:
[0014.30] Log: Untitled_3
[0014.30] Log: ==== 1 total
[0014.40] Log: Built Phys StaticMesh Cache: 4.627 ms
[0014.40] Log: COOKEDPHYSICS: 0 TriMeshes (0.000000 KB), 0 Convex Hulls (0.000000 KB) - Total 0.000000 KB
[0014.44] Log: Save=42.165400
[0014.44] Log: Moving 'D:\UnrealEngine3-SC\Binaries\Win64\..\..\Engine\Autosaves\UEDPIEUntitled_3_save.tmp' to 'D:\UnrealEngine3-SC\Binaries\Win64\..\..\Engine\Autosaves\UEDPIEUntitled_3.udk'
[0014.46] Cmd: MAP LOAD PLAYWORLD=1 FILE="D:\UnrealEngine3-SC\Binaries\Win64\..\..\Engine\Autosaves\UEDPIEUntitled_3.udk"
[0014.48] Log: Finished looking for orphan Actors (0.002 secs)
[0014.48] Log: Game class is 'UDKStarterGameInfo'
[0014.48] Log: *** WARNING - PATHS MAY NOT BE VALID ***
[0014.48] Log: Bringing World uedpieuntitled_3.TheWorld up for play (0) at 2026.09.02-00.03.35
[0014.48] Log: Bringing up level for play took: 0.003993
[0014.53] Error: (Function Engine.GameInfo:ChoosePlayerStart:0102) Cannot use AllNavigationPoints() here - NavigationPointList not set up yet
[0014.53] ScriptLog: Warning - PATHS NOT DEFINED or NO PLAYERSTART with positive rating
[0014.53] Warning: Login failed: Engine.GameMessage.FailedPlaceMessage
