Log: Log file open, 09/01/26 15:45:48
Init: WinSock: version 1.1 (2.2), MaxSocks=32767, MaxUdp=65467
DevConfig: GConfig::Find has loaded file:  ..\..\Engine\Config\ConsoleVariables.ini
Init: Version: 10897
Init: Epic Internal: 0
Init: Compiled (64-bit): Sep  1 2026 06:53:10
Init: Changelist: 1532151
Init: Command line: editor  -nopause -forcelogflush -nosplash -windowed -ResX=1100 -ResY=760 -log=BlankViewModeProbe-20260901-154547-837.log 
Init: Base directory: D:\UnrealEngine3-SC\Binaries\Win64\
[0000.43] Init: Computer: CHEATS
[0000.43] Init: User: vande
[0000.43] Init: CPU Page size=4096, Processors=8
[0000.43] Init: High frequency timer resolution =10.000000 MHz
[0000.43] Init: Memory total: Physical=7.8GB (7GB approx) Pagefile=17.3GB Virtual=131072.0GB
[0000.47] Init: WinSock: I am CHEATS (192.168.56.1:0)
[0000.47] Init: Presizing for 0 objects not considered by GC, pre-allocating 0 bytes.
[0000.47] Init: Object subsystem initialized
[0000.50] Log: SystemSettings based on: SystemSettings
[0000.69] Log: Shader platform (RHI): PC-D3D-SM3
[0008.27] Log: 52516 objects as part of root set at end of initial load.
[0008.27] Log: 0 out of 0 bytes used by permanent object pool.
[0008.32] Log: Supported Consoles:
[0008.32] Log:   PC
[0008.32] Log: Initializing Engine...
[0008.53] Log: Encountered missing default brush - spawning new one
[0009.01] Log: Initializing Engine Completed
[0009.01] Log: >>>>>>>>>>>>>> Initial startup: 9.01s <<<<<<<<<<<<<<<
[0009.14] Cmd: MODE MAPEXT=udk
[0009.14] SourceControl: Stub source control provider is enabled.  Please enable a specific implementation such as WITH_PERFORCE
[0009.14] SourceControl:   For perforce, see SetUpSourceControlEnvironment in UE3BuildExternal.cs for requirements
[0012.90] Cmd: MAP LOAD FILE="..\..\Engine\Content\Maps\Templates\Template_MidDay.umap" TEMPLATE=0
[0013.35] Log: Encountered missing default brush - spawning new one
[0014.16] Log: -- Checking Building LODs
[0014.17] Log: Finished looking for orphan Actors (0.002 secs)
[0014.24] Cmd: MAP CHECKDEP DONTCLEARMESSAGES DONTDOSLOWREFCHECK
[0014.24] Log: TIMER ALL OF INIT : [13.043150]
[0014.74] Log: Encountered missing default brush - spawning new one
[0014.84] Log: Encountered missing default brush - spawning new one
[0025.40] Cmd: SHOW POSTPROCESS
[0030.10] Cmd: SHOW POSTPROCESS
[0032.24] Cmd: SHOW AMBIENTOCCLUSION
[0036.72] Cmd: VIS 4 SAT UV1
[0036.72] Log: VisualizeTexture 4
[0041.23] Cmd: VIS 30 SAT UV1
[0041.23] Log: VisualizeTexture 30
[0045.71] Cmd: VIS 0
[0045.71] Log: VisualizeTexture 0
[0047.44] Exit: Preparing to exit.
[0047.59] Exit: Editor shut down
[0047.59] Exit: Transaction tracking system shut down
[0047.72] Exit: Windows client shut down
[0047.72] Exit: XAudio2 Device shut down.
[0047.77] Exit: Object subsystem successfully closed.
[0047.80] Exit: Exiting.
[0047.80] Log: Log file closed, 09/01/26 15:46:35
