Log: Log file open, 09/01/26 15:38:56
Init: WinSock: version 1.1 (2.2), MaxSocks=32767, MaxUdp=65467
DevConfig: GConfig::Find has loaded file:  ..\..\Engine\Config\ConsoleVariables.ini
Init: Version: 10897
Init: Epic Internal: 0
Init: Compiled (64-bit): Sep  1 2026 06:53:10
Init: Changelist: 1532151
Init: Command line: editor  -nopause -forcelogflush -nosplash -windowed -ResX=1100 -ResY=760 -log=BlankViewModeProbe-20260901-153855-620.log 
Init: Base directory: D:\UnrealEngine3-SC\Binaries\Win64\
[0000.49] Init: Computer: CHEATS
[0000.49] Init: User: vande
[0000.49] Init: CPU Page size=4096, Processors=8
[0000.49] Init: High frequency timer resolution =10.000000 MHz
[0000.49] Init: Memory total: Physical=7.8GB (7GB approx) Pagefile=17.3GB Virtual=131072.0GB
[0000.54] Init: WinSock: I am CHEATS (192.168.56.1:0)
[0000.54] Init: Presizing for 0 objects not considered by GC, pre-allocating 0 bytes.
[0000.54] Init: Object subsystem initialized
[0000.55] Log: SystemSettings based on: SystemSettings
[0000.74] Log: Shader platform (RHI): PC-D3D-SM3
[0002.07] Log: 52516 objects as part of root set at end of initial load.
[0002.07] Log: 0 out of 0 bytes used by permanent object pool.
[0002.11] Log: Supported Consoles:
[0002.11] Log:   PC
[0002.11] Log: Initializing Engine...
[0002.27] Log: Encountered missing default brush - spawning new one
[0002.69] Log: Initializing Engine Completed
[0002.69] Log: >>>>>>>>>>>>>> Initial startup: 2.69s <<<<<<<<<<<<<<<
[0002.77] Cmd: MODE MAPEXT=udk
[0002.77] SourceControl: Stub source control provider is enabled.  Please enable a specific implementation such as WITH_PERFORCE
[0002.77] SourceControl:   For perforce, see SetUpSourceControlEnvironment in UE3BuildExternal.cs for requirements
[0006.35] Cmd: MAP LOAD FILE="..\..\Engine\Content\Maps\Templates\Template_MidDay.umap" TEMPLATE=0
[0006.68] Log: Encountered missing default brush - spawning new one
[0007.70] Log: -- Checking Building LODs
[0007.71] Log: Finished looking for orphan Actors (0.003 secs)
[0007.77] Cmd: MAP CHECKDEP DONTCLEARMESSAGES DONTDOSLOWREFCHECK
[0007.78] Log: TIMER ALL OF INIT : [6.687367]
[0008.25] Log: Encountered missing default brush - spawning new one
[0008.33] Log: Encountered missing default brush - spawning new one
[0029.44] Exit: Preparing to exit.
[0029.80] Exit: Editor shut down
[0029.80] Exit: Transaction tracking system shut down
[0029.94] Exit: Windows client shut down
[0029.95] Exit: XAudio2 Device shut down.
[0029.98] Exit: Object subsystem successfully closed.
[0030.01] Exit: Exiting.
[0030.01] Log: Log file closed, 09/01/26 15:39:25
