Log: Log file open, 09/01/26 23:55:53
Init: WinSock: version 1.1 (2.2), MaxSocks=32767, MaxUdp=65467
DevConfig: GConfig::Find has loaded file:  ..\..\Engine\Config\ConsoleVariables.ini
Init: Version: 10897
Init: Epic Internal: 0
Init: Compiled (64-bit): Sep  1 2026 06:53:10
Init: Changelist: 1532151
Init: Command line: editor   -nopause -forcelogflush -nosplash -windowed -ResX=1100 -ResY=760 -log=BlankViewModeProbe-20260901-235551-933.log  
Init: Base directory: D:\UnrealEngine3-SC\Binaries\Win64\
[0000.96] Init: Computer: CHEATS
[0000.97] Init: User: vande
[0000.97] Init: CPU Page size=4096, Processors=8
[0000.97] Init: High frequency timer resolution =10.000000 MHz
[0000.97] Init: Memory total: Physical=7.8GB (7GB approx) Pagefile=19.4GB Virtual=131072.0GB
[0001.00] Init: WinSock: I am CHEATS (192.168.56.1:0)
[0001.00] Init: Presizing for 0 objects not considered by GC, pre-allocating 0 bytes.
[0001.00] Init: Object subsystem initialized
[0001.02] Log: SystemSettings based on: SystemSettings
[0001.21] Log: Shader platform (RHI): PC-D3D-SM3
[0032.05] Log: 52516 objects as part of root set at end of initial load.
[0032.05] Log: 0 out of 0 bytes used by permanent object pool.
[0032.15] Log: Supported Consoles:
[0032.15] Log:   PC
[0032.15] Log: Initializing Engine...
[0032.41] Log: Encountered missing default brush - spawning new one
[0032.91] Log: Initializing Engine Completed
[0032.91] Log: >>>>>>>>>>>>>> Initial startup: 32.91s <<<<<<<<<<<<<<<
[0033.25] Cmd: MODE MAPEXT=udk
[0033.25] SourceControl: Stub source control provider is enabled.  Please enable a specific implementation such as WITH_PERFORCE
[0033.25] SourceControl:   For perforce, see SetUpSourceControlEnvironment in UE3BuildExternal.cs for requirements
[0037.99] Cmd: MAP LOAD FILE="..\..\Engine\Content\Maps\Templates\Template_MidDay.umap" TEMPLATE=0
[0038.41] Log: Encountered missing default brush - spawning new one
[0039.26] Log: -- Checking Building LODs
[0039.26] Log: Finished looking for orphan Actors (0.001 secs)
[0039.32] Cmd: MAP CHECKDEP DONTCLEARMESSAGES DONTDOSLOWREFCHECK
[0039.33] Log: TIMER ALL OF INIT : [9.394785]
[0039.44] Log: StarterViewColor: FadeEnabled=0 FadeColor=(0,0,0,255) FadeAmount=0 ColorScaleEnabled=0 ColorScale=(1,1,1) Background=(0,0,0,1) Overlay=(0,0,0,0) ViewColorScale=(1,1,1,1)
[0039.75] Log: StarterLUTParams: BlendCount=2 Weight0=0 WeightReg=128/32 Gamma=2.2 PixelCenter=0.5 ColorScale=(1,1,1,1) Overlay=(0,0,0,0)
[0039.75] Log: StarterLUTTransform: Shadows=(0,0,0) Highlights=(1,1,1) Midtones=(1,1,1) Desat=0 Colorize=(1,1,1)
[0039.75] Log: StarterLUTSurface: First=(0,0,0,178) Middle=(17,127,127,0) Last=(255,255,255,0) Bytes=16384
[0039.75] Log: StarterFinish: LDR=1 Resolve=1 ScreenCapture=0 IgnoreScaling=0 NeedsUpscale=0 PostProcess=1 ClearScene=1 DeferClear=0 Gamma=2.2 Size=1846x919 View=1846x919
[0039.75] Log: StarterFinish: skipped final copy
[0039.75] Log: Encountered missing default brush - spawning new one
[0039.84] Log: Encountered missing default brush - spawning new one
[0039.99] Log: StarterLUTParams: BlendCount=1 Weight0=1 WeightReg=4/0 Gamma=2.2 PixelCenter=0.5 ColorScale=(1,1,1,1) Overlay=(0,0,0,0)
[0039.99] Log: StarterLUTTransform: Shadows=(0,0,0) Highlights=(1,1,1) Midtones=(1,1,1) Desat=0 Colorize=(1,1,1)
[0040.44] Log: StarterViewColor: FadeEnabled=0 FadeColor=(0,0,0,255) FadeAmount=0 ColorScaleEnabled=0 ColorScale=(1,1,1) Background=(0,0,0,1) Overlay=(0,0,0,0) ViewColorScale=(1,1,1,1)
[0040.53] Log: StarterLUTSurface: First=(255,0,0,0) Middle=(255,136,119,0) Last=(255,255,255,0) Bytes=16384
[0040.54] Log: StarterFinish: LDR=1 Resolve=1 ScreenCapture=0 IgnoreScaling=0 NeedsUpscale=0 PostProcess=1 ClearScene=1 DeferClear=0 Gamma=2.2 Size=1846x919 View=1846x919
[0040.54] Log: StarterFinish: skipped final copy
[0040.94] Log: StarterLUTParams: BlendCount=1 Weight0=1 WeightReg=4/0 Gamma=2.2 PixelCenter=0.5 ColorScale=(1,1,1,1) Overlay=(0,0,0,0)
[0040.94] Log: StarterLUTTransform: Shadows=(0,0,0) Highlights=(1,1,1) Midtones=(1,1,1) Desat=0 Colorize=(1,1,1)
[0041.45] Log: StarterViewColor: FadeEnabled=0 FadeColor=(0,0,0,255) FadeAmount=0 ColorScaleEnabled=0 ColorScale=(1,1,1) Background=(0,0,0,1) Overlay=(0,0,0,0) ViewColorScale=(1,1,1,1)
[0041.54] Log: StarterLUTSurface: First=(255,0,0,0) Middle=(255,136,119,0) Last=(255,255,255,0) Bytes=16384
[0041.55] Log: StarterFinish: LDR=1 Resolve=1 ScreenCapture=0 IgnoreScaling=0 NeedsUpscale=0 PostProcess=1 ClearScene=1 DeferClear=0 Gamma=2.2 Size=1846x919 View=1846x919
[0041.55] Log: StarterFinish: skipped final copy
[0041.94] Log: StarterLUTParams: BlendCount=1 Weight0=1 WeightReg=4/0 Gamma=2.2 PixelCenter=0.5 ColorScale=(1,1,1,1) Overlay=(0,0,0,0)
[0041.94] Log: StarterLUTTransform: Shadows=(0,0,0) Highlights=(1,1,1) Midtones=(1,1,1) Desat=0 Colorize=(1,1,1)
[0042.45] Log: StarterViewColor: FadeEnabled=0 FadeColor=(0,0,0,255) FadeAmount=0 ColorScaleEnabled=0 ColorScale=(1,1,1) Background=(0,0,0,1) Overlay=(0,0,0,0) ViewColorScale=(1,1,1,1)
[0042.55] Log: StarterLUTSurface: First=(255,0,0,0) Middle=(255,136,119,0) Last=(255,255,255,0) Bytes=16384
[0042.55] Log: StarterFinish: LDR=1 Resolve=1 ScreenCapture=0 IgnoreScaling=0 NeedsUpscale=0 PostProcess=1 ClearScene=1 DeferClear=0 Gamma=2.2 Size=1846x919 View=1846x919
[0042.55] Log: StarterFinish: skipped final copy
[0042.94] Log: StarterLUTParams: BlendCount=1 Weight0=1 WeightReg=4/0 Gamma=2.2 PixelCenter=0.5 ColorScale=(1,1,1,1) Overlay=(0,0,0,0)
[0042.94] Log: StarterLUTTransform: Shadows=(0,0,0) Highlights=(1,1,1) Midtones=(1,1,1) Desat=0 Colorize=(1,1,1)
[0043.46] Log: StarterViewColor: FadeEnabled=0 FadeColor=(0,0,0,255) FadeAmount=0 ColorScaleEnabled=0 ColorScale=(1,1,1) Background=(0,0,0,1) Overlay=(0,0,0,0) ViewColorScale=(1,1,1,1)
[0043.56] Log: StarterLUTSurface: First=(255,0,0,0) Middle=(255,136,119,0) Last=(255,255,255,0) Bytes=16384
[0043.56] Log: StarterFinish: LDR=1 Resolve=1 ScreenCapture=0 IgnoreScaling=0 NeedsUpscale=0 PostProcess=1 ClearScene=1 DeferClear=0 Gamma=2.2 Size=1846x919 View=1846x919
[0043.56] Log: StarterFinish: skipped final copy
[0043.94] Log: StarterLUTParams: BlendCount=1 Weight0=1 WeightReg=4/0 Gamma=2.2 PixelCenter=0.5 ColorScale=(1,1,1,1) Overlay=(0,0,0,0)
[0043.94] Log: StarterLUTTransform: Shadows=(0,0,0) Highlights=(1,1,1) Midtones=(1,1,1) Desat=0 Colorize=(1,1,1)
[0044.51] Log: StarterViewColor: FadeEnabled=0 FadeColor=(0,0,0,255) FadeAmount=0 ColorScaleEnabled=0 ColorScale=(1,1,1) Background=(0,0,0,1) Overlay=(0,0,0,0) ViewColorScale=(1,1,1,1)
[0044.57] Log: StarterLUTSurface: First=(255,0,0,0) Middle=(255,136,119,0) Last=(255,255,255,0) Bytes=16384
[0044.57] Log: StarterFinish: LDR=1 Resolve=1 ScreenCapture=0 IgnoreScaling=0 NeedsUpscale=0 PostProcess=1 ClearScene=1 DeferClear=0 Gamma=2.2 Size=1846x919 View=1846x919
[0044.57] Log: StarterFinish: skipped final copy
[0044.94] Log: StarterLUTParams: BlendCount=1 Weight0=1 WeightReg=4/0 Gamma=2.2 PixelCenter=0.5 ColorScale=(1,1,1,1) Overlay=(0,0,0,0)
[0044.94] Log: StarterLUTTransform: Shadows=(0,0,0) Highlights=(1,1,1) Midtones=(1,1,1) Desat=0 Colorize=(1,1,1)
[0045.52] Log: StarterViewColor: FadeEnabled=0 FadeColor=(0,0,0,255) FadeAmount=0 ColorScaleEnabled=0 ColorScale=(1,1,1) Background=(0,0,0,1) Overlay=(0,0,0,0) ViewColorScale=(1,1,1,1)
[0045.58] Log: StarterLUTSurface: First=(255,0,0,0) Middle=(255,136,119,0) Last=(255,255,255,0) Bytes=16384
[0045.58] Log: StarterFinish: LDR=1 Resolve=1 ScreenCapture=0 IgnoreScaling=0 NeedsUpscale=0 PostProcess=1 ClearScene=1 DeferClear=0 Gamma=2.2 Size=1846x919 View=1846x919
[0045.58] Log: StarterFinish: skipped final copy
[0045.95] Log: StarterLUTParams: BlendCount=1 Weight0=1 WeightReg=4/0 Gamma=2.2 PixelCenter=0.5 ColorScale=(1,1,1,1) Overlay=(0,0,0,0)
[0045.95] Log: StarterLUTTransform: Shadows=(0,0,0) Highlights=(1,1,1) Midtones=(1,1,1) Desat=0 Colorize=(1,1,1)
[0046.52] Log: StarterViewColor: FadeEnabled=0 FadeColor=(0,0,0,255) FadeAmount=0 ColorScaleEnabled=0 ColorScale=(1,1,1) Background=(0,0,0,1) Overlay=(0,0,0,0) ViewColorScale=(1,1,1,1)
[0046.58] Log: StarterLUTSurface: First=(255,0,0,0) Middle=(255,136,119,0) Last=(255,255,255,0) Bytes=16384
[0046.58] Log: StarterFinish: LDR=1 Resolve=1 ScreenCapture=0 IgnoreScaling=0 NeedsUpscale=0 PostProcess=1 ClearScene=1 DeferClear=0 Gamma=2.2 Size=1846x919 View=1846x919
[0046.58] Log: StarterFinish: skipped final copy
[0046.95] Log: StarterLUTParams: BlendCount=1 Weight0=1 WeightReg=4/0 Gamma=2.2 PixelCenter=0.5 ColorScale=(1,1,1,1) Overlay=(0,0,0,0)
[0046.95] Log: StarterLUTTransform: Shadows=(0,0,0) Highlights=(1,1,1) Midtones=(1,1,1) Desat=0 Colorize=(1,1,1)
[0047.52] Log: StarterViewColor: FadeEnabled=0 FadeColor=(0,0,0,255) FadeAmount=0 ColorScaleEnabled=0 ColorScale=(1,1,1) Background=(0,0,0,1) Overlay=(0,0,0,0) ViewColorScale=(1,1,1,1)
[0047.58] Log: StarterLUTSurface: First=(255,0,0,0) Middle=(255,136,119,0) Last=(255,255,255,0) Bytes=16384
[0047.58] Log: StarterFinish: LDR=1 Resolve=1 ScreenCapture=0 IgnoreScaling=0 NeedsUpscale=0 PostProcess=1 ClearScene=1 DeferClear=0 Gamma=2.2 Size=1846x919 View=1846x919
[0047.58] Log: StarterFinish: skipped final copy
[0047.95] Log: StarterLUTParams: BlendCount=1 Weight0=1 WeightReg=4/0 Gamma=2.2 PixelCenter=0.5 ColorScale=(1,1,1,1) Overlay=(0,0,0,0)
[0047.95] Log: StarterLUTTransform: Shadows=(0,0,0) Highlights=(1,1,1) Midtones=(1,1,1) Desat=0 Colorize=(1,1,1)
[0048.08] Cmd: SHOW POSTPROCESS
[0048.52] Log: StarterViewColor: FadeEnabled=0 FadeColor=(0,0,0,255) FadeAmount=0 ColorScaleEnabled=0 ColorScale=(1,1,1) Background=(0,0,0,1) Overlay=(0,0,0,0) ViewColorScale=(1,1,1,1)
[0048.59] Log: StarterLUTSurface: First=(255,0,0,0) Middle=(255,136,119,0) Last=(255,255,255,0) Bytes=16384
[0048.59] Log: StarterFinish: LDR=1 Resolve=1 ScreenCapture=0 IgnoreScaling=0 NeedsUpscale=0 PostProcess=1 ClearScene=1 DeferClear=0 Gamma=2.2 Size=1846x919 View=1846x919
[0048.59] Log: StarterFinish: skipped final copy
[0048.95] Log: StarterLUTParams: BlendCount=1 Weight0=1 WeightReg=4/0 Gamma=2.2 PixelCenter=0.5 ColorScale=(1,1,1,1) Overlay=(0,0,0,0)
[0048.95] Log: StarterLUTTransform: Shadows=(0,0,0) Highlights=(1,1,1) Midtones=(1,1,1) Desat=0 Colorize=(1,1,1)
[0049.52] Log: StarterViewColor: FadeEnabled=0 FadeColor=(0,0,0,255) FadeAmount=0 ColorScaleEnabled=0 ColorScale=(1,1,1) Background=(0,0,0,1) Overlay=(0,0,0,0) ViewColorScale=(1,1,1,1)
[0049.59] Log: StarterLUTSurface: First=(255,0,0,0) Middle=(255,136,119,0) Last=(255,255,255,0) Bytes=16384
[0049.59] Log: StarterFinish: LDR=1 Resolve=1 ScreenCapture=0 IgnoreScaling=0 NeedsUpscale=0 PostProcess=1 ClearScene=1 DeferClear=0 Gamma=2.2 Size=1846x919 View=1846x919
[0049.59] Log: StarterFinish: skipped final copy
[0049.95] Log: StarterLUTParams: BlendCount=1 Weight0=1 WeightReg=4/0 Gamma=2.2 PixelCenter=0.5 ColorScale=(1,1,1,1) Overlay=(0,0,0,0)
[0049.95] Log: StarterLUTTransform: Shadows=(0,0,0) Highlights=(1,1,1) Midtones=(1,1,1) Desat=0 Colorize=(1,1,1)
[0050.52] Log: StarterViewColor: FadeEnabled=0 FadeColor=(0,0,0,255) FadeAmount=0 ColorScaleEnabled=0 ColorScale=(1,1,1) Background=(0,0,0,1) Overlay=(0,0,0,0) ViewColorScale=(1,1,1,1)
[0050.59] Log: StarterLUTSurface: First=(255,0,0,0) Middle=(255,136,119,0) Last=(255,255,255,0) Bytes=16384
[0050.59] Log: StarterFinish: LDR=1 Resolve=1 ScreenCapture=0 IgnoreScaling=0 NeedsUpscale=0 PostProcess=1 ClearScene=1 DeferClear=0 Gamma=2.2 Size=1846x919 View=1846x919
[0050.59] Log: StarterFinish: skipped final copy
[0050.95] Log: StarterLUTParams: BlendCount=1 Weight0=1 WeightReg=4/0 Gamma=2.2 PixelCenter=0.5 ColorScale=(1,1,1,1) Overlay=(0,0,0,0)
[0050.95] Log: StarterLUTTransform: Shadows=(0,0,0) Highlights=(1,1,1) Midtones=(1,1,1) Desat=0 Colorize=(1,1,1)
[0051.48] Cmd: SHOW POSTPROCESS
[0051.53] Log: StarterViewColor: FadeEnabled=0 FadeColor=(0,0,0,255) FadeAmount=0 ColorScaleEnabled=0 ColorScale=(1,1,1) Background=(0,0,0,1) Overlay=(0,0,0,0) ViewColorScale=(1,1,1,1)
[0051.59] Log: StarterLUTSurface: First=(255,0,0,0) Middle=(255,136,119,0) Last=(255,255,255,0) Bytes=16384
[0051.59] Log: StarterFinish: LDR=1 Resolve=1 ScreenCapture=0 IgnoreScaling=0 NeedsUpscale=0 PostProcess=1 ClearScene=1 DeferClear=0 Gamma=2.2 Size=1846x919 View=1846x919
[0051.59] Log: StarterFinish: skipped final copy
[0051.96] Log: StarterLUTParams: BlendCount=1 Weight0=1 WeightReg=4/0 Gamma=2.2 PixelCenter=0.5 ColorScale=(1,1,1,1) Overlay=(0,0,0,0)
[0051.96] Log: StarterLUTTransform: Shadows=(0,0,0) Highlights=(1,1,1) Midtones=(1,1,1) Desat=0 Colorize=(1,1,1)
[0052.53] Log: StarterViewColor: FadeEnabled=0 FadeColor=(0,0,0,255) FadeAmount=0 ColorScaleEnabled=0 ColorScale=(1,1,1) Background=(0,0,0,1) Overlay=(0,0,0,0) ViewColorScale=(1,1,1,1)
[0052.59] Log: StarterLUTSurface: First=(255,0,0,0) Middle=(255,136,119,0) Last=(255,255,255,0) Bytes=16384
[0052.59] Log: StarterFinish: LDR=1 Resolve=1 ScreenCapture=0 IgnoreScaling=0 NeedsUpscale=0 PostProcess=1 ClearScene=1 DeferClear=0 Gamma=2.2 Size=1846x919 View=1846x919
[0052.59] Log: StarterFinish: skipped final copy
[0052.96] Log: StarterLUTParams: BlendCount=1 Weight0=1 WeightReg=4/0 Gamma=2.2 PixelCenter=0.5 ColorScale=(1,1,1,1) Overlay=(0,0,0,0)
[0052.96] Log: StarterLUTTransform: Shadows=(0,0,0) Highlights=(1,1,1) Midtones=(1,1,1) Desat=0 Colorize=(1,1,1)
[0053.53] Log: StarterViewColor: FadeEnabled=0 FadeColor=(0,0,0,255) FadeAmount=0 ColorScaleEnabled=0 ColorScale=(1,1,1) Background=(0,0,0,1) Overlay=(0,0,0,0) ViewColorScale=(1,1,1,1)
[0053.59] Log: StarterLUTSurface: First=(255,0,0,0) Middle=(255,136,119,0) Last=(255,255,255,0) Bytes=16384
[0053.59] Log: StarterFinish: LDR=1 Resolve=1 ScreenCapture=0 IgnoreScaling=0 NeedsUpscale=0 PostProcess=1 ClearScene=1 DeferClear=0 Gamma=2.2 Size=1846x919 View=1846x919
[0053.59] Log: StarterFinish: skipped final copy
[0053.61] Cmd: SHOW AMBIENTOCCLUSION
[0053.97] Log: StarterLUTParams: BlendCount=1 Weight0=1 WeightReg=4/0 Gamma=2.2 PixelCenter=0.5 ColorScale=(1,1,1,1) Overlay=(0,0,0,0)
[0053.97] Log: StarterLUTTransform: Shadows=(0,0,0) Highlights=(1,1,1) Midtones=(1,1,1) Desat=0 Colorize=(1,1,1)
[0054.53] Log: StarterViewColor: FadeEnabled=0 FadeColor=(0,0,0,255) FadeAmount=0 ColorScaleEnabled=0 ColorScale=(1,1,1) Background=(0,0,0,1) Overlay=(0,0,0,0) ViewColorScale=(1,1,1,1)
[0054.59] Log: StarterLUTSurface: First=(255,0,0,0) Middle=(255,136,119,0) Last=(255,255,255,0) Bytes=16384
[0054.59] Log: StarterFinish: LDR=1 Resolve=1 ScreenCapture=0 IgnoreScaling=0 NeedsUpscale=0 PostProcess=1 ClearScene=1 DeferClear=0 Gamma=2.2 Size=1846x919 View=1846x919
[0054.59] Log: StarterFinish: skipped final copy
[0054.98] Log: StarterLUTParams: BlendCount=1 Weight0=1 WeightReg=4/0 Gamma=2.2 PixelCenter=0.5 ColorScale=(1,1,1,1) Overlay=(0,0,0,0)
[0054.98] Log: StarterLUTTransform: Shadows=(0,0,0) Highlights=(1,1,1) Midtones=(1,1,1) Desat=0 Colorize=(1,1,1)
[0055.53] Log: StarterViewColor: FadeEnabled=0 FadeColor=(0,0,0,255) FadeAmount=0 ColorScaleEnabled=0 ColorScale=(1,1,1) Background=(0,0,0,1) Overlay=(0,0,0,0) ViewColorScale=(1,1,1,1)
[0055.59] Log: StarterLUTSurface: First=(255,0,0,0) Middle=(255,136,119,0) Last=(255,255,255,0) Bytes=16384
[0055.59] Log: StarterFinish: LDR=1 Resolve=1 ScreenCapture=0 IgnoreScaling=0 NeedsUpscale=0 PostProcess=1 ClearScene=1 DeferClear=0 Gamma=2.2 Size=1846x919 View=1846x919
[0055.59] Log: StarterFinish: skipped final copy
[0055.98] Log: StarterLUTParams: BlendCount=1 Weight0=1 WeightReg=4/0 Gamma=2.2 PixelCenter=0.5 ColorScale=(1,1,1,1) Overlay=(0,0,0,0)
[0055.98] Log: StarterLUTTransform: Shadows=(0,0,0) Highlights=(1,1,1) Midtones=(1,1,1) Desat=0 Colorize=(1,1,1)
[0056.53] Log: StarterViewColor: FadeEnabled=0 FadeColor=(0,0,0,255) FadeAmount=0 ColorScaleEnabled=0 ColorScale=(1,1,1) Background=(0,0,0,1) Overlay=(0,0,0,0) ViewColorScale=(1,1,1,1)
[0056.59] Log: StarterLUTSurface: First=(255,0,0,0) Middle=(255,136,119,0) Last=(255,255,255,0) Bytes=16384
[0056.59] Log: StarterFinish: LDR=1 Resolve=1 ScreenCapture=0 IgnoreScaling=0 NeedsUpscale=0 PostProcess=1 ClearScene=1 DeferClear=0 Gamma=2.2 Size=1846x919 View=1846x919
[0056.59] Log: StarterFinish: skipped final copy
[0056.98] Log: StarterLUTParams: BlendCount=1 Weight0=1 WeightReg=4/0 Gamma=2.2 PixelCenter=0.5 ColorScale=(1,1,1,1) Overlay=(0,0,0,0)
[0056.98] Log: StarterLUTTransform: Shadows=(0,0,0) Highlights=(1,1,1) Midtones=(1,1,1) Desat=0 Colorize=(1,1,1)
[0056.98] Cmd: VIS 4 SAT UV1
[0056.98] Log: VisualizeTexture 4
[0057.54] Log: StarterViewColor: FadeEnabled=0 FadeColor=(0,0,0,255) FadeAmount=0 ColorScaleEnabled=0 ColorScale=(1,1,1) Background=(0,0,0,1) Overlay=(0,0,0,0) ViewColorScale=(1,1,1,1)
[0057.60] Log: StarterLUTSurface: First=(255,0,0,0) Middle=(255,136,119,0) Last=(255,255,255,0) Bytes=16384
[0057.60] Log: StarterFinish: LDR=1 Resolve=1 ScreenCapture=0 IgnoreScaling=0 NeedsUpscale=0 PostProcess=1 ClearScene=1 DeferClear=0 Gamma=2.2 Size=1846x919 View=1846x919
[0057.60] Log: StarterFinish: skipped final copy
[0057.98] Log: StarterLUTParams: BlendCount=1 Weight0=1 WeightReg=4/0 Gamma=2.2 PixelCenter=0.5 ColorScale=(1,1,1,1) Overlay=(0,0,0,0)
[0057.98] Log: StarterLUTTransform: Shadows=(0,0,0) Highlights=(1,1,1) Midtones=(1,1,1) Desat=0 Colorize=(1,1,1)
[0058.55] Log: StarterViewColor: FadeEnabled=0 FadeColor=(0,0,0,255) FadeAmount=0 ColorScaleEnabled=0 ColorScale=(1,1,1) Background=(0,0,0,1) Overlay=(0,0,0,0) ViewColorScale=(1,1,1,1)
[0058.60] Log: StarterLUTSurface: First=(255,0,0,0) Middle=(255,136,119,0) Last=(255,255,255,0) Bytes=16384
[0058.60] Log: StarterFinish: LDR=1 Resolve=1 ScreenCapture=0 IgnoreScaling=0 NeedsUpscale=0 PostProcess=1 ClearScene=1 DeferClear=0 Gamma=2.2 Size=1846x919 View=1846x919
[0058.60] Log: StarterFinish: skipped final copy
[0058.98] Log: StarterLUTParams: BlendCount=1 Weight0=1 WeightReg=4/0 Gamma=2.2 PixelCenter=0.5 ColorScale=(1,1,1,1) Overlay=(0,0,0,0)
[0058.98] Log: StarterLUTTransform: Shadows=(0,0,0) Highlights=(1,1,1) Midtones=(1,1,1) Desat=0 Colorize=(1,1,1)
[0059.56] Log: StarterViewColor: FadeEnabled=0 FadeColor=(0,0,0,255) FadeAmount=0 ColorScaleEnabled=0 ColorScale=(1,1,1) Background=(0,0,0,1) Overlay=(0,0,0,0) ViewColorScale=(1,1,1,1)
[0059.60] Log: StarterLUTSurface: First=(255,0,0,0) Middle=(255,136,119,0) Last=(255,255,255,0) Bytes=16384
[0059.60] Log: StarterFinish: LDR=1 Resolve=1 ScreenCapture=0 IgnoreScaling=0 NeedsUpscale=0 PostProcess=1 ClearScene=1 DeferClear=0 Gamma=2.2 Size=1846x919 View=1846x919
[0059.60] Log: StarterFinish: skipped final copy
[0059.98] Log: StarterLUTParams: BlendCount=1 Weight0=1 WeightReg=4/0 Gamma=2.2 PixelCenter=0.5 ColorScale=(1,1,1,1) Overlay=(0,0,0,0)
[0059.98] Log: StarterLUTTransform: Shadows=(0,0,0) Highlights=(1,1,1) Midtones=(1,1,1) Desat=0 Colorize=(1,1,1)
[0060.35] Cmd: VIS 30 SAT UV1
[0060.35] Log: VisualizeTexture 30
[0060.56] Log: StarterViewColor: FadeEnabled=0 FadeColor=(0,0,0,255) FadeAmount=0 ColorScaleEnabled=0 ColorScale=(1,1,1) Background=(0,0,0,1) Overlay=(0,0,0,0) ViewColorScale=(1,1,1,1)
[0060.61] Log: StarterLUTSurface: First=(255,0,0,0) Middle=(255,136,119,0) Last=(255,255,255,0) Bytes=16384
[0060.61] Log: StarterFinish: LDR=1 Resolve=1 ScreenCapture=0 IgnoreScaling=0 NeedsUpscale=0 PostProcess=1 ClearScene=1 DeferClear=0 Gamma=2.2 Size=1846x919 View=1846x919
[0060.61] Log: StarterFinish: skipped final copy
[0060.99] Log: StarterLUTParams: BlendCount=1 Weight0=1 WeightReg=4/0 Gamma=2.2 PixelCenter=0.5 ColorScale=(1,1,1,1) Overlay=(0,0,0,0)
[0060.99] Log: StarterLUTTransform: Shadows=(0,0,0) Highlights=(1,1,1) Midtones=(1,1,1) Desat=0 Colorize=(1,1,1)
[0061.56] Log: StarterViewColor: FadeEnabled=0 FadeColor=(0,0,0,255) FadeAmount=0 ColorScaleEnabled=0 ColorScale=(1,1,1) Background=(0,0,0,1) Overlay=(0,0,0,0) ViewColorScale=(1,1,1,1)
[0061.61] Log: StarterLUTSurface: First=(255,0,0,0) Middle=(255,136,119,0) Last=(255,255,255,0) Bytes=16384
[0061.62] Log: StarterFinish: LDR=1 Resolve=1 ScreenCapture=0 IgnoreScaling=0 NeedsUpscale=0 PostProcess=1 ClearScene=1 DeferClear=0 Gamma=2.2 Size=1846x919 View=1846x919
[0061.62] Log: StarterFinish: skipped final copy
[0061.99] Log: StarterLUTParams: BlendCount=1 Weight0=1 WeightReg=4/0 Gamma=2.2 PixelCenter=0.5 ColorScale=(1,1,1,1) Overlay=(0,0,0,0)
[0061.99] Log: StarterLUTTransform: Shadows=(0,0,0) Highlights=(1,1,1) Midtones=(1,1,1) Desat=0 Colorize=(1,1,1)
[0062.56] Log: StarterViewColor: FadeEnabled=0 FadeColor=(0,0,0,255) FadeAmount=0 ColorScaleEnabled=0 ColorScale=(1,1,1) Background=(0,0,0,1) Overlay=(0,0,0,0) ViewColorScale=(1,1,1,1)
[0062.62] Log: StarterLUTSurface: First=(255,0,0,0) Middle=(255,136,119,0) Last=(255,255,255,0) Bytes=16384
[0062.62] Log: StarterFinish: LDR=1 Resolve=1 ScreenCapture=0 IgnoreScaling=0 NeedsUpscale=0 PostProcess=1 ClearScene=1 DeferClear=0 Gamma=2.2 Size=1846x919 View=1846x919
[0062.62] Log: StarterFinish: skipped final copy
[0062.99] Log: StarterLUTParams: BlendCount=1 Weight0=1 WeightReg=4/0 Gamma=2.2 PixelCenter=0.5 ColorScale=(1,1,1,1) Overlay=(0,0,0,0)
[0062.99] Log: StarterLUTTransform: Shadows=(0,0,0) Highlights=(1,1,1) Midtones=(1,1,1) Desat=0 Colorize=(1,1,1)
[0063.56] Log: StarterViewColor: FadeEnabled=0 FadeColor=(0,0,0,255) FadeAmount=0 ColorScaleEnabled=0 ColorScale=(1,1,1) Background=(0,0,0,1) Overlay=(0,0,0,0) ViewColorScale=(1,1,1,1)
[0063.62] Log: StarterLUTSurface: First=(255,0,0,0) Middle=(255,136,119,0) Last=(255,255,255,0) Bytes=16384
[0063.62] Log: StarterFinish: LDR=1 Resolve=1 ScreenCapture=0 IgnoreScaling=0 NeedsUpscale=0 PostProcess=1 ClearScene=1 DeferClear=0 Gamma=2.2 Size=1846x919 View=1846x919
[0063.62] Log: StarterFinish: skipped final copy
[0063.75] Cmd: VIS 0
[0063.75] Log: VisualizeTexture 0
[0064.00] Log: StarterLUTParams: BlendCount=1 Weight0=1 WeightReg=4/0 Gamma=2.2 PixelCenter=0.5 ColorScale=(1,1,1,1) Overlay=(0,0,0,0)
[0064.00] Log: StarterLUTTransform: Shadows=(0,0,0) Highlights=(1,1,1) Midtones=(1,1,1) Desat=0 Colorize=(1,1,1)
[0064.57] Log: StarterViewColor: FadeEnabled=0 FadeColor=(0,0,0,255) FadeAmount=0 ColorScaleEnabled=0 ColorScale=(1,1,1) Background=(0,0,0,1) Overlay=(0,0,0,0) ViewColorScale=(1,1,1,1)
[0064.62] Log: StarterLUTSurface: First=(255,0,0,0) Middle=(255,136,119,0) Last=(255,255,255,0) Bytes=16384
[0064.62] Log: StarterFinish: LDR=1 Resolve=1 ScreenCapture=0 IgnoreScaling=0 NeedsUpscale=0 PostProcess=1 ClearScene=1 DeferClear=0 Gamma=2.2 Size=1846x919 View=1846x919
[0064.62] Log: StarterFinish: skipped final copy
[0065.49] Exit: Preparing to exit.
[0065.62] Exit: Editor shut down
[0065.62] Exit: Transaction tracking system shut down
[0065.76] Exit: Windows client shut down
[0065.76] Exit: XAudio2 Device shut down.
[0065.80] Exit: Object subsystem successfully closed.
[0065.83] Exit: Exiting.
[0065.83] Log: Log file closed, 09/01/26 23:56:58
