Log: Log file open, 09/01/26 23:57:52
Init: WinSock: version 1.1 (2.2), MaxSocks=32767, MaxUdp=65467
DevConfig: GConfig::Find has loaded file:  ..\..\Engine\Config\ConsoleVariables.ini
Init: Version: 10897
Init: Epic Internal: 0
Init: Compiled (64-bit): Sep  1 2026 06:53:10
Init: Changelist: 1532151
Init: Command line: editor   -nopause -forcelogflush -nosplash -windowed -ResX=1100 -ResY=760 -log=BlankViewModeProbe-20260901-235751-424.log  
Init: Base directory: D:\UnrealEngine3-SC\Binaries\Win64\
[0000.53] Init: Computer: CHEATS
[0000.53] Init: User: vande
[0000.53] Init: CPU Page size=4096, Processors=8
[0000.53] Init: High frequency timer resolution =10.000000 MHz
[0000.53] Init: Memory total: Physical=7.8GB (7GB approx) Pagefile=19.4GB Virtual=131072.0GB
[0000.57] Init: WinSock: I am CHEATS (192.168.56.1:0)
[0000.57] Init: Presizing for 0 objects not considered by GC, pre-allocating 0 bytes.
[0000.57] Init: Object subsystem initialized
[0000.58] Log: SystemSettings based on: SystemSettings
[0000.74] Log: Shader platform (RHI): PC-D3D-SM3
[0002.34] Log: 52516 objects as part of root set at end of initial load.
[0002.34] Log: 0 out of 0 bytes used by permanent object pool.
[0002.38] Log: Supported Consoles:
[0002.38] Log:   PC
[0002.38] Log: Initializing Engine...
[0002.59] Log: Encountered missing default brush - spawning new one
[0003.08] Log: Initializing Engine Completed
[0003.08] Log: >>>>>>>>>>>>>> Initial startup: 3.08s <<<<<<<<<<<<<<<
[0003.19] Cmd: MODE MAPEXT=udk
[0003.19] SourceControl: Stub source control provider is enabled.  Please enable a specific implementation such as WITH_PERFORCE
[0003.19] SourceControl:   For perforce, see SetUpSourceControlEnvironment in UE3BuildExternal.cs for requirements
[0006.43] Cmd: MAP LOAD FILE="..\..\Engine\Content\Maps\Templates\Template_MidDay.umap" TEMPLATE=0
[0006.81] Log: Encountered missing default brush - spawning new one
[0007.58] Log: -- Checking Building LODs
[0007.59] Log: Finished looking for orphan Actors (0.002 secs)
[0007.65] Cmd: MAP CHECKDEP DONTCLEARMESSAGES DONTDOSLOWREFCHECK
[0007.66] Log: TIMER ALL OF INIT : [6.579755]
[0007.77] Log: StarterViewColor: FadeEnabled=0 FadeColor=(0,0,0,255) FadeAmount=0 ColorScaleEnabled=0 ColorScale=(1,1,1) Background=(0,0,0,1) Overlay=(0,0,0,0) ViewColorScale=(1,1,1,1)
[0008.10] Log: StarterLUTParams: BlendCount=2 Weight0=0 WeightReg=128/32 Gamma=2.2 PixelCenter=0.5 ColorScale=(1,1,1,1) Overlay=(0,0,0,0)
[0008.10] Log: StarterLUTTransform: Shadows=(0,0,0) Highlights=(1,1,1) Midtones=(1,1,1) Desat=0 Colorize=(1,1,1)
[0008.10] Log: StarterLUTSurface: First=(0,0,0,178) Middle=(17,127,127,0) Last=(255,255,255,0) Bytes=16384
[0008.10] Log: StarterFinish: LDR=1 Resolve=1 ScreenCapture=0 IgnoreScaling=0 NeedsUpscale=0 PostProcess=1 ClearScene=1 DeferClear=0 Gamma=2.2 Size=1846x919 View=1846x919
[0008.10] Log: StarterFinish: skipped final copy
[0008.10] Log: Encountered missing default brush - spawning new one
[0008.18] Log: Encountered missing default brush - spawning new one
[0008.35] Log: StarterLUTParams: BlendCount=1 Weight0=1 WeightReg=224/16 Gamma=2.2 PixelCenter=0.5 ColorScale=(1,1,1,1) Overlay=(0,0,0,0)
[0008.36] Log: StarterLUTTransform: Shadows=(0,0,0) Highlights=(1,1,1) Midtones=(1,1,1) Desat=0 Colorize=(1,1,1)
[0008.77] Log: StarterViewColor: FadeEnabled=0 FadeColor=(0,0,0,255) FadeAmount=0 ColorScaleEnabled=0 ColorScale=(1,1,1) Background=(0,0,0,1) Overlay=(0,0,0,0) ViewColorScale=(1,1,1,1)
[0008.84] Log: StarterLUTSurface: First=(0,0,0,0) Middle=(0,136,136,0) Last=(255,255,255,0) Bytes=16384
[0008.86] Log: StarterFinish: LDR=1 Resolve=1 ScreenCapture=0 IgnoreScaling=0 NeedsUpscale=0 PostProcess=1 ClearScene=1 DeferClear=0 Gamma=2.2 Size=1846x919 View=1846x919
[0008.86] Log: StarterFinish: skipped final copy
[0009.26] Log: StarterLUTParams: BlendCount=1 Weight0=1 WeightReg=224/16 Gamma=2.2 PixelCenter=0.5 ColorScale=(1,1,1,1) Overlay=(0,0,0,0)
[0009.26] Log: StarterLUTTransform: Shadows=(0,0,0) Highlights=(1,1,1) Midtones=(1,1,1) Desat=0 Colorize=(1,1,1)
[0009.77] Log: StarterViewColor: FadeEnabled=0 FadeColor=(0,0,0,255) FadeAmount=0 ColorScaleEnabled=0 ColorScale=(1,1,1) Background=(0,0,0,1) Overlay=(0,0,0,0) ViewColorScale=(1,1,1,1)
[0009.84] Log: StarterLUTSurface: First=(0,0,0,0) Middle=(0,136,136,0) Last=(255,255,255,0) Bytes=16384
[0009.86] Log: StarterFinish: LDR=1 Resolve=1 ScreenCapture=0 IgnoreScaling=0 NeedsUpscale=0 PostProcess=1 ClearScene=1 DeferClear=0 Gamma=2.2 Size=1846x919 View=1846x919
[0009.86] Log: StarterFinish: skipped final copy
[0010.27] Log: StarterLUTParams: BlendCount=1 Weight0=1 WeightReg=224/16 Gamma=2.2 PixelCenter=0.5 ColorScale=(1,1,1,1) Overlay=(0,0,0,0)
[0010.27] Log: StarterLUTTransform: Shadows=(0,0,0) Highlights=(1,1,1) Midtones=(1,1,1) Desat=0 Colorize=(1,1,1)
[0010.77] Log: StarterViewColor: FadeEnabled=0 FadeColor=(0,0,0,255) FadeAmount=0 ColorScaleEnabled=0 ColorScale=(1,1,1) Background=(0,0,0,1) Overlay=(0,0,0,0) ViewColorScale=(1,1,1,1)
[0010.85] Log: StarterLUTSurface: First=(0,0,0,0) Middle=(0,136,136,0) Last=(255,255,255,0) Bytes=16384
[0010.87] Log: StarterFinish: LDR=1 Resolve=1 ScreenCapture=0 IgnoreScaling=0 NeedsUpscale=0 PostProcess=1 ClearScene=1 DeferClear=0 Gamma=2.2 Size=1846x919 View=1846x919
[0010.87] Log: StarterFinish: skipped final copy
[0011.27] Log: StarterLUTParams: BlendCount=1 Weight0=1 WeightReg=224/16 Gamma=2.2 PixelCenter=0.5 ColorScale=(1,1,1,1) Overlay=(0,0,0,0)
[0011.27] Log: StarterLUTTransform: Shadows=(0,0,0) Highlights=(1,1,1) Midtones=(1,1,1) Desat=0 Colorize=(1,1,1)
[0011.77] Log: StarterViewColor: FadeEnabled=0 FadeColor=(0,0,0,255) FadeAmount=0 ColorScaleEnabled=0 ColorScale=(1,1,1) Background=(0,0,0,1) Overlay=(0,0,0,0) ViewColorScale=(1,1,1,1)
[0011.86] Log: StarterLUTSurface: First=(0,0,0,0) Middle=(0,136,136,0) Last=(255,255,255,0) Bytes=16384
[0011.88] Log: StarterFinish: LDR=1 Resolve=1 ScreenCapture=0 IgnoreScaling=0 NeedsUpscale=0 PostProcess=1 ClearScene=1 DeferClear=0 Gamma=2.2 Size=1846x919 View=1846x919
[0011.88] Log: StarterFinish: skipped final copy
[0012.27] Log: StarterLUTParams: BlendCount=1 Weight0=1 WeightReg=224/16 Gamma=2.2 PixelCenter=0.5 ColorScale=(1,1,1,1) Overlay=(0,0,0,0)
[0012.27] Log: StarterLUTTransform: Shadows=(0,0,0) Highlights=(1,1,1) Midtones=(1,1,1) Desat=0 Colorize=(1,1,1)
[0012.78] Log: StarterViewColor: FadeEnabled=0 FadeColor=(0,0,0,255) FadeAmount=0 ColorScaleEnabled=0 ColorScale=(1,1,1) Background=(0,0,0,1) Overlay=(0,0,0,0) ViewColorScale=(1,1,1,1)
[0012.86] Log: StarterLUTSurface: First=(0,0,0,0) Middle=(0,136,136,0) Last=(255,255,255,0) Bytes=16384
[0012.88] Log: StarterFinish: LDR=1 Resolve=1 ScreenCapture=0 IgnoreScaling=0 NeedsUpscale=0 PostProcess=1 ClearScene=1 DeferClear=0 Gamma=2.2 Size=1846x919 View=1846x919
[0012.88] Log: StarterFinish: skipped final copy
[0013.27] Log: StarterLUTParams: BlendCount=1 Weight0=1 WeightReg=224/16 Gamma=2.2 PixelCenter=0.5 ColorScale=(1,1,1,1) Overlay=(0,0,0,0)
[0013.27] Log: StarterLUTTransform: Shadows=(0,0,0) Highlights=(1,1,1) Midtones=(1,1,1) Desat=0 Colorize=(1,1,1)
[0013.78] Log: StarterViewColor: FadeEnabled=0 FadeColor=(0,0,0,255) FadeAmount=0 ColorScaleEnabled=0 ColorScale=(1,1,1) Background=(0,0,0,1) Overlay=(0,0,0,0) ViewColorScale=(1,1,1,1)
[0013.86] Log: StarterLUTSurface: First=(0,0,0,0) Middle=(0,136,136,0) Last=(255,255,255,0) Bytes=16384
[0013.88] Log: StarterFinish: LDR=1 Resolve=1 ScreenCapture=0 IgnoreScaling=0 NeedsUpscale=0 PostProcess=1 ClearScene=1 DeferClear=0 Gamma=2.2 Size=1846x919 View=1846x919
[0013.88] Log: StarterFinish: skipped final copy
[0014.27] Log: StarterLUTParams: BlendCount=1 Weight0=1 WeightReg=224/16 Gamma=2.2 PixelCenter=0.5 ColorScale=(1,1,1,1) Overlay=(0,0,0,0)
[0014.27] Log: StarterLUTTransform: Shadows=(0,0,0) Highlights=(1,1,1) Midtones=(1,1,1) Desat=0 Colorize=(1,1,1)
[0014.78] Log: StarterViewColor: FadeEnabled=0 FadeColor=(0,0,0,255) FadeAmount=0 ColorScaleEnabled=0 ColorScale=(1,1,1) Background=(0,0,0,1) Overlay=(0,0,0,0) ViewColorScale=(1,1,1,1)
[0014.86] Log: StarterLUTSurface: First=(0,0,0,0) Middle=(0,136,136,0) Last=(255,255,255,0) Bytes=16384
[0014.89] Log: StarterFinish: LDR=1 Resolve=1 ScreenCapture=0 IgnoreScaling=0 NeedsUpscale=0 PostProcess=1 ClearScene=1 DeferClear=0 Gamma=2.2 Size=1846x919 View=1846x919
[0014.89] Log: StarterFinish: skipped final copy
[0015.27] Log: StarterLUTParams: BlendCount=1 Weight0=1 WeightReg=224/16 Gamma=2.2 PixelCenter=0.5 ColorScale=(1,1,1,1) Overlay=(0,0,0,0)
[0015.27] Log: StarterLUTTransform: Shadows=(0,0,0) Highlights=(1,1,1) Midtones=(1,1,1) Desat=0 Colorize=(1,1,1)
[0015.78] Log: StarterViewColor: FadeEnabled=0 FadeColor=(0,0,0,255) FadeAmount=0 ColorScaleEnabled=0 ColorScale=(1,1,1) Background=(0,0,0,1) Overlay=(0,0,0,0) ViewColorScale=(1,1,1,1)
[0015.87] Log: StarterLUTSurface: First=(0,0,0,0) Middle=(0,136,136,0) Last=(255,255,255,0) Bytes=16384
[0015.89] Log: StarterFinish: LDR=1 Resolve=1 ScreenCapture=0 IgnoreScaling=0 NeedsUpscale=0 PostProcess=1 ClearScene=1 DeferClear=0 Gamma=2.2 Size=1846x919 View=1846x919
[0015.89] Log: StarterFinish: skipped final copy
[0016.27] Log: StarterLUTParams: BlendCount=1 Weight0=1 WeightReg=224/16 Gamma=2.2 PixelCenter=0.5 ColorScale=(1,1,1,1) Overlay=(0,0,0,0)
[0016.28] Log: StarterLUTTransform: Shadows=(0,0,0) Highlights=(1,1,1) Midtones=(1,1,1) Desat=0 Colorize=(1,1,1)
[0016.30] Cmd: SHOW POSTPROCESS
[0016.79] Log: StarterViewColor: FadeEnabled=0 FadeColor=(0,0,0,255) FadeAmount=0 ColorScaleEnabled=0 ColorScale=(1,1,1) Background=(0,0,0,1) Overlay=(0,0,0,0) ViewColorScale=(1,1,1,1)
[0016.87] Log: StarterLUTSurface: First=(0,0,0,0) Middle=(0,136,136,0) Last=(255,255,255,0) Bytes=16384
[0016.90] Log: StarterFinish: LDR=1 Resolve=1 ScreenCapture=0 IgnoreScaling=0 NeedsUpscale=0 PostProcess=1 ClearScene=1 DeferClear=0 Gamma=2.2 Size=1846x919 View=1846x919
[0016.90] Log: StarterFinish: skipped final copy
[0017.28] Log: StarterLUTParams: BlendCount=1 Weight0=1 WeightReg=224/16 Gamma=2.2 PixelCenter=0.5 ColorScale=(1,1,1,1) Overlay=(0,0,0,0)
[0017.28] Log: StarterLUTTransform: Shadows=(0,0,0) Highlights=(1,1,1) Midtones=(1,1,1) Desat=0 Colorize=(1,1,1)
[0017.79] Log: StarterViewColor: FadeEnabled=0 FadeColor=(0,0,0,255) FadeAmount=0 ColorScaleEnabled=0 ColorScale=(1,1,1) Background=(0,0,0,1) Overlay=(0,0,0,0) ViewColorScale=(1,1,1,1)
[0017.87] Log: StarterLUTSurface: First=(0,0,0,0) Middle=(0,136,136,0) Last=(255,255,255,0) Bytes=16384
[0017.91] Log: StarterFinish: LDR=1 Resolve=1 ScreenCapture=0 IgnoreScaling=0 NeedsUpscale=0 PostProcess=1 ClearScene=1 DeferClear=0 Gamma=2.2 Size=1846x919 View=1846x919
[0017.91] Log: StarterFinish: skipped final copy
[0018.28] Log: StarterLUTParams: BlendCount=1 Weight0=1 WeightReg=224/16 Gamma=2.2 PixelCenter=0.5 ColorScale=(1,1,1,1) Overlay=(0,0,0,0)
[0018.28] Log: StarterLUTTransform: Shadows=(0,0,0) Highlights=(1,1,1) Midtones=(1,1,1) Desat=0 Colorize=(1,1,1)
[0018.79] Log: StarterViewColor: FadeEnabled=0 FadeColor=(0,0,0,255) FadeAmount=0 ColorScaleEnabled=0 ColorScale=(1,1,1) Background=(0,0,0,1) Overlay=(0,0,0,0) ViewColorScale=(1,1,1,1)
[0018.88] Log: StarterLUTSurface: First=(0,0,0,0) Middle=(0,136,136,0) Last=(255,255,255,0) Bytes=16384
[0018.91] Log: StarterFinish: LDR=1 Resolve=1 ScreenCapture=0 IgnoreScaling=0 NeedsUpscale=0 PostProcess=1 ClearScene=1 DeferClear=0 Gamma=2.2 Size=1846x919 View=1846x919
[0018.91] Log: StarterFinish: skipped final copy
[0019.28] Log: StarterLUTParams: BlendCount=1 Weight0=1 WeightReg=224/16 Gamma=2.2 PixelCenter=0.5 ColorScale=(1,1,1,1) Overlay=(0,0,0,0)
[0019.28] Log: StarterLUTTransform: Shadows=(0,0,0) Highlights=(1,1,1) Midtones=(1,1,1) Desat=0 Colorize=(1,1,1)
[0019.74] Cmd: SHOW POSTPROCESS
[0019.80] Log: StarterViewColor: FadeEnabled=0 FadeColor=(0,0,0,255) FadeAmount=0 ColorScaleEnabled=0 ColorScale=(1,1,1) Background=(0,0,0,1) Overlay=(0,0,0,0) ViewColorScale=(1,1,1,1)
[0019.89] Log: StarterLUTSurface: First=(0,0,0,0) Middle=(0,136,136,0) Last=(255,255,255,0) Bytes=16384
[0019.91] Log: StarterFinish: LDR=1 Resolve=1 ScreenCapture=0 IgnoreScaling=0 NeedsUpscale=0 PostProcess=1 ClearScene=1 DeferClear=0 Gamma=2.2 Size=1846x919 View=1846x919
[0019.91] Log: StarterFinish: skipped final copy
[0020.29] Log: StarterLUTParams: BlendCount=1 Weight0=1 WeightReg=224/16 Gamma=2.2 PixelCenter=0.5 ColorScale=(1,1,1,1) Overlay=(0,0,0,0)
[0020.29] Log: StarterLUTTransform: Shadows=(0,0,0) Highlights=(1,1,1) Midtones=(1,1,1) Desat=0 Colorize=(1,1,1)
[0020.80] Log: StarterViewColor: FadeEnabled=0 FadeColor=(0,0,0,255) FadeAmount=0 ColorScaleEnabled=0 ColorScale=(1,1,1) Background=(0,0,0,1) Overlay=(0,0,0,0) ViewColorScale=(1,1,1,1)
[0020.90] Log: StarterLUTSurface: First=(0,0,0,0) Middle=(0,136,136,0) Last=(255,255,255,0) Bytes=16384
[0020.91] Log: StarterFinish: LDR=1 Resolve=1 ScreenCapture=0 IgnoreScaling=0 NeedsUpscale=0 PostProcess=1 ClearScene=1 DeferClear=0 Gamma=2.2 Size=1846x919 View=1846x919
[0020.91] Log: StarterFinish: skipped final copy
[0021.29] Log: StarterLUTParams: BlendCount=1 Weight0=1 WeightReg=224/16 Gamma=2.2 PixelCenter=0.5 ColorScale=(1,1,1,1) Overlay=(0,0,0,0)
[0021.29] Log: StarterLUTTransform: Shadows=(0,0,0) Highlights=(1,1,1) Midtones=(1,1,1) Desat=0 Colorize=(1,1,1)
[0021.81] Log: StarterViewColor: FadeEnabled=0 FadeColor=(0,0,0,255) FadeAmount=0 ColorScaleEnabled=0 ColorScale=(1,1,1) Background=(0,0,0,1) Overlay=(0,0,0,0) ViewColorScale=(1,1,1,1)
[0021.88] Cmd: SHOW AMBIENTOCCLUSION
[0021.91] Log: StarterLUTSurface: First=(0,0,0,0) Middle=(0,136,136,0) Last=(255,255,255,0) Bytes=16384
[0021.92] Log: StarterFinish: LDR=1 Resolve=1 ScreenCapture=0 IgnoreScaling=0 NeedsUpscale=0 PostProcess=1 ClearScene=1 DeferClear=0 Gamma=2.2 Size=1846x919 View=1846x919
[0021.92] Log: StarterFinish: skipped final copy
[0022.29] Log: StarterLUTParams: BlendCount=1 Weight0=1 WeightReg=224/16 Gamma=2.2 PixelCenter=0.5 ColorScale=(1,1,1,1) Overlay=(0,0,0,0)
[0022.29] Log: StarterLUTTransform: Shadows=(0,0,0) Highlights=(1,1,1) Midtones=(1,1,1) Desat=0 Colorize=(1,1,1)
[0022.81] Log: StarterViewColor: FadeEnabled=0 FadeColor=(0,0,0,255) FadeAmount=0 ColorScaleEnabled=0 ColorScale=(1,1,1) Background=(0,0,0,1) Overlay=(0,0,0,0) ViewColorScale=(1,1,1,1)
[0022.91] Log: StarterLUTSurface: First=(0,0,0,0) Middle=(0,136,136,0) Last=(255,255,255,0) Bytes=16384
[0022.93] Log: StarterFinish: LDR=1 Resolve=1 ScreenCapture=0 IgnoreScaling=0 NeedsUpscale=0 PostProcess=1 ClearScene=1 DeferClear=0 Gamma=2.2 Size=1846x919 View=1846x919
[0022.93] Log: StarterFinish: skipped final copy
[0023.29] Log: StarterLUTParams: BlendCount=1 Weight0=1 WeightReg=224/16 Gamma=2.2 PixelCenter=0.5 ColorScale=(1,1,1,1) Overlay=(0,0,0,0)
[0023.29] Log: StarterLUTTransform: Shadows=(0,0,0) Highlights=(1,1,1) Midtones=(1,1,1) Desat=0 Colorize=(1,1,1)
[0023.81] Log: StarterViewColor: FadeEnabled=0 FadeColor=(0,0,0,255) FadeAmount=0 ColorScaleEnabled=0 ColorScale=(1,1,1) Background=(0,0,0,1) Overlay=(0,0,0,0) ViewColorScale=(1,1,1,1)
[0023.91] Log: StarterLUTSurface: First=(0,0,0,0) Middle=(0,136,136,0) Last=(255,255,255,0) Bytes=16384
[0023.93] Log: StarterFinish: LDR=1 Resolve=1 ScreenCapture=0 IgnoreScaling=0 NeedsUpscale=0 PostProcess=1 ClearScene=1 DeferClear=0 Gamma=2.2 Size=1846x919 View=1846x919
[0023.93] Log: StarterFinish: skipped final copy
[0024.29] Log: StarterLUTParams: BlendCount=1 Weight0=1 WeightReg=224/16 Gamma=2.2 PixelCenter=0.5 ColorScale=(1,1,1,1) Overlay=(0,0,0,0)
[0024.29] Log: StarterLUTTransform: Shadows=(0,0,0) Highlights=(1,1,1) Midtones=(1,1,1) Desat=0 Colorize=(1,1,1)
[0024.81] Log: StarterViewColor: FadeEnabled=0 FadeColor=(0,0,0,255) FadeAmount=0 ColorScaleEnabled=0 ColorScale=(1,1,1) Background=(0,0,0,1) Overlay=(0,0,0,0) ViewColorScale=(1,1,1,1)
[0024.91] Log: StarterLUTSurface: First=(0,0,0,0) Middle=(0,136,136,0) Last=(255,255,255,0) Bytes=16384
[0024.93] Log: StarterFinish: LDR=1 Resolve=1 ScreenCapture=0 IgnoreScaling=0 NeedsUpscale=0 PostProcess=1 ClearScene=1 DeferClear=0 Gamma=2.2 Size=1846x919 View=1846x919
[0024.93] Log: StarterFinish: skipped final copy
[0025.23] Cmd: VIS 4 SAT UV1
[0025.23] Log: VisualizeTexture 4
[0025.30] Log: StarterLUTParams: BlendCount=1 Weight0=1 WeightReg=224/16 Gamma=2.2 PixelCenter=0.5 ColorScale=(1,1,1,1) Overlay=(0,0,0,0)
[0025.30] Log: StarterLUTTransform: Shadows=(0,0,0) Highlights=(1,1,1) Midtones=(1,1,1) Desat=0 Colorize=(1,1,1)
[0025.82] Log: StarterViewColor: FadeEnabled=0 FadeColor=(0,0,0,255) FadeAmount=0 ColorScaleEnabled=0 ColorScale=(1,1,1) Background=(0,0,0,1) Overlay=(0,0,0,0) ViewColorScale=(1,1,1,1)
[0025.92] Log: StarterLUTSurface: First=(0,0,0,0) Middle=(0,136,136,0) Last=(255,255,255,0) Bytes=16384
[0025.94] Log: StarterFinish: LDR=1 Resolve=1 ScreenCapture=0 IgnoreScaling=0 NeedsUpscale=0 PostProcess=1 ClearScene=1 DeferClear=0 Gamma=2.2 Size=1846x919 View=1846x919
[0025.94] Log: StarterFinish: skipped final copy
[0026.30] Log: StarterLUTParams: BlendCount=1 Weight0=1 WeightReg=224/16 Gamma=2.2 PixelCenter=0.5 ColorScale=(1,1,1,1) Overlay=(0,0,0,0)
[0026.30] Log: StarterLUTTransform: Shadows=(0,0,0) Highlights=(1,1,1) Midtones=(1,1,1) Desat=0 Colorize=(1,1,1)
[0026.82] Log: StarterViewColor: FadeEnabled=0 FadeColor=(0,0,0,255) FadeAmount=0 ColorScaleEnabled=0 ColorScale=(1,1,1) Background=(0,0,0,1) Overlay=(0,0,0,0) ViewColorScale=(1,1,1,1)
[0026.92] Log: StarterLUTSurface: First=(0,0,0,0) Middle=(0,136,136,0) Last=(255,255,255,0) Bytes=16384
[0026.94] Log: StarterFinish: LDR=1 Resolve=1 ScreenCapture=0 IgnoreScaling=0 NeedsUpscale=0 PostProcess=1 ClearScene=1 DeferClear=0 Gamma=2.2 Size=1846x919 View=1846x919
[0026.94] Log: StarterFinish: skipped final copy
[0027.30] Log: StarterLUTParams: BlendCount=1 Weight0=1 WeightReg=224/16 Gamma=2.2 PixelCenter=0.5 ColorScale=(1,1,1,1) Overlay=(0,0,0,0)
[0027.30] Log: StarterLUTTransform: Shadows=(0,0,0) Highlights=(1,1,1) Midtones=(1,1,1) Desat=0 Colorize=(1,1,1)
[0027.82] Log: StarterViewColor: FadeEnabled=0 FadeColor=(0,0,0,255) FadeAmount=0 ColorScaleEnabled=0 ColorScale=(1,1,1) Background=(0,0,0,1) Overlay=(0,0,0,0) ViewColorScale=(1,1,1,1)
[0027.93] Log: StarterLUTSurface: First=(0,0,0,0) Middle=(0,136,136,0) Last=(255,255,255,0) Bytes=16384
[0027.94] Log: StarterFinish: LDR=1 Resolve=1 ScreenCapture=0 IgnoreScaling=0 NeedsUpscale=0 PostProcess=1 ClearScene=1 DeferClear=0 Gamma=2.2 Size=1846x919 View=1846x919
[0027.94] Log: StarterFinish: skipped final copy
[0028.30] Log: StarterLUTParams: BlendCount=1 Weight0=1 WeightReg=224/16 Gamma=2.2 PixelCenter=0.5 ColorScale=(1,1,1,1) Overlay=(0,0,0,0)
[0028.30] Log: StarterLUTTransform: Shadows=(0,0,0) Highlights=(1,1,1) Midtones=(1,1,1) Desat=0 Colorize=(1,1,1)
[0028.58] Cmd: VIS 30 SAT UV1
[0028.58] Log: VisualizeTexture 30
[0028.82] Log: StarterViewColor: FadeEnabled=0 FadeColor=(0,0,0,255) FadeAmount=0 ColorScaleEnabled=0 ColorScale=(1,1,1) Background=(0,0,0,1) Overlay=(0,0,0,0) ViewColorScale=(1,1,1,1)
[0028.93] Log: StarterLUTSurface: First=(0,0,0,0) Middle=(0,136,136,0) Last=(255,255,255,0) Bytes=16384
[0028.94] Log: StarterFinish: LDR=1 Resolve=1 ScreenCapture=0 IgnoreScaling=0 NeedsUpscale=0 PostProcess=1 ClearScene=1 DeferClear=0 Gamma=2.2 Size=1846x919 View=1846x919
[0028.94] Log: StarterFinish: skipped final copy
[0029.30] Log: StarterLUTParams: BlendCount=1 Weight0=1 WeightReg=224/16 Gamma=2.2 PixelCenter=0.5 ColorScale=(1,1,1,1) Overlay=(0,0,0,0)
[0029.30] Log: StarterLUTTransform: Shadows=(0,0,0) Highlights=(1,1,1) Midtones=(1,1,1) Desat=0 Colorize=(1,1,1)
[0029.83] Log: StarterViewColor: FadeEnabled=0 FadeColor=(0,0,0,255) FadeAmount=0 ColorScaleEnabled=0 ColorScale=(1,1,1) Background=(0,0,0,1) Overlay=(0,0,0,0) ViewColorScale=(1,1,1,1)
[0029.93] Log: StarterLUTSurface: First=(0,0,0,0) Middle=(0,136,136,0) Last=(255,255,255,0) Bytes=16384
[0029.95] Log: StarterFinish: LDR=1 Resolve=1 ScreenCapture=0 IgnoreScaling=0 NeedsUpscale=0 PostProcess=1 ClearScene=1 DeferClear=0 Gamma=2.2 Size=1846x919 View=1846x919
[0029.95] Log: StarterFinish: skipped final copy
[0030.30] Log: StarterLUTParams: BlendCount=1 Weight0=1 WeightReg=224/16 Gamma=2.2 PixelCenter=0.5 ColorScale=(1,1,1,1) Overlay=(0,0,0,0)
[0030.30] Log: StarterLUTTransform: Shadows=(0,0,0) Highlights=(1,1,1) Midtones=(1,1,1) Desat=0 Colorize=(1,1,1)
[0030.83] Log: StarterViewColor: FadeEnabled=0 FadeColor=(0,0,0,255) FadeAmount=0 ColorScaleEnabled=0 ColorScale=(1,1,1) Background=(0,0,0,1) Overlay=(0,0,0,0) ViewColorScale=(1,1,1,1)
[0030.93] Log: StarterLUTSurface: First=(0,0,0,0) Middle=(0,136,136,0) Last=(255,255,255,0) Bytes=16384
[0030.95] Log: StarterFinish: LDR=1 Resolve=1 ScreenCapture=0 IgnoreScaling=0 NeedsUpscale=0 PostProcess=1 ClearScene=1 DeferClear=0 Gamma=2.2 Size=1846x919 View=1846x919
[0030.95] Log: StarterFinish: skipped final copy
[0031.30] Log: StarterLUTParams: BlendCount=1 Weight0=1 WeightReg=224/16 Gamma=2.2 PixelCenter=0.5 ColorScale=(1,1,1,1) Overlay=(0,0,0,0)
[0031.30] Log: StarterLUTTransform: Shadows=(0,0,0) Highlights=(1,1,1) Midtones=(1,1,1) Desat=0 Colorize=(1,1,1)
[0031.83] Log: StarterViewColor: FadeEnabled=0 FadeColor=(0,0,0,255) FadeAmount=0 ColorScaleEnabled=0 ColorScale=(1,1,1) Background=(0,0,0,1) Overlay=(0,0,0,0) ViewColorScale=(1,1,1,1)
[0031.94] Log: StarterLUTSurface: First=(0,0,0,0) Middle=(0,136,136,0) Last=(255,255,255,0) Bytes=16384
[0031.95] Cmd: VIS 0
[0031.95] Log: VisualizeTexture 0
[0031.97] Log: StarterFinish: LDR=1 Resolve=1 ScreenCapture=0 IgnoreScaling=0 NeedsUpscale=0 PostProcess=1 ClearScene=1 DeferClear=0 Gamma=2.2 Size=1846x919 View=1846x919
[0031.97] Log: StarterFinish: skipped final copy
[0032.31] Log: StarterLUTParams: BlendCount=1 Weight0=1 WeightReg=224/16 Gamma=2.2 PixelCenter=0.5 ColorScale=(1,1,1,1) Overlay=(0,0,0,0)
[0032.31] Log: StarterLUTTransform: Shadows=(0,0,0) Highlights=(1,1,1) Midtones=(1,1,1) Desat=0 Colorize=(1,1,1)
[0032.84] Log: StarterViewColor: FadeEnabled=0 FadeColor=(0,0,0,255) FadeAmount=0 ColorScaleEnabled=0 ColorScale=(1,1,1) Background=(0,0,0,1) Overlay=(0,0,0,0) ViewColorScale=(1,1,1,1)
[0032.94] Log: StarterLUTSurface: First=(0,0,0,0) Middle=(0,136,136,0) Last=(255,255,255,0) Bytes=16384
[0032.98] Log: StarterFinish: LDR=1 Resolve=1 ScreenCapture=0 IgnoreScaling=0 NeedsUpscale=0 PostProcess=1 ClearScene=1 DeferClear=0 Gamma=2.2 Size=1846x919 View=1846x919
[0032.98] Log: StarterFinish: skipped final copy
[0033.68] Exit: Preparing to exit.
[0033.80] Exit: Editor shut down
[0033.80] Exit: Transaction tracking system shut down
[0033.94] Exit: Windows client shut down
[0033.97] Exit: XAudio2 Device shut down.
[0034.00] Exit: Object subsystem successfully closed.
[0034.03] Exit: Exiting.
[0034.03] Log: Log file closed, 09/01/26 23:58:25
