Log: Log file open, 09/02/26 00:07:55
Init: WinSock: version 1.1 (2.2), MaxSocks=32767, MaxUdp=65467
DevConfig: GConfig::Find has loaded file:  ..\..\Engine\Config\ConsoleVariables.ini
Init: Version: 10897
Init: Epic Internal: 0
Init: Compiled (64-bit): Sep  1 2026 06:53:10
Init: Changelist: 1532151
Init: Command line: editor "D:\UnrealEngine3-SC\Engine\Content\Maps\Templates\Template_Morning.umap"  -nopause -forcelogflush -nosplash -windowed -ResX=1100 -ResY=760 -log=BlankViewModeProbe-20260902-000755-022.log 
Init: Base directory: D:\UnrealEngine3-SC\Binaries\Win64\
[0000.48] Init: Computer: CHEATS
[0000.48] Init: User: vande
[0000.48] Init: CPU Page size=4096, Processors=8
[0000.49] Init: High frequency timer resolution =10.000000 MHz
[0000.49] Init: Memory total: Physical=7.8GB (7GB approx) Pagefile=19.4GB Virtual=131072.0GB
[0000.52] Init: WinSock: I am CHEATS (192.168.56.1:0)
[0000.52] Init: Presizing for 0 objects not considered by GC, pre-allocating 0 bytes.
[0000.52] Init: Object subsystem initialized
[0000.54] Log: SystemSettings based on: SystemSettings
[0000.73] Log: Shader platform (RHI): PC-D3D-SM3
[0001.98] Log: 52516 objects as part of root set at end of initial load.
[0001.98] Log: 0 out of 0 bytes used by permanent object pool.
[0002.02] Log: Supported Consoles:
[0002.02] Log:   PC
[0002.02] Log: Initializing Engine...
[0002.21] Log: Encountered missing default brush - spawning new one
[0002.62] Log: Initializing Engine Completed
[0002.62] Log: >>>>>>>>>>>>>> Initial startup: 2.62s <<<<<<<<<<<<<<<
[0002.74] Cmd: MODE MAPEXT=udk
[0002.74] SourceControl: Stub source control provider is enabled.  Please enable a specific implementation such as WITH_PERFORCE
[0002.74] SourceControl:   For perforce, see SetUpSourceControlEnvironment in UE3BuildExternal.cs for requirements
[0006.05] Cmd: MAP LOAD FILE="..\..\Engine\Content\Maps\Templates\Template_MidDay.umap" TEMPLATE=0
[0006.44] Log: Encountered missing default brush - spawning new one
[0007.40] Log: -- Checking Building LODs
[0007.40] Log: Finished looking for orphan Actors (0.002 secs)
[0007.47] Cmd: MAP CHECKDEP DONTCLEARMESSAGES DONTDOSLOWREFCHECK
[0007.48] Log: TIMER ALL OF INIT : [6.417070]
[0007.60] Log: StarterViewColor: FadeEnabled=0 FadeColor=(0,0,0,255) FadeAmount=0 ColorScaleEnabled=0 ColorScale=(1,1,1) Background=(0,0,0,1) Overlay=(0,0,0,0) ViewColorScale=(1,1,1,1)
[0007.88] Log: StarterLUTParams: BlendCount=2 Weight0=0 WeightReg=128/32 Gamma=2.2 PixelCenter=0.5 ColorScale=(1,1,1,1) Overlay=(0,0,0,0)
[0007.88] Log: StarterLUTTransform: Shadows=(0,0,0) Highlights=(1,1,1) Midtones=(1,1,1) Desat=0 Colorize=(1,1,1)
[0007.88] Log: StarterLUTSurface: First=(0,0,0,178) Middle=(17,127,127,0) Last=(255,255,255,0) Bytes=16384
[0007.88] Log: StarterFinish: LDR=1 Resolve=1 ScreenCapture=0 IgnoreScaling=0 NeedsUpscale=0 PostProcess=1 ClearScene=1 DeferClear=0 Gamma=2.2 Size=1846x919 View=1846x919
[0007.88] Log: StarterFinish: skipped final copy
[0008.60] Log: StarterViewColor: FadeEnabled=0 FadeColor=(0,0,0,255) FadeAmount=0 ColorScaleEnabled=0 ColorScale=(1,1,1) Background=(0,0,0,1) Overlay=(0,0,0,0) ViewColorScale=(1,1,1,1)
[0008.68] Log: StarterLUTParams: BlendCount=2 Weight0=0 WeightReg=128/32 Gamma=2.2 PixelCenter=0.5 ColorScale=(1,1,1,1) Overlay=(0,0,0,0)
[0008.68] Log: StarterLUTTransform: Shadows=(0,0,0) Highlights=(1,1,1) Midtones=(1,1,1) Desat=0 Colorize=(1,1,1)
[0008.68] Log: StarterLUTSurface: First=(0,0,0,178) Middle=(17,127,127,0) Last=(255,255,255,0) Bytes=16384
[0008.70] Log: StarterFinish: LDR=1 Resolve=1 ScreenCapture=0 IgnoreScaling=0 NeedsUpscale=0 PostProcess=1 ClearScene=1 DeferClear=0 Gamma=2.2 Size=1846x919 View=1846x919
[0008.70] Log: StarterFinish: skipped final copy
[0009.60] Log: StarterViewColor: FadeEnabled=0 FadeColor=(0,0,0,255) FadeAmount=0 ColorScaleEnabled=0 ColorScale=(1,1,1) Background=(0,0,0,1) Overlay=(0,0,0,0) ViewColorScale=(1,1,1,1)
[0009.69] Log: StarterLUTParams: BlendCount=2 Weight0=0 WeightReg=128/32 Gamma=2.2 PixelCenter=0.5 ColorScale=(1,1,1,1) Overlay=(0,0,0,0)
[0009.69] Log: StarterLUTTransform: Shadows=(0,0,0) Highlights=(1,1,1) Midtones=(1,1,1) Desat=0 Colorize=(1,1,1)
[0009.69] Log: StarterLUTSurface: First=(0,0,0,178) Middle=(17,127,127,0) Last=(255,255,255,0) Bytes=16384
[0009.70] Log: StarterFinish: LDR=1 Resolve=1 ScreenCapture=0 IgnoreScaling=0 NeedsUpscale=0 PostProcess=1 ClearScene=1 DeferClear=0 Gamma=2.2 Size=1846x919 View=1846x919
[0009.70] Log: StarterFinish: skipped final copy
[0010.60] Log: StarterViewColor: FadeEnabled=0 FadeColor=(0,0,0,255) FadeAmount=0 ColorScaleEnabled=0 ColorScale=(1,1,1) Background=(0,0,0,1) Overlay=(0,0,0,0) ViewColorScale=(1,1,1,1)
[0010.69] Log: StarterLUTParams: BlendCount=2 Weight0=0 WeightReg=128/32 Gamma=2.2 PixelCenter=0.5 ColorScale=(1,1,1,1) Overlay=(0,0,0,0)
[0010.69] Log: StarterLUTTransform: Shadows=(0,0,0) Highlights=(1,1,1) Midtones=(1,1,1) Desat=0 Colorize=(1,1,1)
[0010.69] Log: StarterLUTSurface: First=(0,0,0,178) Middle=(17,127,127,0) Last=(255,255,255,0) Bytes=16384
[0010.70] Log: StarterFinish: LDR=1 Resolve=1 ScreenCapture=0 IgnoreScaling=0 NeedsUpscale=0 PostProcess=1 ClearScene=1 DeferClear=0 Gamma=2.2 Size=1846x919 View=1846x919
[0010.70] Log: StarterFinish: skipped final copy
[0011.61] Log: StarterViewColor: FadeEnabled=0 FadeColor=(0,0,0,255) FadeAmount=0 ColorScaleEnabled=0 ColorScale=(1,1,1) Background=(0,0,0,1) Overlay=(0,0,0,0) ViewColorScale=(1,1,1,1)
[0011.69] Log: StarterLUTParams: BlendCount=2 Weight0=0 WeightReg=128/32 Gamma=2.2 PixelCenter=0.5 ColorScale=(1,1,1,1) Overlay=(0,0,0,0)
[0011.69] Log: StarterLUTTransform: Shadows=(0,0,0) Highlights=(1,1,1) Midtones=(1,1,1) Desat=0 Colorize=(1,1,1)
[0011.69] Log: StarterLUTSurface: First=(0,0,0,178) Middle=(17,127,127,0) Last=(255,255,255,0) Bytes=16384
[0011.72] Log: StarterFinish: LDR=1 Resolve=1 ScreenCapture=0 IgnoreScaling=0 NeedsUpscale=0 PostProcess=1 ClearScene=1 DeferClear=0 Gamma=2.2 Size=1846x919 View=1846x919
[0011.72] Log: StarterFinish: skipped final copy
[0012.61] Log: StarterViewColor: FadeEnabled=0 FadeColor=(0,0,0,255) FadeAmount=0 ColorScaleEnabled=0 ColorScale=(1,1,1) Background=(0,0,0,1) Overlay=(0,0,0,0) ViewColorScale=(1,1,1,1)
[0012.70] Log: StarterLUTParams: BlendCount=2 Weight0=0 WeightReg=128/32 Gamma=2.2 PixelCenter=0.5 ColorScale=(1,1,1,1) Overlay=(0,0,0,0)
[0012.70] Log: StarterLUTTransform: Shadows=(0,0,0) Highlights=(1,1,1) Midtones=(1,1,1) Desat=0 Colorize=(1,1,1)
[0012.70] Log: StarterLUTSurface: First=(0,0,0,178) Middle=(17,127,127,0) Last=(255,255,255,0) Bytes=16384
[0012.71] Log: StarterFinish: LDR=1 Resolve=1 ScreenCapture=0 IgnoreScaling=0 NeedsUpscale=0 PostProcess=1 ClearScene=1 DeferClear=0 Gamma=2.2 Size=1846x919 View=1846x919
[0012.71] Log: StarterFinish: skipped final copy
[0013.61] Log: StarterViewColor: FadeEnabled=0 FadeColor=(0,0,0,255) FadeAmount=0 ColorScaleEnabled=0 ColorScale=(1,1,1) Background=(0,0,0,1) Overlay=(0,0,0,0) ViewColorScale=(1,1,1,1)
[0013.70] Log: StarterLUTParams: BlendCount=2 Weight0=0 WeightReg=128/32 Gamma=2.2 PixelCenter=0.5 ColorScale=(1,1,1,1) Overlay=(0,0,0,0)
[0013.70] Log: StarterLUTTransform: Shadows=(0,0,0) Highlights=(1,1,1) Midtones=(1,1,1) Desat=0 Colorize=(1,1,1)
[0013.70] Log: StarterLUTSurface: First=(0,0,0,178) Middle=(17,127,127,0) Last=(255,255,255,0) Bytes=16384
[0013.71] Log: StarterFinish: LDR=1 Resolve=1 ScreenCapture=0 IgnoreScaling=0 NeedsUpscale=0 PostProcess=1 ClearScene=1 DeferClear=0 Gamma=2.2 Size=1846x919 View=1846x919
[0013.71] Log: StarterFinish: skipped final copy
[0014.61] Log: StarterViewColor: FadeEnabled=0 FadeColor=(0,0,0,255) FadeAmount=0 ColorScaleEnabled=0 ColorScale=(1,1,1) Background=(0,0,0,1) Overlay=(0,0,0,0) ViewColorScale=(1,1,1,1)
[0014.70] Log: StarterLUTParams: BlendCount=2 Weight0=0 WeightReg=128/32 Gamma=2.2 PixelCenter=0.5 ColorScale=(1,1,1,1) Overlay=(0,0,0,0)
[0014.70] Log: StarterLUTTransform: Shadows=(0,0,0) Highlights=(1,1,1) Midtones=(1,1,1) Desat=0 Colorize=(1,1,1)
[0014.70] Log: StarterLUTSurface: First=(0,0,0,178) Middle=(17,127,127,0) Last=(255,255,255,0) Bytes=16384
[0014.71] Log: StarterFinish: LDR=1 Resolve=1 ScreenCapture=0 IgnoreScaling=0 NeedsUpscale=0 PostProcess=1 ClearScene=1 DeferClear=0 Gamma=2.2 Size=1846x919 View=1846x919
[0014.71] Log: StarterFinish: skipped final copy
[0015.63] Log: StarterViewColor: FadeEnabled=0 FadeColor=(0,0,0,255) FadeAmount=0 ColorScaleEnabled=0 ColorScale=(1,1,1) Background=(0,0,0,1) Overlay=(0,0,0,0) ViewColorScale=(1,1,1,1)
[0015.70] Log: StarterLUTParams: BlendCount=2 Weight0=0 WeightReg=128/32 Gamma=2.2 PixelCenter=0.5 ColorScale=(1,1,1,1) Overlay=(0,0,0,0)
[0015.70] Log: StarterLUTTransform: Shadows=(0,0,0) Highlights=(1,1,1) Midtones=(1,1,1) Desat=0 Colorize=(1,1,1)
[0015.70] Log: StarterLUTSurface: First=(0,0,0,178) Middle=(17,127,127,0) Last=(255,255,255,0) Bytes=16384
[0015.71] Log: StarterFinish: LDR=1 Resolve=1 ScreenCapture=0 IgnoreScaling=0 NeedsUpscale=0 PostProcess=1 ClearScene=1 DeferClear=0 Gamma=2.2 Size=1846x919 View=1846x919
[0015.71] Log: StarterFinish: skipped final copy
[0016.64] Log: StarterViewColor: FadeEnabled=0 FadeColor=(0,0,0,255) FadeAmount=0 ColorScaleEnabled=0 ColorScale=(1,1,1) Background=(0,0,0,1) Overlay=(0,0,0,0) ViewColorScale=(1,1,1,1)
[0016.71] Log: StarterLUTParams: BlendCount=2 Weight0=0 WeightReg=128/32 Gamma=2.2 PixelCenter=0.5 ColorScale=(1,1,1,1) Overlay=(0,0,0,0)
[0016.71] Log: StarterLUTTransform: Shadows=(0,0,0) Highlights=(1,1,1) Midtones=(1,1,1) Desat=0 Colorize=(1,1,1)
[0016.71] Log: StarterLUTSurface: First=(0,0,0,178) Middle=(17,127,127,0) Last=(255,255,255,0) Bytes=16384
[0016.72] Log: StarterFinish: LDR=1 Resolve=1 ScreenCapture=0 IgnoreScaling=0 NeedsUpscale=0 PostProcess=1 ClearScene=1 DeferClear=0 Gamma=2.2 Size=1846x919 View=1846x919
[0016.72] Log: StarterFinish: skipped final copy
[0017.65] Log: StarterViewColor: FadeEnabled=0 FadeColor=(0,0,0,255) FadeAmount=0 ColorScaleEnabled=0 ColorScale=(1,1,1) Background=(0,0,0,1) Overlay=(0,0,0,0) ViewColorScale=(1,1,1,1)
[0017.72] Log: StarterLUTParams: BlendCount=2 Weight0=0 WeightReg=128/32 Gamma=2.2 PixelCenter=0.5 ColorScale=(1,1,1,1) Overlay=(0,0,0,0)
[0017.72] Log: StarterLUTTransform: Shadows=(0,0,0) Highlights=(1,1,1) Midtones=(1,1,1) Desat=0 Colorize=(1,1,1)
[0017.72] Log: StarterLUTSurface: First=(0,0,0,178) Middle=(17,127,127,0) Last=(255,255,255,0) Bytes=16384
[0017.72] Log: StarterFinish: LDR=1 Resolve=1 ScreenCapture=0 IgnoreScaling=0 NeedsUpscale=0 PostProcess=1 ClearScene=1 DeferClear=0 Gamma=2.2 Size=1846x919 View=1846x919
[0017.72] Log: StarterFinish: skipped final copy
[0018.65] Log: StarterViewColor: FadeEnabled=0 FadeColor=(0,0,0,255) FadeAmount=0 ColorScaleEnabled=0 ColorScale=(1,1,1) Background=(0,0,0,1) Overlay=(0,0,0,0) ViewColorScale=(1,1,1,1)
[0018.72] Log: StarterLUTParams: BlendCount=2 Weight0=0 WeightReg=128/32 Gamma=2.2 PixelCenter=0.5 ColorScale=(1,1,1,1) Overlay=(0,0,0,0)
[0018.72] Log: StarterLUTTransform: Shadows=(0,0,0) Highlights=(1,1,1) Midtones=(1,1,1) Desat=0 Colorize=(1,1,1)
[0018.72] Log: StarterLUTSurface: First=(0,0,0,178) Middle=(17,127,127,0) Last=(255,255,255,0) Bytes=16384
[0018.72] Log: StarterFinish: LDR=1 Resolve=1 ScreenCapture=0 IgnoreScaling=0 NeedsUpscale=0 PostProcess=1 ClearScene=1 DeferClear=0 Gamma=2.2 Size=1846x919 View=1846x919
[0018.72] Log: StarterFinish: skipped final copy
[0019.48] Cmd: SHOW POSTPROCESS
[0019.65] Log: StarterViewColor: FadeEnabled=0 FadeColor=(0,0,0,255) FadeAmount=0 ColorScaleEnabled=0 ColorScale=(1,1,1) Background=(0,0,0,1) Overlay=(0,0,0,0) ViewColorScale=(1,1,1,1)
[0019.72] Log: StarterLUTParams: BlendCount=2 Weight0=0 WeightReg=128/32 Gamma=2.2 PixelCenter=0.5 ColorScale=(1,1,1,1) Overlay=(0,0,0,0)
[0019.72] Log: StarterLUTTransform: Shadows=(0,0,0) Highlights=(1,1,1) Midtones=(1,1,1) Desat=0 Colorize=(1,1,1)
[0019.72] Log: StarterLUTSurface: First=(0,0,0,178) Middle=(17,127,127,0) Last=(255,255,255,0) Bytes=16384
[0019.72] Log: StarterFinish: LDR=1 Resolve=1 ScreenCapture=0 IgnoreScaling=0 NeedsUpscale=0 PostProcess=1 ClearScene=1 DeferClear=0 Gamma=2.2 Size=1846x919 View=1846x919
[0019.72] Log: StarterFinish: skipped final copy
[0020.65] Log: StarterViewColor: FadeEnabled=0 FadeColor=(0,0,0,255) FadeAmount=0 ColorScaleEnabled=0 ColorScale=(1,1,1) Background=(0,0,0,1) Overlay=(0,0,0,0) ViewColorScale=(1,1,1,1)
[0020.72] Log: StarterLUTParams: BlendCount=2 Weight0=0 WeightReg=128/32 Gamma=2.2 PixelCenter=0.5 ColorScale=(1,1,1,1) Overlay=(0,0,0,0)
[0020.72] Log: StarterLUTTransform: Shadows=(0,0,0) Highlights=(1,1,1) Midtones=(1,1,1) Desat=0 Colorize=(1,1,1)
[0020.72] Log: StarterLUTSurface: First=(0,0,0,178) Middle=(17,127,127,0) Last=(255,255,255,0) Bytes=16384
[0020.72] Log: StarterFinish: LDR=1 Resolve=1 ScreenCapture=0 IgnoreScaling=0 NeedsUpscale=0 PostProcess=1 ClearScene=1 DeferClear=0 Gamma=2.2 Size=1846x919 View=1846x919
[0020.72] Log: StarterFinish: skipped final copy
[0021.65] Log: StarterViewColor: FadeEnabled=0 FadeColor=(0,0,0,255) FadeAmount=0 ColorScaleEnabled=0 ColorScale=(1,1,1) Background=(0,0,0,1) Overlay=(0,0,0,0) ViewColorScale=(1,1,1,1)
[0021.72] Log: StarterLUTParams: BlendCount=2 Weight0=0 WeightReg=128/32 Gamma=2.2 PixelCenter=0.5 ColorScale=(1,1,1,1) Overlay=(0,0,0,0)
[0021.72] Log: StarterLUTTransform: Shadows=(0,0,0) Highlights=(1,1,1) Midtones=(1,1,1) Desat=0 Colorize=(1,1,1)
[0021.72] Log: StarterLUTSurface: First=(0,0,0,178) Middle=(17,127,127,0) Last=(255,255,255,0) Bytes=16384
[0021.72] Log: StarterFinish: LDR=1 Resolve=1 ScreenCapture=0 IgnoreScaling=0 NeedsUpscale=0 PostProcess=1 ClearScene=1 DeferClear=0 Gamma=2.2 Size=1846x919 View=1846x919
[0021.72] Log: StarterFinish: skipped final copy
[0022.66] Log: StarterViewColor: FadeEnabled=0 FadeColor=(0,0,0,255) FadeAmount=0 ColorScaleEnabled=0 ColorScale=(1,1,1) Background=(0,0,0,1) Overlay=(0,0,0,0) ViewColorScale=(1,1,1,1)
[0022.72] Log: StarterLUTParams: BlendCount=2 Weight0=0 WeightReg=128/32 Gamma=2.2 PixelCenter=0.5 ColorScale=(1,1,1,1) Overlay=(0,0,0,0)
[0022.72] Log: StarterLUTTransform: Shadows=(0,0,0) Highlights=(1,1,1) Midtones=(1,1,1) Desat=0 Colorize=(1,1,1)
[0022.72] Log: StarterLUTSurface: First=(0,0,0,178) Middle=(17,127,127,0) Last=(255,255,255,0) Bytes=16384
[0022.73] Log: StarterFinish: LDR=1 Resolve=1 ScreenCapture=0 IgnoreScaling=0 NeedsUpscale=0 PostProcess=1 ClearScene=1 DeferClear=0 Gamma=2.2 Size=1846x919 View=1846x919
[0022.73] Log: StarterFinish: skipped final copy
[0023.66] Log: StarterViewColor: FadeEnabled=0 FadeColor=(0,0,0,255) FadeAmount=0 ColorScaleEnabled=0 ColorScale=(1,1,1) Background=(0,0,0,1) Overlay=(0,0,0,0) ViewColorScale=(1,1,1,1)
[0023.72] Log: StarterLUTParams: BlendCount=2 Weight0=0 WeightReg=128/32 Gamma=2.2 PixelCenter=0.5 ColorScale=(1,1,1,1) Overlay=(0,0,0,0)
[0023.72] Log: StarterLUTTransform: Shadows=(0,0,0) Highlights=(1,1,1) Midtones=(1,1,1) Desat=0 Colorize=(1,1,1)
[0023.73] Log: StarterLUTSurface: First=(0,0,0,178) Middle=(17,127,127,0) Last=(255,255,255,0) Bytes=16384
[0023.73] Log: StarterFinish: LDR=1 Resolve=1 ScreenCapture=0 IgnoreScaling=0 NeedsUpscale=0 PostProcess=1 ClearScene=1 DeferClear=0 Gamma=2.2 Size=1846x919 View=1846x919
[0023.73] Log: StarterFinish: skipped final copy
[0023.80] Cmd: SHOW POSTPROCESS
[0024.66] Log: StarterViewColor: FadeEnabled=0 FadeColor=(0,0,0,255) FadeAmount=0 ColorScaleEnabled=0 ColorScale=(1,1,1) Background=(0,0,0,1) Overlay=(0,0,0,0) ViewColorScale=(1,1,1,1)
[0024.73] Log: StarterLUTParams: BlendCount=2 Weight0=0 WeightReg=128/32 Gamma=2.2 PixelCenter=0.5 ColorScale=(1,1,1,1) Overlay=(0,0,0,0)
[0024.73] Log: StarterLUTTransform: Shadows=(0,0,0) Highlights=(1,1,1) Midtones=(1,1,1) Desat=0 Colorize=(1,1,1)
[0024.73] Log: StarterLUTSurface: First=(0,0,0,178) Middle=(17,127,127,0) Last=(255,255,255,0) Bytes=16384
[0024.73] Log: StarterFinish: LDR=1 Resolve=1 ScreenCapture=0 IgnoreScaling=0 NeedsUpscale=0 PostProcess=1 ClearScene=1 DeferClear=0 Gamma=2.2 Size=1846x919 View=1846x919
[0024.73] Log: StarterFinish: skipped final copy
[0025.66] Log: StarterViewColor: FadeEnabled=0 FadeColor=(0,0,0,255) FadeAmount=0 ColorScaleEnabled=0 ColorScale=(1,1,1) Background=(0,0,0,1) Overlay=(0,0,0,0) ViewColorScale=(1,1,1,1)
[0025.73] Log: StarterLUTParams: BlendCount=2 Weight0=0 WeightReg=128/32 Gamma=2.2 PixelCenter=0.5 ColorScale=(1,1,1,1) Overlay=(0,0,0,0)
[0025.73] Log: StarterLUTTransform: Shadows=(0,0,0) Highlights=(1,1,1) Midtones=(1,1,1) Desat=0 Colorize=(1,1,1)
[0025.73] Log: StarterLUTSurface: First=(0,0,0,178) Middle=(17,127,127,0) Last=(255,255,255,0) Bytes=16384
[0025.73] Log: StarterFinish: LDR=1 Resolve=1 ScreenCapture=0 IgnoreScaling=0 NeedsUpscale=0 PostProcess=1 ClearScene=1 DeferClear=0 Gamma=2.2 Size=1846x919 View=1846x919
[0025.73] Log: StarterFinish: skipped final copy
[0025.94] Cmd: SHOW AMBIENTOCCLUSION
[0026.66] Log: StarterViewColor: FadeEnabled=0 FadeColor=(0,0,0,255) FadeAmount=0 ColorScaleEnabled=0 ColorScale=(1,1,1) Background=(0,0,0,1) Overlay=(0,0,0,0) ViewColorScale=(1,1,1,1)
[0026.73] Log: StarterLUTParams: BlendCount=2 Weight0=0 WeightReg=128/32 Gamma=2.2 PixelCenter=0.5 ColorScale=(1,1,1,1) Overlay=(0,0,0,0)
[0026.73] Log: StarterLUTTransform: Shadows=(0,0,0) Highlights=(1,1,1) Midtones=(1,1,1) Desat=0 Colorize=(1,1,1)
[0026.73] Log: StarterLUTSurface: First=(0,0,0,178) Middle=(17,127,127,0) Last=(255,255,255,0) Bytes=16384
[0026.73] Log: StarterFinish: LDR=1 Resolve=1 ScreenCapture=0 IgnoreScaling=0 NeedsUpscale=0 PostProcess=1 ClearScene=1 DeferClear=0 Gamma=2.2 Size=1846x919 View=1846x919
[0026.73] Log: StarterFinish: skipped final copy
[0027.67] Log: StarterViewColor: FadeEnabled=0 FadeColor=(0,0,0,255) FadeAmount=0 ColorScaleEnabled=0 ColorScale=(1,1,1) Background=(0,0,0,1) Overlay=(0,0,0,0) ViewColorScale=(1,1,1,1)
[0027.73] Log: StarterLUTParams: BlendCount=2 Weight0=0 WeightReg=128/32 Gamma=2.2 PixelCenter=0.5 ColorScale=(1,1,1,1) Overlay=(0,0,0,0)
[0027.73] Log: StarterLUTTransform: Shadows=(0,0,0) Highlights=(1,1,1) Midtones=(1,1,1) Desat=0 Colorize=(1,1,1)
[0027.73] Log: StarterLUTSurface: First=(0,0,0,178) Middle=(17,127,127,0) Last=(255,255,255,0) Bytes=16384
[0027.73] Log: StarterFinish: LDR=1 Resolve=1 ScreenCapture=0 IgnoreScaling=0 NeedsUpscale=0 PostProcess=1 ClearScene=1 DeferClear=0 Gamma=2.2 Size=1846x919 View=1846x919
[0027.73] Log: StarterFinish: skipped final copy
[0028.67] Log: StarterViewColor: FadeEnabled=0 FadeColor=(0,0,0,255) FadeAmount=0 ColorScaleEnabled=0 ColorScale=(1,1,1) Background=(0,0,0,1) Overlay=(0,0,0,0) ViewColorScale=(1,1,1,1)
[0028.73] Log: StarterLUTParams: BlendCount=2 Weight0=0 WeightReg=128/32 Gamma=2.2 PixelCenter=0.5 ColorScale=(1,1,1,1) Overlay=(0,0,0,0)
[0028.73] Log: StarterLUTTransform: Shadows=(0,0,0) Highlights=(1,1,1) Midtones=(1,1,1) Desat=0 Colorize=(1,1,1)
[0028.73] Log: StarterLUTSurface: First=(0,0,0,178) Middle=(17,127,127,0) Last=(255,255,255,0) Bytes=16384
[0028.74] Log: StarterFinish: LDR=1 Resolve=1 ScreenCapture=0 IgnoreScaling=0 NeedsUpscale=0 PostProcess=1 ClearScene=1 DeferClear=0 Gamma=2.2 Size=1846x919 View=1846x919
[0028.74] Log: StarterFinish: skipped final copy
[0029.67] Log: StarterViewColor: FadeEnabled=0 FadeColor=(0,0,0,255) FadeAmount=0 ColorScaleEnabled=0 ColorScale=(1,1,1) Background=(0,0,0,1) Overlay=(0,0,0,0) ViewColorScale=(1,1,1,1)
[0029.73] Log: StarterLUTParams: BlendCount=2 Weight0=0 WeightReg=128/32 Gamma=2.2 PixelCenter=0.5 ColorScale=(1,1,1,1) Overlay=(0,0,0,0)
[0029.73] Log: StarterLUTTransform: Shadows=(0,0,0) Highlights=(1,1,1) Midtones=(1,1,1) Desat=0 Colorize=(1,1,1)
[0029.73] Log: StarterLUTSurface: First=(0,0,0,178) Middle=(17,127,127,0) Last=(255,255,255,0) Bytes=16384
[0029.74] Log: StarterFinish: LDR=1 Resolve=1 ScreenCapture=0 IgnoreScaling=0 NeedsUpscale=0 PostProcess=1 ClearScene=1 DeferClear=0 Gamma=2.2 Size=1846x919 View=1846x919
[0029.74] Log: StarterFinish: skipped final copy
[0030.22] Cmd: VIS 4 SAT UV1
[0030.22] Log: VisualizeTexture 4
[0030.67] Log: StarterViewColor: FadeEnabled=0 FadeColor=(0,0,0,255) FadeAmount=0 ColorScaleEnabled=0 ColorScale=(1,1,1) Background=(0,0,0,1) Overlay=(0,0,0,0) ViewColorScale=(1,1,1,1)
[0030.73] Log: StarterLUTParams: BlendCount=2 Weight0=0 WeightReg=128/32 Gamma=2.2 PixelCenter=0.5 ColorScale=(1,1,1,1) Overlay=(0,0,0,0)
[0030.73] Log: StarterLUTTransform: Shadows=(0,0,0) Highlights=(1,1,1) Midtones=(1,1,1) Desat=0 Colorize=(1,1,1)
[0030.73] Log: StarterLUTSurface: First=(0,0,0,178) Middle=(17,127,127,0) Last=(255,255,255,0) Bytes=16384
[0030.75] Log: StarterFinish: LDR=1 Resolve=1 ScreenCapture=0 IgnoreScaling=0 NeedsUpscale=0 PostProcess=1 ClearScene=1 DeferClear=0 Gamma=2.2 Size=1846x919 View=1846x919
[0030.75] Log: StarterFinish: skipped final copy
[0031.67] Log: StarterViewColor: FadeEnabled=0 FadeColor=(0,0,0,255) FadeAmount=0 ColorScaleEnabled=0 ColorScale=(1,1,1) Background=(0,0,0,1) Overlay=(0,0,0,0) ViewColorScale=(1,1,1,1)
[0031.73] Log: StarterLUTParams: BlendCount=2 Weight0=0 WeightReg=128/32 Gamma=2.2 PixelCenter=0.5 ColorScale=(1,1,1,1) Overlay=(0,0,0,0)
[0031.73] Log: StarterLUTTransform: Shadows=(0,0,0) Highlights=(1,1,1) Midtones=(1,1,1) Desat=0 Colorize=(1,1,1)
[0031.73] Log: StarterLUTSurface: First=(0,0,0,178) Middle=(17,127,127,0) Last=(255,255,255,0) Bytes=16384
[0031.75] Log: StarterFinish: LDR=1 Resolve=1 ScreenCapture=0 IgnoreScaling=0 NeedsUpscale=0 PostProcess=1 ClearScene=1 DeferClear=0 Gamma=2.2 Size=1846x919 View=1846x919
[0031.75] Log: StarterFinish: skipped final copy
[0032.67] Log: StarterViewColor: FadeEnabled=0 FadeColor=(0,0,0,255) FadeAmount=0 ColorScaleEnabled=0 ColorScale=(1,1,1) Background=(0,0,0,1) Overlay=(0,0,0,0) ViewColorScale=(1,1,1,1)
[0032.74] Log: StarterLUTParams: BlendCount=2 Weight0=0 WeightReg=128/32 Gamma=2.2 PixelCenter=0.5 ColorScale=(1,1,1,1) Overlay=(0,0,0,0)
[0032.74] Log: StarterLUTTransform: Shadows=(0,0,0) Highlights=(1,1,1) Midtones=(1,1,1) Desat=0 Colorize=(1,1,1)
[0032.74] Log: StarterLUTSurface: First=(0,0,0,178) Middle=(17,127,127,0) Last=(255,255,255,0) Bytes=16384
[0032.75] Log: StarterFinish: LDR=1 Resolve=1 ScreenCapture=0 IgnoreScaling=0 NeedsUpscale=0 PostProcess=1 ClearScene=1 DeferClear=0 Gamma=2.2 Size=1846x919 View=1846x919
[0032.75] Log: StarterFinish: skipped final copy
[0033.67] Log: StarterViewColor: FadeEnabled=0 FadeColor=(0,0,0,255) FadeAmount=0 ColorScaleEnabled=0 ColorScale=(1,1,1) Background=(0,0,0,1) Overlay=(0,0,0,0) ViewColorScale=(1,1,1,1)
[0033.74] Log: StarterLUTParams: BlendCount=2 Weight0=0 WeightReg=128/32 Gamma=2.2 PixelCenter=0.5 ColorScale=(1,1,1,1) Overlay=(0,0,0,0)
[0033.74] Log: StarterLUTTransform: Shadows=(0,0,0) Highlights=(1,1,1) Midtones=(1,1,1) Desat=0 Colorize=(1,1,1)
[0033.74] Log: StarterLUTSurface: First=(0,0,0,178) Middle=(17,127,127,0) Last=(255,255,255,0) Bytes=16384
[0033.76] Log: StarterFinish: LDR=1 Resolve=1 ScreenCapture=0 IgnoreScaling=0 NeedsUpscale=0 PostProcess=1 ClearScene=1 DeferClear=0 Gamma=2.2 Size=1846x919 View=1846x919
[0033.76] Log: StarterFinish: skipped final copy
[0034.55] Cmd: VIS 30 SAT UV1
[0034.55] Log: VisualizeTexture 30
[0034.67] Log: StarterViewColor: FadeEnabled=0 FadeColor=(0,0,0,255) FadeAmount=0 ColorScaleEnabled=0 ColorScale=(1,1,1) Background=(0,0,0,1) Overlay=(0,0,0,0) ViewColorScale=(1,1,1,1)
[0034.74] Log: StarterLUTParams: BlendCount=2 Weight0=0 WeightReg=128/32 Gamma=2.2 PixelCenter=0.5 ColorScale=(1,1,1,1) Overlay=(0,0,0,0)
[0034.74] Log: StarterLUTTransform: Shadows=(0,0,0) Highlights=(1,1,1) Midtones=(1,1,1) Desat=0 Colorize=(1,1,1)
[0034.74] Log: StarterLUTSurface: First=(0,0,0,178) Middle=(17,127,127,0) Last=(255,255,255,0) Bytes=16384
[0034.76] Log: StarterFinish: LDR=1 Resolve=1 ScreenCapture=0 IgnoreScaling=0 NeedsUpscale=0 PostProcess=1 ClearScene=1 DeferClear=0 Gamma=2.2 Size=1846x919 View=1846x919
[0034.76] Log: StarterFinish: skipped final copy
[0035.67] Log: StarterViewColor: FadeEnabled=0 FadeColor=(0,0,0,255) FadeAmount=0 ColorScaleEnabled=0 ColorScale=(1,1,1) Background=(0,0,0,1) Overlay=(0,0,0,0) ViewColorScale=(1,1,1,1)
[0035.74] Log: StarterLUTParams: BlendCount=2 Weight0=0 WeightReg=128/32 Gamma=2.2 PixelCenter=0.5 ColorScale=(1,1,1,1) Overlay=(0,0,0,0)
[0035.74] Log: StarterLUTTransform: Shadows=(0,0,0) Highlights=(1,1,1) Midtones=(1,1,1) Desat=0 Colorize=(1,1,1)
[0035.74] Log: StarterLUTSurface: First=(0,0,0,178) Middle=(17,127,127,0) Last=(255,255,255,0) Bytes=16384
[0035.75] Log: StarterFinish: LDR=1 Resolve=1 ScreenCapture=0 IgnoreScaling=0 NeedsUpscale=0 PostProcess=1 ClearScene=1 DeferClear=0 Gamma=2.2 Size=1846x919 View=1846x919
[0035.75] Log: StarterFinish: skipped final copy
[0036.68] Log: StarterViewColor: FadeEnabled=0 FadeColor=(0,0,0,255) FadeAmount=0 ColorScaleEnabled=0 ColorScale=(1,1,1) Background=(0,0,0,1) Overlay=(0,0,0,0) ViewColorScale=(1,1,1,1)
[0036.74] Log: StarterLUTParams: BlendCount=2 Weight0=0 WeightReg=128/32 Gamma=2.2 PixelCenter=0.5 ColorScale=(1,1,1,1) Overlay=(0,0,0,0)
[0036.74] Log: StarterLUTTransform: Shadows=(0,0,0) Highlights=(1,1,1) Midtones=(1,1,1) Desat=0 Colorize=(1,1,1)
[0036.74] Log: StarterLUTSurface: First=(0,0,0,178) Middle=(17,127,127,0) Last=(255,255,255,0) Bytes=16384
[0036.75] Log: StarterFinish: LDR=1 Resolve=1 ScreenCapture=0 IgnoreScaling=0 NeedsUpscale=0 PostProcess=1 ClearScene=1 DeferClear=0 Gamma=2.2 Size=1846x919 View=1846x919
[0036.76] Log: StarterFinish: skipped final copy
[0037.68] Log: StarterViewColor: FadeEnabled=0 FadeColor=(0,0,0,255) FadeAmount=0 ColorScaleEnabled=0 ColorScale=(1,1,1) Background=(0,0,0,1) Overlay=(0,0,0,0) ViewColorScale=(1,1,1,1)
[0037.74] Log: StarterLUTParams: BlendCount=2 Weight0=0 WeightReg=128/32 Gamma=2.2 PixelCenter=0.5 ColorScale=(1,1,1,1) Overlay=(0,0,0,0)
[0037.74] Log: StarterLUTTransform: Shadows=(0,0,0) Highlights=(1,1,1) Midtones=(1,1,1) Desat=0 Colorize=(1,1,1)
[0037.74] Log: StarterLUTSurface: First=(0,0,0,178) Middle=(17,127,127,0) Last=(255,255,255,0) Bytes=16384
[0037.76] Log: StarterFinish: LDR=1 Resolve=1 ScreenCapture=0 IgnoreScaling=0 NeedsUpscale=0 PostProcess=1 ClearScene=1 DeferClear=0 Gamma=2.2 Size=1846x919 View=1846x919
[0037.76] Log: StarterFinish: skipped final copy
[0038.68] Log: StarterViewColor: FadeEnabled=0 FadeColor=(0,0,0,255) FadeAmount=0 ColorScaleEnabled=0 ColorScale=(1,1,1) Background=(0,0,0,1) Overlay=(0,0,0,0) ViewColorScale=(1,1,1,1)
[0038.74] Log: StarterLUTParams: BlendCount=2 Weight0=0 WeightReg=128/32 Gamma=2.2 PixelCenter=0.5 ColorScale=(1,1,1,1) Overlay=(0,0,0,0)
[0038.74] Log: StarterLUTTransform: Shadows=(0,0,0) Highlights=(1,1,1) Midtones=(1,1,1) Desat=0 Colorize=(1,1,1)
[0038.74] Log: StarterLUTSurface: First=(0,0,0,178) Middle=(17,127,127,0) Last=(255,255,255,0) Bytes=16384
[0038.76] Log: StarterFinish: LDR=1 Resolve=1 ScreenCapture=0 IgnoreScaling=0 NeedsUpscale=0 PostProcess=1 ClearScene=1 DeferClear=0 Gamma=2.2 Size=1846x919 View=1846x919
[0038.76] Log: StarterFinish: skipped final copy
[0038.97] Cmd: VIS 0
[0038.97] Log: VisualizeTexture 0
[0039.68] Log: StarterViewColor: FadeEnabled=0 FadeColor=(0,0,0,255) FadeAmount=0 ColorScaleEnabled=0 ColorScale=(1,1,1) Background=(0,0,0,1) Overlay=(0,0,0,0) ViewColorScale=(1,1,1,1)
[0039.74] Log: StarterLUTParams: BlendCount=2 Weight0=0 WeightReg=128/32 Gamma=2.2 PixelCenter=0.5 ColorScale=(1,1,1,1) Overlay=(0,0,0,0)
[0039.74] Log: StarterLUTTransform: Shadows=(0,0,0) Highlights=(1,1,1) Midtones=(1,1,1) Desat=0 Colorize=(1,1,1)
[0039.74] Log: StarterLUTSurface: First=(0,0,0,178) Middle=(17,127,127,0) Last=(255,255,255,0) Bytes=16384
[0039.76] Log: StarterFinish: LDR=1 Resolve=1 ScreenCapture=0 IgnoreScaling=0 NeedsUpscale=0 PostProcess=1 ClearScene=1 DeferClear=0 Gamma=2.2 Size=1846x919 View=1846x919
[0039.76] Log: StarterFinish: skipped final copy
[0040.74] Exit: Preparing to exit.
[0040.90] Exit: Editor shut down
[0040.90] Exit: Transaction tracking system shut down
[0041.05] Exit: Windows client shut down
[0041.05] Exit: XAudio2 Device shut down.
[0041.11] Exit: Object subsystem successfully closed.
[0041.14] Exit: Exiting.
[0041.15] Log: Log file closed, 09/02/26 00:08:36
