Log: Log file open, 09/01/26 06:29:51
Init: WinSock: version 1.1 (2.2), MaxSocks=32767, MaxUdp=65467
DevConfig: GConfig::Find has loaded file:  ..\..\Engine\Config\ConsoleVariables.ini
Init: Version: 10897
Init: Epic Internal: 0
Init: Compiled (64-bit): Aug 31 2026 06:53:05
Init: Changelist: 1532151
Init: Command line: editor -unattended -nopause -forcelogflush -nosplash -windowed -ResX=1000 -ResY=700 -log=BlankViewportProbe-20260901-062951-178.log 
Init: Base directory: D:\UnrealEngine3-SC\Binaries\Win64\
[0000.52] Init: Computer: CHEATS
[0000.52] Init: User: vande
[0000.52] Init: CPU Page size=4096, Processors=8
[0000.52] Init: High frequency timer resolution =10.000000 MHz
[0000.52] Init: Memory total: Physical=7.8GB (7GB approx) Pagefile=18.2GB Virtual=131072.0GB
[0000.56] Init: WinSock: I am CHEATS (192.168.56.1:0)
[0000.56] Init: Presizing for 0 objects not considered by GC, pre-allocating 0 bytes.
[0000.56] Init: Object subsystem initialized
[0000.59] Log: SystemSettings based on: SystemSettings
[0000.82] Log: Shader platform (RHI): PC-D3D-SM3
[0002.60] Log: 52516 objects as part of root set at end of initial load.
[0002.60] Log: 0 out of 0 bytes used by permanent object pool.
[0002.68] Log: Supported Consoles:
[0002.68] Log:   PC
[0002.68] Log: Initializing Engine...
[0002.89] Log: Encountered missing default brush - spawning new one
[0003.42] Log: Initializing Engine Completed
[0003.42] Log: >>>>>>>>>>>>>> Initial startup: 3.42s <<<<<<<<<<<<<<<
[0003.59] Cmd: MODE MAPEXT=udk
[0003.59] SourceControl: Stub source control provider is enabled.  Please enable a specific implementation such as WITH_PERFORCE
[0003.59] SourceControl:   For perforce, see SetUpSourceControlEnvironment in UE3BuildExternal.cs for requirements
[0007.22] Cmd: MAP LOAD FILE="..\..\Engine\Content\Maps\Templates\Template_MidDay.umap" TEMPLATE=0
[0007.61] Log: Encountered missing default brush - spawning new one
[0008.40] Log: -- Checking Building LODs
[0008.41] Log: Finished looking for orphan Actors (0.002 secs)
[0008.48] Cmd: MAP CHECKDEP DONTCLEARMESSAGES DONTDOSLOWREFCHECK
[0008.49] Log: TIMER ALL OF INIT : [7.179343]
