Log: Log file open, 09/01/26 06:32:32
Init: WinSock: version 1.1 (2.2), MaxSocks=32767, MaxUdp=65467
DevConfig: GConfig::Find has loaded file:  ..\..\Engine\Config\ConsoleVariables.ini
Init: Version: 10897
Init: Epic Internal: 0
Init: Compiled (64-bit): Aug 31 2026 06:53:05
Init: Changelist: 1532151
Init: Command line: editor -unattended -nopause -forcelogflush -nosplash -windowed -ResX=1000 -ResY=700 -log=BlankViewportProbe2-20260901-063232-274.log 
Init: Base directory: D:\UnrealEngine3-SC\Binaries\Win64\
[0000.50] Init: Computer: CHEATS
[0000.50] Init: User: vande
[0000.50] Init: CPU Page size=4096, Processors=8
[0000.50] Init: High frequency timer resolution =10.000000 MHz
[0000.50] Init: Memory total: Physical=7.8GB (7GB approx) Pagefile=18.2GB Virtual=131072.0GB
[0000.53] Init: WinSock: I am CHEATS (192.168.56.1:0)
[0000.53] Init: Presizing for 0 objects not considered by GC, pre-allocating 0 bytes.
[0000.53] Init: Object subsystem initialized
[0000.55] Log: SystemSettings based on: SystemSettings
[0000.84] Log: Shader platform (RHI): PC-D3D-SM3
[0003.29] Log: 52516 objects as part of root set at end of initial load.
[0003.29] Log: 0 out of 0 bytes used by permanent object pool.
[0003.44] Log: Supported Consoles:
[0003.44] Log:   PC
[0003.44] Log: Initializing Engine...
[0003.72] Log: Encountered missing default brush - spawning new one
[0004.48] Log: Initializing Engine Completed
[0004.48] Log: >>>>>>>>>>>>>> Initial startup: 4.48s <<<<<<<<<<<<<<<
[0004.92] Cmd: MODE MAPEXT=udk
[0004.92] SourceControl: Stub source control provider is enabled.  Please enable a specific implementation such as WITH_PERFORCE
[0004.92] SourceControl:   For perforce, see SetUpSourceControlEnvironment in UE3BuildExternal.cs for requirements
[0009.74] Cmd: MAP LOAD FILE="..\..\Engine\Content\Maps\Templates\Template_MidDay.umap" TEMPLATE=0
[0010.17] Log: Encountered missing default brush - spawning new one
[0011.08] Log: -- Checking Building LODs
[0011.09] Log: Finished looking for orphan Actors (0.002 secs)
[0011.16] Cmd: MAP CHECKDEP DONTCLEARMESSAGES DONTDOSLOWREFCHECK
[0011.17] Log: TIMER ALL OF INIT : [9.999119]
[0013.35] Log: Encountered missing default brush - spawning new one
[0013.46] Log: Encountered missing default brush - spawning new one
[0020.12] Exit: Preparing to exit.
[0020.22] Exit: Editor shut down
[0020.22] Exit: Transaction tracking system shut down
[0020.36] Exit: Windows client shut down
[0020.37] Exit: XAudio2 Device shut down.
[0020.40] Exit: Object subsystem successfully closed.
[0020.43] Exit: Exiting.
[0020.43] Log: Log file closed, 09/01/26 06:32:52
