Log: Log file open, 09/01/26 15:37:17
Init: WinSock: version 1.1 (2.2), MaxSocks=32767, MaxUdp=65467
DevConfig: GConfig::Find has loaded file:  ..\..\Engine\Config\ConsoleVariables.ini
Init: Version: 10897
Init: Epic Internal: 0
Init: Compiled (64-bit): Sep  1 2026 06:53:10
Init: Changelist: 1532151
Init: Command line: editor -dx11 -nopause -forcelogflush -nosplash -windowed -ResX=1100 -ResY=760 -log=BlankViewModeProbe-20260901-153716-352.log 
Init: Base directory: D:\UnrealEngine3-SC\Binaries\Win64\
[0000.50] Log: Deleting old log file Launch-backup-2026.08.29-13.00.22.log
[0000.50] Log: Deleting old log file Launch-backup-2026.08.29-13.20.50.log
[0000.50] Log: Deleting old log file Launch-backup-2026.08.29-13.21.26.log
[0000.50] Log: Deleting old log file Launch-backup-2026.08.31-00.15.41.log
[0000.51] Init: Computer: CHEATS
[0000.51] Init: User: vande
[0000.51] Init: CPU Page size=4096, Processors=8
[0000.51] Init: High frequency timer resolution =10.000000 MHz
[0000.51] Init: Memory total: Physical=7.8GB (7GB approx) Pagefile=17.3GB Virtual=131072.0GB
[0000.55] Init: WinSock: I am CHEATS (192.168.56.1:0)
[0000.55] Init: Presizing for 0 objects not considered by GC, pre-allocating 0 bytes.
[0000.55] Init: Object subsystem initialized
[0000.57] Log: SystemSettings based on: SystemSettings
[0000.85] Log: Shader platform (RHI): PC-D3D-SM3
[0002.90] Log: 52516 objects as part of root set at end of initial load.
[0002.90] Log: 0 out of 0 bytes used by permanent object pool.
[0002.97] Log: Supported Consoles:
[0002.97] Log:   PC
[0002.97] Log: Initializing Engine...
[0003.17] Log: Encountered missing default brush - spawning new one
[0003.75] Log: Initializing Engine Completed
[0003.75] Log: >>>>>>>>>>>>>> Initial startup: 3.75s <<<<<<<<<<<<<<<
[0003.91] Cmd: MODE MAPEXT=udk
[0003.91] SourceControl: Stub source control provider is enabled.  Please enable a specific implementation such as WITH_PERFORCE
[0003.91] SourceControl:   For perforce, see SetUpSourceControlEnvironment in UE3BuildExternal.cs for requirements
[0007.75] Cmd: MAP LOAD FILE="..\..\Engine\Content\Maps\Templates\Template_MidDay.umap" TEMPLATE=0
[0008.13] Log: Encountered missing default brush - spawning new one
[0009.10] Log: -- Checking Building LODs
[0009.10] Log: Finished looking for orphan Actors (0.002 secs)
[0009.17] Cmd: MAP CHECKDEP DONTCLEARMESSAGES DONTDOSLOWREFCHECK
[0009.17] Log: TIMER ALL OF INIT : [7.823236]
[0009.65] Log: Encountered missing default brush - spawning new one
[0009.74] Log: Encountered missing default brush - spawning new one
[0020.83] Exit: Preparing to exit.
[0021.05] Exit: Editor shut down
[0021.05] Exit: Transaction tracking system shut down
[0021.22] Exit: Windows client shut down
[0021.28] Exit: XAudio2 Device shut down.
[0021.39] Exit: Object subsystem successfully closed.
[0021.42] Exit: Exiting.
[0021.42] Log: Log file closed, 09/01/26 15:37:38
