Log: Log file open, 08/31/26 00:21:37
Init: WinSock: version 1.1 (2.2), MaxSocks=32767, MaxUdp=65467
DevConfig: GConfig::Find has loaded file:  ..\..\Engine\Config\ConsoleVariables.ini
Init: Version: 10897
Init: Epic Internal: 0
Init: Compiled (64-bit): Aug 22 2026 16:54:28
Init: Changelist: 1532151
Init: Command line: editor -unattended -nopause -forcelogflush -nosplash -windowed -ResX=800 -ResY=600 -log=EditorBootVerify-20260831-002136.log 
Init: Base directory: D:\UnrealEngine3-SC\Binaries\Win64\
[0000.46] Init: Computer: CHEATS
[0000.46] Init: User: vande
[0000.46] Init: CPU Page size=4096, Processors=8
[0000.46] Init: High frequency timer resolution =10.000000 MHz
[0000.46] Init: Memory total: Physical=7.8GB (7GB approx) Pagefile=19.2GB Virtual=131072.0GB
[0000.49] Init: WinSock: I am CHEATS (192.168.56.1:0)
[0000.49] Init: Presizing for 0 objects not considered by GC, pre-allocating 0 bytes.
[0000.49] Init: Object subsystem initialized
[0000.51] Log: SystemSettings based on: SystemSettings
[0000.68] Log: Shader platform (RHI): PC-D3D-SM3
[0001.54] Log: Failed to load 'FX_VehicleExplosions': Can't find file for package 'FX_VehicleExplosions' while loading ..\..\UTGame\Content\Vehicles\VH_Cicada.upk
[0001.54] Log: Failed to load 'VH_Raptor': Can't find file for package 'VH_Raptor' while loading ..\..\UTGame\Content\Vehicles\VH_Cicada.upk
[0001.54] Log: Failed to load 'VH_Raptor': Can't find file for package 'VH_Raptor' while loading ..\..\UTGame\Content\Vehicles\VH_Cicada.upk
[0001.54] Log: Failed to load 'FX_VehicleExplosions': Can't find file for package 'FX_VehicleExplosions' while loading ..\..\UTGame\Content\Vehicles\VH_Cicada.upk
[0001.54] Log: Failed to load 'FX_VehicleExplosions': Can't find file for package 'FX_VehicleExplosions' while loading ..\..\UTGame\Content\Vehicles\VH_Cicada.upk
[0001.54] Log: Failed to load 'VH_Raptor': Can't find file for package 'VH_Raptor' while loading ..\..\UTGame\Content\Vehicles\VH_Cicada.upk
[0001.54] Log: Failed to load 'VH_Raptor': Can't find file for package 'VH_Raptor' while loading ..\..\UTGame\Content\Vehicles\VH_Cicada.upk
[0001.58] Log: Failed to load 'LT_Walls': Can't find file for package 'LT_Walls' while loading ..\..\UTGame\Content\Environments\LT_Floors.upk
[0001.58] Log: Failed to load 'UN_Shaders': Can't find file for package 'UN_Shaders' while loading ..\..\UTGame\Content\Environments\LT_Floors.upk
[0001.58] Log: Failed to load 'HU_Walls': Can't find file for package 'HU_Walls' while loading ..\..\UTGame\Content\Environments\LT_Floors.upk
[0001.59] Log: Failed to load 'HU_Walls': Can't find file for package 'HU_Walls' while loading ..\..\UTGame\Content\Environments\LT_Floors.upk
[0001.59] Log: Failed to load 'LT_Bridge': Can't find file for package 'LT_Bridge' while loading ..\..\UTGame\Content\Environments\LT_Floors.upk
[0001.59] Log: Failed to load 'LT_Bridge': Can't find file for package 'LT_Bridge' while loading ..\..\UTGame\Content\Environments\LT_Floors.upk
[0001.59] Log: Failed to load 'LT_Bridge': Can't find file for package 'LT_Bridge' while loading ..\..\UTGame\Content\Environments\LT_Floors.upk
[0001.59] Log: Failed to load 'LT_Walls': Can't find file for package 'LT_Walls' while loading ..\..\UTGame\Content\Environments\LT_Floors.upk
[0001.59] Log: Failed to load 'LT_Walls': Can't find file for package 'LT_Walls' while loading ..\..\UTGame\Content\Environments\LT_Floors.upk
[0001.59] Log: Failed to load 'UN_Shaders': Can't find file for package 'UN_Shaders' while loading ..\..\UTGame\Content\Environments\LT_Floors.upk
[0001.59] Log: Failed to load 'HU_Walls': Can't find file for package 'HU_Walls' while loading ..\..\UTGame\Content\Environments\LT_Floors.upk
[0001.59] Log: Failed to load 'LT_Bridge': Can't find file for package 'LT_Bridge' while loading ..\..\UTGame\Content\Environments\LT_Floors.upk
[0001.59] Log: Failed to load 'LT_Bridge': Can't find file for package 'LT_Bridge' while loading ..\..\UTGame\Content\Environments\LT_Floors.upk
[0001.85] Log: 52506 objects as part of root set at end of initial load.
[0001.85] Log: 0 out of 0 bytes used by permanent object pool.
[0001.89] Log: Supported Consoles:
[0001.89] Log:   PC
[0001.89] Log: Initializing Engine...
[0002.05] Log: Encountered missing default brush - spawning new one
[0002.33] Log: Missing cached shader map for material CASC_BackgroundCube_MAT, quality 0, compiling.
[0002.46] Log: Missing cached shader map for material CASC_CurveEd_MAT, quality 0, compiling.
[0002.78] Log: Missing cached shader map for material CASC_ModuleDisable_MAT, quality 0, compiling.
[0003.38] Log: Missing cached shader map for material CASC_ModuleEnable_MAT, quality 0, compiling.
[0003.95] Log: Missing cached shader map for material CASC_RenderCross_MAT, quality 0, compiling.
[0004.55] Log: Missing cached shader map for material CASC_RenderNone_MAT, quality 0, compiling.
[0005.09] Log: Missing cached shader map for material CASC_RenderNormal_MAT, quality 0, compiling.
[0005.63] Log: Missing cached shader map for material CASC_RenderPoint_MAT, quality 0, compiling.
[0006.20] Log: Missing cached shader map for material CheckMaterial, quality 0, compiling.
[0006.53] Log: Missing cached shader map for material CovergroupIcon_Mat, quality 0, compiling.
[0006.87] Log: Missing cached shader map for material Frac_ElementMaterial, quality 0, compiling.
[0007.04] Log: Missing cached shader map for material GridMaterial, quality 0, compiling.
[0007.37] Log: Missing cached shader map for material MAT_EnableTrack_Mat, quality 0, compiling.
[0007.72] Log: Missing cached shader map for material MAT_ColorTrack_Mat, quality 0, compiling.
[0007.88] Log: Missing cached shader map for material MAT_Groups_Anim_Mat, quality 0, compiling.
[0008.52] Log: Missing cached shader map for material MAT_Groups_AudioMaster_Mat, quality 0, compiling.
[0009.15] Log: Missing cached shader map for material MAT_Groups_Director_Mat, quality 0, compiling.
[0009.76] Log: Missing cached shader map for material MAT_Groups_Event_Mat, quality 0, compiling.
[0010.48] Log: Missing cached shader map for material MAT_Groups_Fade_Mat, quality 0, compiling.
[0010.75] Log: Missing cached shader map for material MAT_Groups_Float_Mat, quality 0, compiling.
[0011.29] Log: Missing cached shader map for material MAT_Groups_Graph_Off_Mat, quality 0, compiling.
[0011.58] Log: Missing cached shader map for material MAT_Groups_Graph_On_Mat, quality 0, compiling.
[0011.85] Log: Missing cached shader map for material MAT_Groups_Left_Off_Mat, quality 0, compiling.
[0012.38] Log: Missing cached shader map for material MAT_Groups_Left_On_Mat, quality 0, compiling.
[0012.91] Log: Missing cached shader map for material MAT_Groups_Move_Mat, quality 0, compiling.
[0013.44] Log: Missing cached shader map for material MAT_Groups_ParticleReplay_Mat, quality 0, compiling.
[0013.99] Log: Missing cached shader map for material MAT_Groups_Right_Off_Mat, quality 0, compiling.
[0014.50] Log: Missing cached shader map for material MAT_Groups_Right_On_Mat, quality 0, compiling.
[0015.02] Log: Missing cached shader map for material MAT_Groups_Slomo_Mat, quality 0, compiling.
[0015.54] Log: Missing cached shader map for material MAT_Groups_Sound_Mat, quality 0, compiling.
[0016.06] Log: Missing cached shader map for material MAT_Groups_Toggle_Mat, quality 0, compiling.
[0016.60] Log: Missing cached shader map for material MAT_Groups_Trajectory_Off_Mat, quality 0, compiling.
[0016.86] Log: Missing cached shader map for material MAT_Groups_Trajectory_On_Mat, quality 0, compiling.
[0017.12] Log: Missing cached shader map for material MAT_Groups_Vector_Mat, quality 0, compiling.
[0017.66] Log: Missing cached shader map for material MAT_Groups_View_Off_Mat, quality 0, compiling.
[0018.19] Log: Missing cached shader map for material MAT_Groups_View_On_Mat, quality 0, compiling.
[0018.75] Log: Missing cached shader map for material MAT_Groups_Visibility_Mat, quality 0, compiling.
[0019.28] Log: Missing cached shader map for material PhAT_BoneSelectedMaterial, quality 0, compiling.
[0019.43] Log: Missing cached shader map for material PhAT_ElemSelectedMaterial, quality 0, compiling.
[0019.57] Log: Missing cached shader map for material PhAT_JointLimitMaterial, quality 0, compiling.
[0019.71] Log: Missing cached shader map for material PhAT_NoCollisionMaterial, quality 0, compiling.
[0019.85] Log: Missing cached shader map for material PhAT_UnselectedMaterial, quality 0, compiling.
[0019.99] Log: Missing cached shader map for material TLB_AddLayer_Icon_MAT, quality 0, compiling.
[0020.27] Log: Missing cached shader map for material TLB_AddMaterial_Icon_MAT, quality 0, compiling.
[0020.53] Log: Missing cached shader map for material TLB_Closed_Alpha_MAT, quality 0, compiling.
[0021.06] Log: Missing cached shader map for material TLB_Closed_MAT, quality 0, compiling.
[0021.33] Log: Missing cached shader map for material TLB_DecoLayer_Alpha_MAT, quality 0, compiling.
[0021.85] Log: Missing cached shader map for material TLB_DecoLayer_Icon_MAT, quality 0, compiling.
[0022.12] Log: Missing cached shader map for material TLB_DecoLayer_MAT, quality 0, compiling.
[0022.41] Log: Missing cached shader map for material TLB_DecoLayer_Pressed_MAT, quality 0, compiling.
[0022.67] Log: Missing cached shader map for material TLB_Decoration_Alpha_MAT, quality 0, compiling.
[0023.24] Log: Missing cached shader map for material TLB_Decoration_Icon_MAT, quality 0, compiling.
[0023.52] Log: Missing cached shader map for material TLB_Empty_MAT, quality 0, compiling.
[0023.80] Log: Missing cached shader map for material TLB_Foliage_Alpha_MAT, quality 0, compiling.
[0024.33] Log: Missing cached shader map for material TLB_FoliageOverlay_Alpha_MAT, quality 0, compiling.
[0024.87] Log: Missing cached shader map for material TLB_FoliageOverlayLeft_Alpha_MAT, quality 0, compiling.
[0025.40] Log: Missing cached shader map for material TLB_HeightMap_Alpha_MAT, quality 0, compiling.
[0025.96] Log: Missing cached shader map for material TLB_HeightMap_MAT, quality 0, compiling.
[0026.27] Log: Missing cached shader map for material TLB_Layer_Alpha_MAT, quality 0, compiling.
[0026.81] Log: Missing cached shader map for material TLB_Lock_MAT, quality 0, compiling.
[0027.09] Log: Missing cached shader map for material TLB_Material_Alpha_MAT, quality 0, compiling.
[0027.64] Log: Missing cached shader map for material TLB_Open_Alpha_MAT, quality 0, compiling.
[0028.17] Log: Missing cached shader map for material TLB_Open_MAT, quality 0, compiling.
[0028.46] Log: Missing cached shader map for material TLB_ProceduralOverlay_Alpha_MAT, quality 0, compiling.
[0028.99] Log: Missing cached shader map for material TLB_Solid_MAT, quality 0, compiling.
[0029.27] Log: Missing cached shader map for material TLB_SolidOff_MAT, quality 0, compiling.
[0029.55] Log: Missing cached shader map for material TLB_View_MAT, quality 0, compiling.
[0029.82] Log: Missing cached shader map for material TLB_Wireframe_MAT, quality 0, compiling.
[0030.10] Log: Missing cached shader map for material TLB_WireframeOff_MAT, quality 0, compiling.
[0030.36] Log: Missing cached shader map for material LinearColorPicker_MAT, quality 0, compiling.
[0030.64] Log: Missing cached shader map for material WidgetGridVertexColorMaterial_Mat, quality 0, compiling.
[0031.46] Log: Missing cached shader map for material WidgetMaterial, quality 0, compiling.
[0031.97] Log: Missing cached shader map for material WidgetMaterial_Current, quality 0, compiling.
[0032.03] Log: Missing cached shader map for material WidgetMaterial_X, quality 0, compiling.
[0032.11] Log: Missing cached shader map for material WidgetMaterial_Y, quality 0, compiling.
[0032.19] Log: Missing cached shader map for material WidgetMaterial_Z, quality 0, compiling.
[0032.26] Log: Missing cached shader map for material WidgetVertexColorMaterial, quality 0, compiling.
[0032.52] Log: Missing cached shader map for material M_ES_Phong_Masked_Master_1sided, quality 0, compiling.
[0034.55] Log: Missing cached shader map for material M_ES_Phong_Masked_Master_2sided, quality 0, compiling.
[0037.96] Log: Missing cached shader map for material M_ES_Phong_Opaque_Liquid_Master_01, quality 0, compiling.
[0042.52] Log: Missing cached shader map for material M_ES_Phong_Opaque_Master_01, quality 0, compiling.
