Log: Log file open, 08/31/26 00:20:36
Init: WinSock: version 1.1 (2.2), MaxSocks=32767, MaxUdp=65467
DevConfig: GConfig::Find has loaded file:  ..\..\Engine\Config\ConsoleVariables.ini
Init: Version: 10897
Init: Epic Internal: 0
Init: Compiled (64-bit): Aug 22 2026 16:54:28
Init: Changelist: 1532151
Init: Command line: editor -unattended -nopause -forcelogflush -nosplash -windowed -ResX=800 -ResY=600 -log=EditorBootVerify-20260831-002035.log 
Init: Base directory: D:\UnrealEngine3-SC\Binaries\Win64\
[0000.44] Init: Computer: CHEATS
[0000.44] Init: User: vande
[0000.44] Init: CPU Page size=4096, Processors=8
[0000.44] Init: High frequency timer resolution =10.000000 MHz
[0000.44] Init: Memory total: Physical=7.8GB (7GB approx) Pagefile=19.2GB Virtual=131072.0GB
[0000.48] Init: WinSock: I am CHEATS (192.168.56.1:0)
[0000.48] Init: Presizing for 0 objects not considered by GC, pre-allocating 0 bytes.
[0000.48] Init: Object subsystem initialized
[0000.49] Log: SystemSettings based on: SystemSettings
[0000.77] Log: Shader platform (RHI): PC-D3D-SM3
[0001.99] Log: Failed to load 'VH_Weapons': Can't find file for package 'VH_Weapons' while loading ..\..\UTGame\Content\Vehicles\VH_Manta.upk
[0001.99] Log: Failed to load 'VH_Weapons': Can't find file for package 'VH_Weapons' while loading ..\..\UTGame\Content\Vehicles\VH_Manta.upk
[0002.04] Log: Failed to load 'VH_Cicada': Can't find file for package 'VH_Cicada' while loading ..\..\UTGame\Content\Vehicles\VH_Scorpion.upk
[0002.04] Log: Failed to load 'VH_Cicada': Can't find file for package 'VH_Cicada' while loading ..\..\UTGame\Content\Vehicles\VH_Scorpion.upk
[0002.04] Log: Failed to load 'VH_Cicada': Can't find file for package 'VH_Cicada' while loading ..\..\UTGame\Content\Vehicles\VH_Fury.upk
[0002.05] Log: Failed to load 'VH_Cicada': Can't find file for package 'VH_Cicada' while loading ..\..\UTGame\Content\Vehicles\VH_Fury.upk
[0002.05] Log: Failed to load 'VH_Cicada': Can't find file for package 'VH_Cicada' while loading ..\..\UTGame\Content\Vehicles\VH_Fury.upk
[0002.05] Log: Failed to load 'VH_Cicada': Can't find file for package 'VH_Cicada' while loading ..\..\UTGame\Content\Vehicles\VH_Scorpion.upk
[0002.08] Log: Failed to load 'UN_Terrain': Can't find file for package 'UN_Terrain' while loading ..\..\UTGame\Content\Effects\Envy_Effects_UT3_Original.upk
[0002.08] Log: Failed to load 'UN_Terrain': Can't find file for package 'UN_Terrain' while loading ..\..\UTGame\Content\Effects\Envy_Effects_UT3_Original.upk
[0002.08] Log: Failed to load 'UN_Terrain': Can't find file for package 'UN_Terrain' while loading ..\..\UTGame\Content\Effects\Envy_Effects_UT3_Original.upk
[0002.08] Log: Failed to load 'A_Weapon_Enforcer': Can't find file for package 'A_Weapon_Enforcer' while loading ..\..\UTGame\Content\Weapons\WP_Enforcers.upk
[0002.08] Log: Failed to load 'A_Weapon_Enforcer': Can't find file for package 'A_Weapon_Enforcer' while loading ..\..\UTGame\Content\Weapons\WP_Enforcers.upk
[0002.08] Log: Failed to load 'A_Weapon_Enforcer': Can't find file for package 'A_Weapon_Enforcer' while loading ..\..\UTGame\Content\Weapons\WP_Enforcers.upk
[0002.08] Log: Failed to load 'VH_Cicada': Can't find file for package 'VH_Cicada' while loading ..\..\UTGame\Content\Weapons\WP_LinkGun.upk
[0002.08] Log: Failed to load 'VH_Cicada': Can't find file for package 'VH_Cicada' while loading ..\..\UTGame\Content\Weapons\WP_LinkGun.upk
[0002.08] Log: Failed to load 'VH_Cicada': Can't find file for package 'VH_Cicada' while loading ..\..\UTGame\Content\Weapons\WP_LinkGun.upk
[0002.08] Log: Failed to load 'VH_Cicada': Can't find file for package 'VH_Cicada' while loading ..\..\UTGame\Content\Vehicles\VH_Manta.upk
[0002.08] Log: Failed to load 'VH_Cicada': Can't find file for package 'VH_Cicada' while loading ..\..\UTGame\Content\Vehicles\VH_Manta.upk
[0002.08] Log: Failed to load 'VH_Weapons': Can't find file for package 'VH_Weapons' while loading ..\..\UTGame\Content\Vehicles\VH_Manta.upk
[0002.08] Log: Failed to load 'VH_Weapons': Can't find file for package 'VH_Weapons' while loading ..\..\UTGame\Content\Vehicles\VH_Manta.upk
[0002.09] Log: Failed to load 'VH_Cicada': Can't find file for package 'VH_Cicada' while loading ..\..\UTGame\Content\Vehicles\VH_Manta.upk
[0002.09] Log: Failed to load 'UN_Rock2': Can't find file for package 'UN_Rock2' while loading ..\..\UTGame\Content\Environments\UN_Rock.upk
[0002.09] Log: Failed to load 'UN_Rock2': Can't find file for package 'UN_Rock2' while loading ..\..\UTGame\Content\Environments\UN_Rock.upk
[0002.09] Log: Failed to load 'UN_Rock2': Can't find file for package 'UN_Rock2' while loading ..\..\UTGame\Content\Environments\UN_Rock.upk
[0002.09] Log: Failed to load 'UN_Rock2': Can't find file for package 'UN_Rock2' while loading ..\..\UTGame\Content\Environments\UN_Rock.upk
[0002.14] Log: Failed to load 'HU_Base': Can't find file for package 'HU_Base' while loading ..\..\UTGame\Content\Environments\HU_Deco.upk
[0002.14] Log: Failed to load 'UN_Misc': Can't find file for package 'UN_Misc' while loading ..\..\UTGame\Content\Environments\HU_Deco.upk
[0002.14] Log: Failed to load 'ASC_Base': Can't find file for package 'ASC_Base' while loading ..\..\UTGame\Content\Environments\HU_Deco.upk
[0002.14] Log: Failed to load 'ASC_Base': Can't find file for package 'ASC_Base' while loading ..\..\UTGame\Content\Environments\HU_Deco.upk
[0002.14] Log: Failed to load 'ASC_Base': Can't find file for package 'ASC_Base' while loading ..\..\UTGame\Content\Environments\HU_Deco.upk
[0002.14] Log: Failed to load 'HU_Base': Can't find file for package 'HU_Base' while loading ..\..\UTGame\Content\Environments\HU_Deco.upk
[0002.14] Log: Failed to load 'HU_Base': Can't find file for package 'HU_Base' while loading ..\..\UTGame\Content\Environments\HU_Deco.upk
[0002.15] Log: Failed to load 'LT_Base': Can't find file for package 'LT_Base' while loading ..\..\UTGame\Content\Environments\HU_Deco.upk
[0002.15] Log: Failed to load 'LT_Base': Can't find file for package 'LT_Base' while loading ..\..\UTGame\Content\Environments\HU_Deco.upk
[0002.15] Log: Failed to load 'LT_Base': Can't find file for package 'LT_Base' while loading ..\..\UTGame\Content\Environments\HU_Deco.upk
[0002.15] Log: Failed to load 'UN_Misc': Can't find file for package 'UN_Misc' while loading ..\..\UTGame\Content\Environments\HU_Deco.upk
[0002.15] Log: Failed to load 'UN_Misc': Can't find file for package 'UN_Misc' while loading ..\..\UTGame\Content\Environments\HU_Deco.upk
[0002.15] Log: Failed to load 'UN_Misc': Can't find file for package 'UN_Misc' while loading ..\..\UTGame\Content\Environments\HU_Deco.upk
[0002.15] Log: Failed to load 'UN_Rock2': Can't find file for package 'UN_Rock2' while loading ..\..\UTGame\Content\Environments\HU_Deco.upk
[0002.15] Log: Failed to load 'UN_Rock2': Can't find file for package 'UN_Rock2' while loading ..\..\UTGame\Content\Environments\HU_Deco.upk
[0002.15] Log: Failed to load 'ASC_Base': Can't find file for package 'ASC_Base' while loading ..\..\UTGame\Content\Environments\HU_Deco.upk
[0002.15] Log: Failed to load 'LT_Base': Can't find file for package 'LT_Base' while loading ..\..\UTGame\Content\Environments\HU_Deco.upk
[0002.15] Log: Failed to load 'UN_Rock2': Can't find file for package 'UN_Rock2' while loading ..\..\UTGame\Content\Environments\HU_Deco.upk
[0002.15] Log: Failed to load 'UN_Rock2': Can't find file for package 'UN_Rock2' while loading ..\..\UTGame\Content\Environments\HU_Deco.upk
[0002.15] Log: Failed to load 'UN_Rock2': Can't find file for package 'UN_Rock2' while loading ..\..\UTGame\Content\Environments\HU_Deco.upk
[0002.17] Log: Failed to load 'LT_Floors': Can't find file for package 'LT_Floors' while loading ..\..\UTGame\Content\Environments\LT_Deco.upk
[0002.17] Log: Failed to load 'LT_Floors': Can't find file for package 'LT_Floors' while loading ..\..\UTGame\Content\Environments\LT_Deco.upk
[0002.17] Log: Failed to load 'LT_Floors': Can't find file for package 'LT_Floors' while loading ..\..\UTGame\Content\Environments\LT_Deco.upk
[0002.17] Log: Failed to load 'LT_Floors': Can't find file for package 'LT_Floors' while loading ..\..\UTGame\Content\Environments\LT_Deco.upk
[0002.74] Log: 52490 objects as part of root set at end of initial load.
[0002.74] Log: 0 out of 0 bytes used by permanent object pool.
[0002.86] Log: Supported Consoles:
[0002.86] Log:   PC
[0002.86] Log: Initializing Engine...
[0003.08] Log: Encountered missing default brush - spawning new one
[0003.56] Log: Missing cached shader map for material CASC_BackgroundCube_MAT, quality 0, compiling.
[0003.77] Log: Missing cached shader map for material CASC_CurveEd_MAT, quality 0, compiling.
[0004.14] Log: Missing cached shader map for material CASC_ModuleDisable_MAT, quality 0, compiling.
[0004.74] Log: Missing cached shader map for material CASC_ModuleEnable_MAT, quality 0, compiling.
[0005.41] Log: Missing cached shader map for material CASC_RenderCross_MAT, quality 0, compiling.
[0006.08] Log: Missing cached shader map for material CASC_RenderNone_MAT, quality 0, compiling.
[0006.70] Log: Missing cached shader map for material CASC_RenderNormal_MAT, quality 0, compiling.
[0007.34] Log: Missing cached shader map for material CASC_RenderPoint_MAT, quality 0, compiling.
[0008.03] Log: Missing cached shader map for material CheckMaterial, quality 0, compiling.
[0008.49] Log: Missing cached shader map for material CovergroupIcon_Mat, quality 0, compiling.
[0008.91] Log: Missing cached shader map for material Frac_ElementMaterial, quality 0, compiling.
[0009.09] Log: Missing cached shader map for material GridMaterial, quality 0, compiling.
[0009.48] Log: Missing cached shader map for material MAT_EnableTrack_Mat, quality 0, compiling.
[0009.76] Log: Missing cached shader map for material MAT_ColorTrack_Mat, quality 0, compiling.
[0009.91] Log: Missing cached shader map for material MAT_Groups_Anim_Mat, quality 0, compiling.
[0010.44] Log: Missing cached shader map for material MAT_Groups_AudioMaster_Mat, quality 0, compiling.
[0011.01] Log: Missing cached shader map for material MAT_Groups_Director_Mat, quality 0, compiling.
[0011.54] Log: Missing cached shader map for material MAT_Groups_Event_Mat, quality 0, compiling.
[0012.08] Log: Missing cached shader map for material MAT_Groups_Fade_Mat, quality 0, compiling.
[0012.34] Log: Missing cached shader map for material MAT_Groups_Float_Mat, quality 0, compiling.
[0012.91] Log: Missing cached shader map for material MAT_Groups_Graph_Off_Mat, quality 0, compiling.
[0013.20] Log: Missing cached shader map for material MAT_Groups_Graph_On_Mat, quality 0, compiling.
[0013.48] Log: Missing cached shader map for material MAT_Groups_Left_Off_Mat, quality 0, compiling.
[0014.03] Log: Missing cached shader map for material MAT_Groups_Left_On_Mat, quality 0, compiling.
[0014.60] Log: Missing cached shader map for material MAT_Groups_Move_Mat, quality 0, compiling.
[0015.20] Log: Missing cached shader map for material MAT_Groups_ParticleReplay_Mat, quality 0, compiling.
[0015.72] Log: Missing cached shader map for material MAT_Groups_Right_Off_Mat, quality 0, compiling.
[0016.30] Log: Missing cached shader map for material MAT_Groups_Right_On_Mat, quality 0, compiling.
[0016.90] Log: Missing cached shader map for material MAT_Groups_Slomo_Mat, quality 0, compiling.
[0017.48] Log: Missing cached shader map for material MAT_Groups_Sound_Mat, quality 0, compiling.
[0018.07] Log: Missing cached shader map for material MAT_Groups_Toggle_Mat, quality 0, compiling.
[0019.00] Log: Missing cached shader map for material MAT_Groups_Trajectory_Off_Mat, quality 0, compiling.
[0019.37] Log: Missing cached shader map for material MAT_Groups_Trajectory_On_Mat, quality 0, compiling.
[0019.72] Log: Missing cached shader map for material MAT_Groups_Vector_Mat, quality 0, compiling.
[0020.34] Log: Missing cached shader map for material MAT_Groups_View_Off_Mat, quality 0, compiling.
[0020.86] Log: Missing cached shader map for material MAT_Groups_View_On_Mat, quality 0, compiling.
[0021.39] Log: Missing cached shader map for material MAT_Groups_Visibility_Mat, quality 0, compiling.
[0021.93] Log: Missing cached shader map for material PhAT_BoneSelectedMaterial, quality 0, compiling.
[0022.07] Log: Missing cached shader map for material PhAT_ElemSelectedMaterial, quality 0, compiling.
[0022.21] Log: Missing cached shader map for material PhAT_JointLimitMaterial, quality 0, compiling.
[0022.36] Log: Missing cached shader map for material PhAT_NoCollisionMaterial, quality 0, compiling.
[0022.50] Log: Missing cached shader map for material PhAT_UnselectedMaterial, quality 0, compiling.
[0022.64] Log: Missing cached shader map for material TLB_AddLayer_Icon_MAT, quality 0, compiling.
[0022.92] Log: Missing cached shader map for material TLB_AddMaterial_Icon_MAT, quality 0, compiling.
[0023.18] Log: Missing cached shader map for material TLB_Closed_Alpha_MAT, quality 0, compiling.
[0023.74] Log: Missing cached shader map for material TLB_Closed_MAT, quality 0, compiling.
[0024.05] Log: Missing cached shader map for material TLB_DecoLayer_Alpha_MAT, quality 0, compiling.
[0024.64] Log: Missing cached shader map for material TLB_DecoLayer_Icon_MAT, quality 0, compiling.
[0024.87] Log: Missing cached shader map for material TLB_DecoLayer_MAT, quality 0, compiling.
[0025.17] Log: Missing cached shader map for material TLB_DecoLayer_Pressed_MAT, quality 0, compiling.
[0025.44] Log: Missing cached shader map for material TLB_Decoration_Alpha_MAT, quality 0, compiling.
[0026.11] Log: Missing cached shader map for material TLB_Decoration_Icon_MAT, quality 0, compiling.
[0026.49] Log: Missing cached shader map for material TLB_Empty_MAT, quality 0, compiling.
[0026.82] Log: Missing cached shader map for material TLB_Foliage_Alpha_MAT, quality 0, compiling.
[0027.43] Log: Missing cached shader map for material TLB_FoliageOverlay_Alpha_MAT, quality 0, compiling.
[0028.04] Log: Missing cached shader map for material TLB_FoliageOverlayLeft_Alpha_MAT, quality 0, compiling.
[0028.72] Log: Missing cached shader map for material TLB_HeightMap_Alpha_MAT, quality 0, compiling.
[0029.37] Log: Missing cached shader map for material TLB_HeightMap_MAT, quality 0, compiling.
