Log: Log file open, 08/31/26 06:54:22
Init: WinSock: version 1.1 (2.2), MaxSocks=32767, MaxUdp=65467
DevConfig: GConfig::Find has loaded file:  ..\..\Engine\Config\ConsoleVariables.ini
Init: Version: 10897
Init: Epic Internal: 0
Init: Compiled (64-bit): Aug 31 2026 06:53:05
Init: Changelist: 1532151
Init: Command line: editor -unattended -nopause -forcelogflush -nosplash -windowed -ResX=800 -ResY=600 -log=EditorBootPostRebuild-20260831-065421.log 
Init: Base directory: D:\UnrealEngine3-SC\Binaries\Win64\
[0000.49] Init: Computer: CHEATS
[0000.49] Init: User: vande
[0000.49] Init: CPU Page size=4096, Processors=8
[0000.49] Init: High frequency timer resolution =10.000000 MHz
[0000.49] Init: Memory total: Physical=7.8GB (7GB approx) Pagefile=20.0GB Virtual=131072.0GB
[0000.52] Init: WinSock: I am CHEATS (192.168.56.1:0)
[0000.52] Init: Presizing for 0 objects not considered by GC, pre-allocating 0 bytes.
[0000.52] Init: Object subsystem initialized
[0000.54] Log: SystemSettings based on: SystemSettings
[0000.79] Log: Shader platform (RHI): PC-D3D-SM3
[0002.86] Log: 52516 objects as part of root set at end of initial load.
[0002.86] Log: 0 out of 0 bytes used by permanent object pool.
[0002.99] Log: Supported Consoles:
[0002.99] Log:   PC
[0002.99] Log: Initializing Engine...
[0003.19] Log: Encountered missing default brush - spawning new one
[0003.78] Log: Initializing Engine Completed
[0003.78] Log: >>>>>>>>>>>>>> Initial startup: 3.78s <<<<<<<<<<<<<<<
[0004.10] Cmd: MODE MAPEXT=udk
[0004.10] SourceControl: Stub source control provider is enabled.  Please enable a specific implementation such as WITH_PERFORCE
[0004.10] SourceControl:   For perforce, see SetUpSourceControlEnvironment in UE3BuildExternal.cs for requirements
[0009.66] Cmd: MAP LOAD FILE="..\..\Engine\Content\Maps\Templates\Template_MidDay.umap" TEMPLATE=0
[0010.22] Log: Encountered missing default brush - spawning new one
[0011.08] Log: -- Checking Building LODs
[0011.09] Log: Finished looking for orphan Actors (0.002 secs)
[0011.14] Cmd: MAP CHECKDEP DONTCLEARMESSAGES DONTDOSLOWREFCHECK
[0011.15] Log: TIMER ALL OF INIT : [9.888934]
[0078.70] Exit: Preparing to exit.
[0078.81] Exit: Editor shut down
[0078.81] Exit: Transaction tracking system shut down
[0078.95] Exit: Windows client shut down
[0078.95] Exit: XAudio2 Device shut down.
[0078.99] Exit: Object subsystem successfully closed.
[0079.02] Exit: Exiting.
[0079.02] Log: Log file closed, 08/31/26 06:55:41
