Log: Log file open, 09/01/26 07:15:18
Init: WinSock: version 1.1 (2.2), MaxSocks=32767, MaxUdp=65467
DevConfig: GConfig::Find has loaded file:  ..\..\Engine\Config\ConsoleVariables.ini
Init: Version: 10897
Init: Epic Internal: 0
Init: Compiled (64-bit): Sep  1 2026 06:53:10
Init: Changelist: 1532151
Init: Command line: editor -unattended -nopause -forcelogflush -nosplash -windowed -ResX=800 -ResY=600 -log=EditorConsoleProbe-20260901-071517-904.log 
Init: Base directory: D:\UnrealEngine3-SC\Binaries\Win64\
[0000.50] Init: Computer: CHEATS
[0000.50] Init: User: vande
[0000.50] Init: CPU Page size=4096, Processors=8
[0000.50] Init: High frequency timer resolution =10.000000 MHz
[0000.50] Init: Memory total: Physical=7.8GB (7GB approx) Pagefile=18.1GB Virtual=131072.0GB
[0000.54] Init: WinSock: I am CHEATS (192.168.56.1:0)
[0000.54] Init: Presizing for 0 objects not considered by GC, pre-allocating 0 bytes.
[0000.54] Init: Object subsystem initialized
[0000.55] Log: SystemSettings based on: SystemSettings
[0000.72] Log: Shader platform (RHI): PC-D3D-SM3
[0001.92] Log: 52516 objects as part of root set at end of initial load.
[0001.92] Log: 0 out of 0 bytes used by permanent object pool.
[0001.95] Log: Supported Consoles:
[0001.95] Log:   PC
[0001.95] Log: Initializing Engine...
[0002.12] Log: Encountered missing default brush - spawning new one
[0002.50] Log: Initializing Engine Completed
[0002.50] Log: >>>>>>>>>>>>>> Initial startup: 2.50s <<<<<<<<<<<<<<<
[0002.60] Cmd: MODE MAPEXT=udk
[0002.60] SourceControl: Stub source control provider is enabled.  Please enable a specific implementation such as WITH_PERFORCE
[0002.60] SourceControl:   For perforce, see SetUpSourceControlEnvironment in UE3BuildExternal.cs for requirements
[0006.03] Cmd: MAP LOAD FILE="..\..\Engine\Content\Maps\Templates\Template_MidDay.umap" TEMPLATE=0
[0006.33] Log: Encountered missing default brush - spawning new one
[0007.03] Log: -- Checking Building LODs
[0007.03] Log: Finished looking for orphan Actors (0.001 secs)
[0007.08] Cmd: MAP CHECKDEP DONTCLEARMESSAGES DONTDOSLOWREFCHECK
[0007.09] Log: TIMER ALL OF INIT : [6.031258]
[0007.35] Cmd: GETALL Engine C_WireBackground
[0007.35] Log: 0) UnrealEdEngine Transient.UnrealEdEngine_0.C_WireBackground = (B=0,G=0,R=0,A=255)
[0007.36] Cmd: 
[0009.98] Exit: Preparing to exit.
[0010.16] Exit: Editor shut down
[0010.16] Exit: Transaction tracking system shut down
[0010.30] Exit: Windows client shut down
[0010.31] Exit: XAudio2 Device shut down.
[0010.34] Exit: Object subsystem successfully closed.
[0010.37] Exit: Exiting.
[0010.37] Log: Log file closed, 09/01/26 07:15:28
