Log: Log file open, 09/01/26 07:15:58
Init: WinSock: version 1.1 (2.2), MaxSocks=32767, MaxUdp=65467
DevConfig: GConfig::Find has loaded file:  ..\..\Engine\Config\ConsoleVariables.ini
Init: Version: 10897
Init: Epic Internal: 0
Init: Compiled (64-bit): Sep  1 2026 06:53:10
Init: Changelist: 1532151
Init: Command line: editor -unattended -nopause -forcelogflush -nosplash -windowed -log=EditorSetProbe-20260901-071557-461.log 
Init: Base directory: D:\UnrealEngine3-SC\Binaries\Win64\
[0000.50] Init: Computer: CHEATS
[0000.50] Init: User: vande
[0000.50] Init: CPU Page size=4096, Processors=8
[0000.50] Init: High frequency timer resolution =10.000000 MHz
[0000.50] Init: Memory total: Physical=7.8GB (7GB approx) Pagefile=18.1GB Virtual=131072.0GB
[0000.54] Init: WinSock: I am CHEATS (192.168.56.1:0)
[0000.54] Init: Presizing for 0 objects not considered by GC, pre-allocating 0 bytes.
[0000.54] Init: Object subsystem initialized
[0000.55] Log: SystemSettings based on: SystemSettings
[0000.72] Log: Shader platform (RHI): PC-D3D-SM3
[0001.94] Log: 52516 objects as part of root set at end of initial load.
[0001.94] Log: 0 out of 0 bytes used by permanent object pool.
[0001.98] Log: Supported Consoles:
[0001.98] Log:   PC
[0001.98] Log: Initializing Engine...
[0002.14] Log: Encountered missing default brush - spawning new one
[0002.54] Log: Initializing Engine Completed
[0002.54] Log: >>>>>>>>>>>>>> Initial startup: 2.54s <<<<<<<<<<<<<<<
[0002.62] Cmd: MODE MAPEXT=udk
[0002.62] SourceControl: Stub source control provider is enabled.  Please enable a specific implementation such as WITH_PERFORCE
[0002.62] SourceControl:   For perforce, see SetUpSourceControlEnvironment in UE3BuildExternal.cs for requirements
[0005.97] Cmd: MAP LOAD FILE="..\..\Engine\Content\Maps\Templates\Template_MidDay.umap" TEMPLATE=0
[0006.29] Log: Encountered missing default brush - spawning new one
[0007.02] Log: -- Checking Building LODs
[0007.03] Log: Finished looking for orphan Actors (0.002 secs)
[0007.08] Cmd: MAP CHECKDEP DONTCLEARMESSAGES DONTDOSLOWREFCHECK
[0007.09] Log: TIMER ALL OF INIT : [6.027887]
[0007.33] Log: Set commands not allowed in the editor
[0007.34] Cmd: 
[0007.84] Cmd: GETALL Engine C_WireBackground
[0007.85] Log: 0) UnrealEdEngine Transient.UnrealEdEngine_0.C_WireBackground = (B=0,G=0,R=0,A=255)
[0007.85] Cmd: 
[0008.96] Exit: Preparing to exit.
[0009.06] Exit: Editor shut down
[0009.06] Exit: Transaction tracking system shut down
[0009.20] Exit: Windows client shut down
[0009.21] Exit: XAudio2 Device shut down.
[0009.24] Exit: Object subsystem successfully closed.
[0009.27] Exit: Exiting.
[0009.27] Log: Log file closed, 09/01/26 07:16:06
