Log: Log file open, 08/31/26 00:22:54
Init: WinSock: version 1.1 (2.2), MaxSocks=32767, MaxUdp=65467
DevConfig: GConfig::Find has loaded file:  ..\..\Engine\Config\ConsoleVariables.ini
Init: Version: 10897
Init: Epic Internal: 0
Init: Compiled (64-bit): Aug 22 2026 16:54:28
Init: Changelist: 1532151
Init: Command line: editor -unattended -nopause -forcelogflush -nosplash -windowed -ResX=800 -ResY=600 -log=EditorDependencyProbe-20260831-002253.log 
Init: Base directory: D:\UnrealEngine3-SC\Binaries\Win64\
[0000.51] Init: Computer: CHEATS
[0000.51] Init: User: vande
[0000.51] Init: CPU Page size=4096, Processors=8
[0000.51] Init: High frequency timer resolution =10.000000 MHz
[0000.51] Init: Memory total: Physical=7.8GB (7GB approx) Pagefile=19.2GB Virtual=131072.0GB
[0000.54] Init: WinSock: I am CHEATS (192.168.56.1:0)
[0000.54] Init: Presizing for 0 objects not considered by GC, pre-allocating 0 bytes.
[0000.54] Init: Object subsystem initialized
[0000.56] Log: SystemSettings based on: SystemSettings
[0000.73] Log: Shader platform (RHI): PC-D3D-SM3
[0001.65] Log: Failed to load 'LT_Mech': Can't find file for package 'LT_Mech' while loading ..\..\UTGame\Content\Environments\HU_Walls.upk
[0001.65] Log: Failed to load 'LT_Mech': Can't find file for package 'LT_Mech' while loading ..\..\UTGame\Content\Environments\HU_Walls.upk
[0001.65] Log: Failed to load 'LT_Mech': Can't find file for package 'LT_Mech' while loading ..\..\UTGame\Content\Environments\HU_Walls.upk
[0001.66] Log: Failed to load 'LT_Mech': Can't find file for package 'LT_Mech' while loading ..\..\UTGame\Content\Environments\HU_Walls.upk
[0001.91] Log: 52513 objects as part of root set at end of initial load.
[0001.91] Log: 0 out of 0 bytes used by permanent object pool.
[0001.95] Log: Supported Consoles:
[0001.95] Log:   PC
[0001.95] Log: Initializing Engine...
[0002.11] Log: Encountered missing default brush - spawning new one
[0002.39] Log: Missing cached shader map for material CASC_BackgroundCube_MAT, quality 0, compiling.
[0002.53] Log: Missing cached shader map for material CASC_CurveEd_MAT, quality 0, compiling.
[0002.86] Log: Missing cached shader map for material CASC_ModuleDisable_MAT, quality 0, compiling.
[0003.52] Log: Missing cached shader map for material CASC_ModuleEnable_MAT, quality 0, compiling.
[0004.13] Log: Missing cached shader map for material CASC_RenderCross_MAT, quality 0, compiling.
[0004.79] Log: Missing cached shader map for material CASC_RenderNone_MAT, quality 0, compiling.
[0005.39] Log: Missing cached shader map for material CASC_RenderNormal_MAT, quality 0, compiling.
[0005.95] Log: Missing cached shader map for material CASC_RenderPoint_MAT, quality 0, compiling.
[0006.52] Log: Missing cached shader map for material CheckMaterial, quality 0, compiling.
[0006.90] Log: Missing cached shader map for material CovergroupIcon_Mat, quality 0, compiling.
[0007.27] Log: Missing cached shader map for material Frac_ElementMaterial, quality 0, compiling.
[0007.42] Log: Missing cached shader map for material GridMaterial, quality 0, compiling.
[0007.72] Log: Missing cached shader map for material MAT_EnableTrack_Mat, quality 0, compiling.
[0008.00] Log: Missing cached shader map for material MAT_ColorTrack_Mat, quality 0, compiling.
[0008.17] Log: Missing cached shader map for material MAT_Groups_Anim_Mat, quality 0, compiling.
