Log: Log file open, 09/01/26 15:59:41
Init: WinSock: version 1.1 (2.2), MaxSocks=32767, MaxUdp=65467
DevConfig: GConfig::Find has loaded file:  ..\..\Engine\Config\ConsoleVariables.ini
Init: Version: 10897
Init: Epic Internal: 0
Init: Compiled (64-bit): Sep  1 2026 06:53:10
Init: Changelist: 1532151
Init: Command line: DumpShaders platform=pc_sm3 globalshader=FGammaCorrectionPixelShader -unattended -nopause -nosplash -log=GammaShaderDump2.log 
Init: Base directory: D:\UnrealEngine3-SC\Binaries\Win64\
[0000.45] Init: Computer: CHEATS
[0000.45] Init: User: vande
[0000.45] Init: CPU Page size=4096, Processors=8
[0000.45] Init: High frequency timer resolution =10.000000 MHz
[0000.45] Init: Memory total: Physical=7.8GB (7GB approx) Pagefile=17.3GB Virtual=131072.0GB
[0000.48] Init: WinSock: I am CHEATS (192.168.56.1:0)
[0000.48] Init: Presizing for 0 objects not considered by GC, pre-allocating 0 bytes.
[0000.48] Init: Object subsystem initialized
[0000.67] Log: Shader platform (RHI): PC-D3D-SM3
[0001.14] Log: Executing Class UnrealEd.DumpShadersCommandlet
[0001.73] Log: Initializing Editor Engine...
[0002.32] Log: Encountered missing default brush - spawning new one
[0002.33] Log: Initializing Editor Engine Completed
[0002.36] Log: Compiling shaders for PC-D3D-SM3
[0002.43] Log: Preprocessed all global shaders matching: FGammaCorrectionPixelShader.
Done.
[0002.43] Log: 
[0002.43] Log: Success - 0 error(s), 0 warning(s)
[0002.43] Log: 
Execution of commandlet took:  0.07 seconds
[0002.44] Exit: Preparing to exit.
[0002.52] Exit: Editor shut down
[0002.54] Exit: Object subsystem successfully closed.
[0002.55] Exit: Exiting.
[0002.55] Log: Log file closed, 09/01/26 15:59:44
