Log: Log file open, 09/01/26 18:49:26
Init: WinSock: version 1.1 (2.2), MaxSocks=32767, MaxUdp=65467
DevConfig: GConfig::Find has loaded file:  ..\..\Engine\Config\ConsoleVariables.ini
Init: Version: 10897
Init: Epic Internal: 0
Init: Compiled (64-bit): Sep  1 2026 06:53:10
Init: Changelist: 1532151
Init: Command line:  
Init: Base directory: D:\UnrealEngine3-SC\Binaries\Win64\
[0000.53] Init: Computer: CHEATS
[0000.53] Init: User: vande
[0000.53] Init: CPU Page size=4096, Processors=8
[0000.53] Init: High frequency timer resolution =10.000000 MHz
[0000.53] Init: Memory total: Physical=7.8GB (7GB approx) Pagefile=17.3GB Virtual=131072.0GB
[0000.57] Init: WinSock: I am CHEATS (192.168.56.1:0)
[0000.57] Init: Presizing for 0 objects not considered by GC, pre-allocating 0 bytes.
[0000.57] Init: Object subsystem initialized
[0000.80] Log: Shader platform (RHI): PC-D3D-SM3
[0002.53] Log: 48225 objects as part of root set at end of initial load.
[0002.53] Log: 0 out of 0 bytes used by permanent object pool.
[0002.53] Log: Initializing Engine...
[0003.45] ScriptLog: Loading McpServerBase McpConfigClass:IpDrv.McpServiceConfig
[0003.45] ScriptLog: Loading McpServerBase McpConfigClass:IpDrv.McpServiceConfig
[0003.48] Log: LoadMap: ExampleEntry?Name=Player?Team=255
[0003.51] Log: 
[0003.55] Log: Game class is 'UDKStarterGameInfo'
[0003.57] Log: Bringing World exampleentry.TheWorld up for play (0) at 2026.09.01-18.49.29
[0003.58] Log: Bringing up level for play took: 0.014461
[0003.58] Log: ########### Finished loading level: 0.103808 seconds
[0003.61] Log: Initializing Engine Completed
[0003.61] Log: >>>>>>>>>>>>>> Initial startup: 3.61s <<<<<<<<<<<<<<<
[0096.37] Log: All Windows Closed
[0096.37] Log: appRequestExit(0)
[0096.38] Exit: Preparing to exit.
[0096.53] Exit: Game engine shut down
[0096.53] Exit: Windows client shut down
[0096.54] Exit: XAudio2 Device shut down.
[0096.57] Exit: Object subsystem successfully closed.
[0096.60] Exit: Exiting.
[0096.61] Log: Log file closed, 09/01/26 18:51:02
