Log: Log file open, 09/04/26 17:03:02
Init: WinSock: version 1.1 (2.2), MaxSocks=32767, MaxUdp=65467
DevConfig: GConfig::Find has loaded file:  ..\..\Engine\Config\ConsoleVariables.ini
Init: Version: 10897
Init: Epic Internal: 0
Init: Compiled (64-bit): Sep  2 2026 00:51:11
Init: Changelist: 1532151
Init: Command line: editor 
Init: Base directory: D:\UnrealEngine3-SC\Binaries\Win64\
[0000.51] Init: Computer: CHEATS
[0000.51] Init: User: vande
[0000.51] Init: CPU Page size=4096, Processors=8
[0000.51] Init: High frequency timer resolution =10.000000 MHz
[0000.51] Init: Memory total: Physical=7.8GB (7GB approx) Pagefile=15.8GB Virtual=131072.0GB
[0000.54] Init: WinSock: I am CHEATS (192.168.56.1:0)
[0000.54] Init: Presizing for 0 objects not considered by GC, pre-allocating 0 bytes.
[0000.54] Init: Object subsystem initialized
[0000.55] Log: SystemSettings based on: SystemSettings
[0000.67] Log: Shader platform (RHI): PC-D3D-SM3
[0001.87] Log: 52516 objects as part of root set at end of initial load.
[0001.87] Log: 0 out of 0 bytes used by permanent object pool.
[0001.91] Log: Supported Consoles:
[0001.91] Log:   PC
[0001.91] Log: Initializing Engine...
[0002.08] Log: Encountered missing default brush - spawning new one
[0002.46] Log: Initializing Engine Completed
[0002.46] Log: >>>>>>>>>>>>>> Initial startup: 2.46s <<<<<<<<<<<<<<<
[0002.57] Cmd: MODE MAPEXT=udk
[0002.57] SourceControl: Stub source control provider is enabled.  Please enable a specific implementation such as WITH_PERFORCE
[0002.57] SourceControl:   For perforce, see SetUpSourceControlEnvironment in UE3BuildExternal.cs for requirements
[0005.50] Cmd: MAP LOAD FILE="..\..\Engine\Content\Maps\Templates\Template_MidDay.umap" TEMPLATE=0
[0005.82] Log: Encountered missing default brush - spawning new one
[0006.51] Log: -- Checking Building LODs
[0006.52] Log: Finished looking for orphan Actors (0.002 secs)
[0006.58] Cmd: MAP CHECKDEP DONTCLEARMESSAGES DONTDOSLOWREFCHECK
[0006.59] Log: TIMER ALL OF INIT : [5.591201]
[0098.69] Exit: Preparing to exit.
[0098.78] Exit: Editor shut down
[0098.78] Exit: Transaction tracking system shut down
[0098.92] Exit: Windows client shut down
[0098.93] Exit: XAudio2 Device shut down.
[0098.97] Exit: Object subsystem successfully closed.
[0099.00] Exit: Exiting.
[0099.00] Log: Log file closed, 09/04/26 17:04:41
