Log: Log file open, 08/31/26 20:40:34
Init: WinSock: version 1.1 (2.2), MaxSocks=32767, MaxUdp=65467
DevConfig: GConfig::Find has loaded file:  ..\..\Engine\Config\ConsoleVariables.ini
Init: Version: 10897
Init: Epic Internal: 0
Init: Compiled (64-bit): Aug 31 2026 06:53:05
Init: Changelist: 1532151
Init: Command line: editor -unattended -nopause -forcelogflush -nosplash -windowed -ResX=800 -ResY=600 -log=NewMapUIProbe-20260831-204031-476.log 
Init: Base directory: D:\UnrealEngine3-SC\Binaries\Win64\
[0000.89] Init: Computer: CHEATS
[0000.90] Init: User: vande
[0000.90] Init: CPU Page size=4096, Processors=8
[0000.90] Init: High frequency timer resolution =10.000000 MHz
[0000.90] Init: Memory total: Physical=7.8GB (7GB approx) Pagefile=18.4GB Virtual=131072.0GB
[0000.96] Init: WinSock: I am CHEATS (192.168.56.1:0)
[0000.96] Init: Presizing for 0 objects not considered by GC, pre-allocating 0 bytes.
[0000.97] Init: Object subsystem initialized
[0001.01] Log: SystemSettings based on: SystemSettings
[0001.75] Log: Shader platform (RHI): PC-D3D-SM3
[0035.52] Log: 52516 objects as part of root set at end of initial load.
[0035.52] Log: 0 out of 0 bytes used by permanent object pool.
[0036.06] Log: Supported Consoles:
[0036.06] Log:   PC
[0036.06] Log: Initializing Engine...
[0037.14] Log: Encountered missing default brush - spawning new one
[0039.18] Log: Initializing Engine Completed
[0039.18] Log: >>>>>>>>>>>>>> Initial startup: 39.18s <<<<<<<<<<<<<<<
[0040.04] Cmd: MODE MAPEXT=udk
[0040.05] SourceControl: Stub source control provider is enabled.  Please enable a specific implementation such as WITH_PERFORCE
[0040.05] SourceControl:   For perforce, see SetUpSourceControlEnvironment in UE3BuildExternal.cs for requirements
[0050.96] Cmd: MAP LOAD FILE="..\..\Engine\Content\Maps\Templates\Template_MidDay.umap" TEMPLATE=0
[0051.53] Log: Encountered missing default brush - spawning new one
[0053.42] Log: -- Checking Building LODs
[0053.45] Log: Finished looking for orphan Actors (0.029 secs)
[0053.54] Cmd: MAP CHECKDEP DONTCLEARMESSAGES DONTDOSLOWREFCHECK
[0053.56] Log: TIMER ALL OF INIT : [24.250702]
[0056.22] Log: Encountered missing default brush - spawning new one
[0056.62] Log: Encountered missing default brush - spawning new one
