Log: Log file open, 09/01/26 16:10:50
Init: WinSock: version 1.1 (2.2), MaxSocks=32767, MaxUdp=65467
DevConfig: GConfig::Find has loaded file:  ..\..\Engine\Config\ConsoleVariables.ini
Init: Version: 10897
Init: Epic Internal: 0
Init: Compiled (64-bit): Sep  1 2026 06:53:10
Init: Changelist: 1532151
Init: Command line: DumpShaders platform=pc_sm3 globalshader=UberPostProcess -unattended -nopause -nosplash -log=OwnUberDump.log 
Init: Base directory: D:\UnrealEngine3-SC\Binaries\Win64\
[0000.46] Init: Computer: CHEATS
[0000.46] Init: User: vande
[0000.46] Init: CPU Page size=4096, Processors=8
[0000.46] Init: High frequency timer resolution =10.000000 MHz
[0000.46] Init: Memory total: Physical=7.8GB (7GB approx) Pagefile=17.3GB Virtual=131072.0GB
[0000.50] Init: WinSock: I am CHEATS (192.168.56.1:0)
[0000.50] Init: Presizing for 0 objects not considered by GC, pre-allocating 0 bytes.
[0000.50] Init: Object subsystem initialized
[0000.68] Log: Shader platform (RHI): PC-D3D-SM3
[0001.17] Log: Executing Class UnrealEd.DumpShadersCommandlet
[0001.87] Log: Initializing Editor Engine...
[0002.61] Log: Encountered missing default brush - spawning new one
[0002.61] Log: Initializing Editor Engine Completed
[0002.65] Log: Compiling shaders for PC-D3D-SM3
[0008.12] Log: Preprocessed all global shaders matching: UberPostProcess.
Done.
[0008.12] Log: 
[0008.12] Log: Success - 0 error(s), 0 warning(s)
[0008.12] Log: 
Execution of commandlet took:  5.47 seconds
[0008.13] Exit: Preparing to exit.
[0008.21] Exit: Editor shut down
[0008.24] Exit: Object subsystem successfully closed.
[0008.25] Exit: Exiting.
[0008.25] Log: Log file closed, 09/01/26 16:10:58
