Log: Log file open, 09/01/26 06:34:51
Init: WinSock: version 1.1 (2.2), MaxSocks=32767, MaxUdp=65467
DevConfig: GConfig::Find has loaded file:  ..\..\Engine\Config\ConsoleVariables.ini
Init: Version: 10897
Init: Epic Internal: 0
Init: Compiled (64-bit): Aug 31 2026 06:45:11
Init: Changelist: 1532151
Init: Command line: ExampleEntry -windowed -ResX=640 -ResY=480 -nosplash -nopause -forcelogflush -log=RuntimeColorProbe.log EXEC="D:\UnrealEngine3-SC\Development\Tools\UDKLift\RuntimeColorProbe.txt" 
Init: Base directory: D:\UnrealEngine3-SC\Binaries\Win64\
[0000.48] Init: Computer: CHEATS
[0000.48] Init: User: vande
[0000.48] Init: CPU Page size=4096, Processors=8
[0000.48] Init: High frequency timer resolution =10.000000 MHz
[0000.48] Init: Memory total: Physical=7.8GB (7GB approx) Pagefile=18.0GB Virtual=131072.0GB
[0000.48] Init: Presizing for 0 objects not considered by GC, pre-allocating 0 bytes.
[0000.48] Init: Object subsystem initialized
[0000.65] Log: Shader platform (RHI): PC-D3D-SM3
[0001.35] Log: 45815 objects as part of root set at end of initial load.
[0001.35] Log: 0 out of 0 bytes used by permanent object pool.
[0001.35] Log: Initializing Engine...
[0002.15] ScriptLog: Loading McpServerBase McpConfigClass:IpDrv.McpServiceConfig
[0002.15] ScriptLog: Loading McpServerBase McpConfigClass:IpDrv.McpServiceConfig
[0002.15] Log: LoadMap: ExampleEntry?Name=Player?Team=255
[0002.18] Log: 
[0002.19] Log: Game class is 'UDKStarterGameInfo'
[0002.20] Log: Bringing World ExampleEntry.TheWorld up for play (0) at 2026.09.01-06.34.52
[0002.21] Log: Bringing up level for play took: 0.007198
[0002.21] Log: ########### Finished loading level: 0.054472 seconds
[0002.23] Log: Initializing Engine Completed
[0002.23] ExecWarning: Can't find file '..\..\Binaries\D:\UnrealEngine3-SC\Development\Tools\UDKLift\RuntimeColorProbe.txt'
[0002.23] Log: >>>>>>>>>>>>>> Initial startup: 2.23s <<<<<<<<<<<<<<<
