Log: Log file open, 08/31/26 15:47:18
Init: WinSock: version 1.1 (2.2), MaxSocks=32767, MaxUdp=65467
DevConfig: GConfig::Find has loaded file:  ..\..\Engine\Config\ConsoleVariables.ini
Init: Version: 10897
Init: Epic Internal: 0
Init: Compiled (64-bit): Aug 31 2026 06:45:11
Init: Changelist: 1532151
Init: Command line: ExampleEntry.udk -unattended -nopause -forcelogflush -nosplash -windowed -ResX=800 -ResY=600 -log=StarterStandalone-20260831-154717-698.log 
Init: Base directory: D:\UnrealEngine3-SC\Binaries\Win64\
[0000.44] Init: Computer: CHEATS
[0000.44] Init: User: vande
[0000.44] Init: CPU Page size=4096, Processors=8
[0000.44] Init: High frequency timer resolution =10.000000 MHz
[0000.44] Init: Memory total: Physical=7.8GB (7GB approx) Pagefile=18.4GB Virtual=131072.0GB
[0000.44] Init: Presizing for 0 objects not considered by GC, pre-allocating 0 bytes.
[0000.44] Init: Object subsystem initialized
[0000.71] Log: Shader platform (RHI): PC-D3D-SM3
[0001.68] Log: 45824 objects as part of root set at end of initial load.
[0001.68] Log: 0 out of 0 bytes used by permanent object pool.
[0001.68] Log: Initializing Engine...
[0002.17] Log: Failed to create the D3D9 Device!  This can happen if the desktop is locked.  Exiting...
[0002.17] Log: appRequestExit(1)
