Log: Log file open, 08/31/26 15:49:04
Init: WinSock: version 1.1 (2.2), MaxSocks=32767, MaxUdp=65467
DevConfig: GConfig::Find has loaded file:  ..\..\Engine\Config\ConsoleVariables.ini
Init: Version: 10897
Init: Epic Internal: 0
Init: Compiled (64-bit): Aug 31 2026 06:45:11
Init: Changelist: 1532151
Init: Command line: ExampleEntry.udk -unattended -nopause -forcelogflush -nosplash -windowed -ResX=800 -ResY=600 -log=StarterStandalone-20260831-154904-270.log 
Init: Base directory: D:\UnrealEngine3-SC\Binaries\Win64\
[0000.43] Init: Computer: CHEATS
[0000.43] Init: User: vande
[0000.43] Init: CPU Page size=4096, Processors=8
[0000.43] Init: High frequency timer resolution =10.000000 MHz
[0000.43] Init: Memory total: Physical=7.8GB (7GB approx) Pagefile=18.4GB Virtual=131072.0GB
[0000.43] Init: Presizing for 0 objects not considered by GC, pre-allocating 0 bytes.
[0000.43] Init: Object subsystem initialized
[0000.66] Log: Shader platform (RHI): PC-D3D-SM3
[0001.55] Log: 45825 objects as part of root set at end of initial load.
[0001.55] Log: 0 out of 0 bytes used by permanent object pool.
[0001.55] Log: Initializing Engine...
[0002.50] ScriptLog: Loading McpServerBase McpConfigClass:IpDrv.McpServiceConfig
[0002.50] ScriptLog: Loading McpServerBase McpConfigClass:IpDrv.McpServiceConfig
[0002.50] Log: LoadMap: ExampleEntry.udk?Name=Player?Team=255
[0002.53] Log: 
[0002.54] Log: Game class is 'UDKStarterGameInfo'
[0002.55] Log: Bringing World ExampleEntry.TheWorld up for play (0) at 2026.08.31-15.49.06
[0002.56] Log: Bringing up level for play took: 0.006795
[0002.56] Log: ########### Finished loading level: 0.055375 seconds
[0002.58] Log: Initializing Engine Completed
[0002.58] Log: >>>>>>>>>>>>>> Initial startup: 2.58s <<<<<<<<<<<<<<<
[0005.90] Log: All Windows Closed
[0005.90] Log: appRequestExit(0)
[0005.90] Exit: Preparing to exit.
[0005.96] Exit: Game engine shut down
[0005.96] Exit: Windows client shut down
[0005.97] Exit: XAudio2 Device shut down.
[0005.99] Exit: Object subsystem successfully closed.
[0006.02] Exit: Exiting.
[0006.02] Log: Log file closed, 08/31/26 15:49:10
