Log: Log file open, 09/01/26 06:57:13
Init: WinSock: version 1.1 (2.2), MaxSocks=32767, MaxUdp=65467
DevConfig: GConfig::Find has loaded file:  ..\..\Engine\Config\ConsoleVariables.ini
Init: Version: 10897
Init: Epic Internal: 0
Init: Compiled (64-bit): Sep  1 2026 06:53:10
Init: Changelist: 1532151
Init: Command line: editor -unattended -nopause -forcelogflush -nosplash -windowed -ResX=800 -ResY=600 -log=TemplateChooser-20260901-065712-961.log 
Init: Base directory: D:\UnrealEngine3-SC\Binaries\Win64\
[0000.48] Init: Computer: CHEATS
[0000.48] Init: User: vande
[0000.48] Init: CPU Page size=4096, Processors=8
[0000.48] Init: High frequency timer resolution =10.000000 MHz
[0000.48] Init: Memory total: Physical=7.8GB (7GB approx) Pagefile=18.2GB Virtual=131072.0GB
[0000.52] Init: WinSock: I am CHEATS (192.168.56.1:0)
[0000.52] Init: Presizing for 0 objects not considered by GC, pre-allocating 0 bytes.
[0000.52] Init: Object subsystem initialized
[0000.53] Log: SystemSettings based on: SystemSettings
[0000.70] Log: Shader platform (RHI): PC-D3D-SM3
[0001.87] Log: 52516 objects as part of root set at end of initial load.
[0001.87] Log: 0 out of 0 bytes used by permanent object pool.
[0001.91] Log: Supported Consoles:
[0001.91] Log:   PC
[0001.91] Log: Initializing Engine...
[0002.07] Log: Encountered missing default brush - spawning new one
[0002.44] Log: Initializing Engine Completed
[0002.44] Log: >>>>>>>>>>>>>> Initial startup: 2.44s <<<<<<<<<<<<<<<
[0002.56] Cmd: MODE MAPEXT=udk
[0002.56] SourceControl: Stub source control provider is enabled.  Please enable a specific implementation such as WITH_PERFORCE
[0002.56] SourceControl:   For perforce, see SetUpSourceControlEnvironment in UE3BuildExternal.cs for requirements
[0006.84] Cmd: MAP LOAD FILE="..\..\Engine\Content\Maps\Templates\Template_MidDay.umap" TEMPLATE=0
[0007.09] Log: Encountered missing default brush - spawning new one
[0007.91] Log: -- Checking Building LODs
[0007.92] Log: Finished looking for orphan Actors (0.001 secs)
[0007.96] Cmd: MAP CHECKDEP DONTCLEARMESSAGES DONTDOSLOWREFCHECK
[0007.97] Log: TIMER ALL OF INIT : [6.924478]
