Log: Log file open, 09/01/26 06:56:03
Init: WinSock: version 1.1 (2.2), MaxSocks=32767, MaxUdp=65467
DevConfig: GConfig::Find has loaded file:  ..\..\Engine\Config\ConsoleVariables.ini
Init: Version: 10897
Init: Epic Internal: 0
Init: Compiled (64-bit): Sep  1 2026 06:53:10
Init: Changelist: 1532151
Init: Command line: editor -unattended -nopause -forcelogflush -nosplash -windowed -ResX=1280 -ResY=720 -log=TemplateDialogProbe-20260901-065602-882.log 
Init: Base directory: D:\UnrealEngine3-SC\Binaries\Win64\
[0000.52] Init: Computer: CHEATS
[0000.53] Init: User: vande
[0000.53] Init: CPU Page size=4096, Processors=8
[0000.53] Init: High frequency timer resolution =10.000000 MHz
[0000.53] Init: Memory total: Physical=7.8GB (7GB approx) Pagefile=18.2GB Virtual=131072.0GB
[0000.56] Init: WinSock: I am CHEATS (192.168.56.1:0)
[0000.56] Init: Presizing for 0 objects not considered by GC, pre-allocating 0 bytes.
[0000.56] Init: Object subsystem initialized
[0000.58] Log: SystemSettings based on: SystemSettings
[0000.82] Log: Shader platform (RHI): PC-D3D-SM3
[0002.33] Log: 52516 objects as part of root set at end of initial load.
[0002.33] Log: 0 out of 0 bytes used by permanent object pool.
[0002.40] Log: Supported Consoles:
[0002.40] Log:   PC
[0002.40] Log: Initializing Engine...
[0002.57] Log: Encountered missing default brush - spawning new one
[0003.07] Log: Initializing Engine Completed
[0003.07] Log: >>>>>>>>>>>>>> Initial startup: 3.07s <<<<<<<<<<<<<<<
[0003.21] Cmd: MODE MAPEXT=udk
[0003.21] SourceControl: Stub source control provider is enabled.  Please enable a specific implementation such as WITH_PERFORCE
[0003.21] SourceControl:   For perforce, see SetUpSourceControlEnvironment in UE3BuildExternal.cs for requirements
[0007.48] Cmd: MAP LOAD FILE="..\..\Engine\Content\Maps\Templates\Template_MidDay.umap" TEMPLATE=0
[0007.83] Log: Encountered missing default brush - spawning new one
[0008.69] Log: -- Checking Building LODs
[0008.70] Log: Finished looking for orphan Actors (0.001 secs)
[0008.76] Cmd: MAP CHECKDEP DONTCLEARMESSAGES DONTDOSLOWREFCHECK
[0008.76] Log: TIMER ALL OF INIT : [7.581056]
[0009.51] Exit: Preparing to exit.
[0009.62] Exit: Editor shut down
[0009.62] Exit: Transaction tracking system shut down
[0009.76] Exit: Windows client shut down
[0009.76] Exit: XAudio2 Device shut down.
[0009.79] Exit: Object subsystem successfully closed.
[0009.82] Exit: Exiting.
[0009.82] Log: Log file closed, 09/01/26 06:56:12
