Log: Log file open, 08/31/26 20:44:09
Init: WinSock: version 1.1 (2.2), MaxSocks=32767, MaxUdp=65467
DevConfig: GConfig::Find has loaded file:  ..\..\Engine\Config\ConsoleVariables.ini
Init: Version: 10897
Init: Epic Internal: 0
Init: Compiled (64-bit): Aug 31 2026 06:53:05
Init: Changelist: 1532151
Init: Command line: editor "D:\UnrealEngine3-SC\Engine\Content\Maps\Templates\Template_Afternoon.umap" -unattended -nopause -forcelogflush -nosplash -windowed -ResX=800 -ResY=600 -log=TemplateAfternoonLoad-20260831-204409-476.log 
Init: Base directory: D:\UnrealEngine3-SC\Binaries\Win64\
[0000.47] Init: Computer: CHEATS
[0000.47] Init: User: vande
[0000.47] Init: CPU Page size=4096, Processors=8
[0000.47] Init: High frequency timer resolution =10.000000 MHz
[0000.47] Init: Memory total: Physical=7.8GB (7GB approx) Pagefile=18.4GB Virtual=131072.0GB
[0000.50] Init: WinSock: I am CHEATS (192.168.56.1:0)
[0000.50] Init: Presizing for 0 objects not considered by GC, pre-allocating 0 bytes.
[0000.50] Init: Object subsystem initialized
[0000.52] Log: SystemSettings based on: SystemSettings
[0000.70] Log: Shader platform (RHI): PC-D3D-SM3
[0002.10] Log: 52516 objects as part of root set at end of initial load.
[0002.10] Log: 0 out of 0 bytes used by permanent object pool.
[0002.14] Log: Supported Consoles:
[0002.14] Log:   PC
[0002.14] Log: Initializing Engine...
[0002.32] Log: Encountered missing default brush - spawning new one
[0002.88] Log: Initializing Engine Completed
[0002.88] Log: >>>>>>>>>>>>>> Initial startup: 2.88s <<<<<<<<<<<<<<<
[0003.00] Cmd: MODE MAPEXT=udk
[0003.00] SourceControl: Stub source control provider is enabled.  Please enable a specific implementation such as WITH_PERFORCE
[0003.00] SourceControl:   For perforce, see SetUpSourceControlEnvironment in UE3BuildExternal.cs for requirements
[0006.31] Cmd: MAP LOAD FILE="..\..\Engine\Content\Maps\Templates\Template_MidDay.umap" TEMPLATE=0
[0006.67] Log: Encountered missing default brush - spawning new one
[0007.69] Log: -- Checking Building LODs
[0007.70] Log: Finished looking for orphan Actors (0.002 secs)
[0007.74] Cmd: MAP CHECKDEP DONTCLEARMESSAGES DONTDOSLOWREFCHECK
[0007.74] Log: TIMER ALL OF INIT : [6.670642]
