Log: Log file open, 08/29/26 13:03:00
Init: WinSock: version 1.1 (2.2), MaxSocks=32767, MaxUdp=65467
DevConfig: GConfig::LoadFile associated file:  ..\..\UTGame\Config\UTEditor.ini
DevConfig: GConfig::LoadFile associated file:  ..\..\UTGame\Config\UTEditorUserSettings.ini
DevConfig: GConfig::Find has loaded file:  ..\..\Engine\Config\ConsoleVariables.ini
Init: Version: 10897
Init: Epic Internal: 0
Init: Compiled (64-bit): Aug 22 2026 16:54:28
Init: Changelist: 1532151
Init: Command line: Core.HelpCommandlet -unattended -nopause -forcelogflush -nullrhi -nosound -nosplash -log=UDKEditorRelease-20260829-130259.log 
Init: Base directory: D:\UnrealEngine3-SC\Binaries\Win64\
[0000.50] Init: Computer: CHEATS
[0000.50] Init: User: vande
[0000.50] Init: CPU Page size=4096, Processors=8
[0000.50] Init: High frequency timer resolution =10.000000 MHz
[0000.50] Init: Memory total: Physical=7.8GB (7GB approx) Pagefile=15.8GB Virtual=131072.0GB
[0000.56] Init: WinSock: I am CHEATS (192.168.56.1:0)
[0000.56] Init: Presizing for 0 objects not considered by GC, pre-allocating 0 bytes.
[0000.56] Init: Object subsystem initialized
[0000.58] Log: Shader platform (RHI): PC-D3D-SM3
[0001.59] Log: Executing Class Core.HelpCommandlet
[0003.37] Log: Initializing Editor Engine...
[0005.13] Log: Encountered missing default brush - spawning new one
[0005.14] Log: Initializing Editor Engine Completed
[0005.26] Log: 
Usage:

gamename.exe help <list | commandletname | webhelp commandletname>
[0005.26] Log: 
[0005.26] Log: Success - 0 error(s), 0 warning(s)
[0005.26] Log: 
Execution of commandlet took:  0.01 seconds
[0005.27] Exit: Preparing to exit.
[0005.49] Exit: Editor shut down
[0005.56] Exit: Object subsystem successfully closed.
[0005.58] Exit: Exiting.
[0005.59] Log: Log file closed, 08/29/26 13:03:05
