Log: Log file open, 09/02/26 00:52:41
Init: WinSock: version 1.1 (2.2), MaxSocks=32767, MaxUdp=65467
DevConfig: GConfig::Find has loaded file:  ..\..\Engine\Config\ConsoleVariables.ini
Init: Version: 10897
Init: Epic Internal: 0
Init: Compiled (64-bit): Sep  2 2026 00:51:11
Init: Changelist: 1532151
Init: Command line: editor -unattended -nopause -forcelogflush -windowed -ResX=800 -ResY=600 -log=UDKLiftSplashLayout-20260902-005239-361.log 
Init: Base directory: D:\UnrealEngine3-SC\Binaries\Win64\
[0000.51] Init: Computer: CHEATS
[0000.52] Init: User: vande
[0000.52] Init: CPU Page size=4096, Processors=8
[0000.52] Init: High frequency timer resolution =10.000000 MHz
[0000.52] Init: Memory total: Physical=7.8GB (7GB approx) Pagefile=20.3GB Virtual=131072.0GB
[0000.55] Init: WinSock: I am CHEATS (192.168.56.1:0)
[0000.55] Init: Presizing for 0 objects not considered by GC, pre-allocating 0 bytes.
[0000.55] Init: Object subsystem initialized
[0000.57] Log: SystemSettings based on: SystemSettings
[0000.84] Log: Shader platform (RHI): PC-D3D-SM3
[0003.22] Log: 52516 objects as part of root set at end of initial load.
[0003.22] Log: 0 out of 0 bytes used by permanent object pool.
[0003.34] Log: Supported Consoles:
[0003.34] Log:   PC
[0003.34] Log: Initializing Engine...
[0003.60] Log: Encountered missing default brush - spawning new one
[0004.28] Log: Initializing Engine Completed
[0004.28] Log: >>>>>>>>>>>>>> Initial startup: 4.28s <<<<<<<<<<<<<<<
[0004.70] Cmd: MODE MAPEXT=udk
[0004.70] SourceControl: Stub source control provider is enabled.  Please enable a specific implementation such as WITH_PERFORCE
[0004.70] SourceControl:   For perforce, see SetUpSourceControlEnvironment in UE3BuildExternal.cs for requirements
[0010.94] Cmd: MAP LOAD FILE="..\..\Engine\Content\Maps\Templates\Template_MidDay.umap" TEMPLATE=0
[0011.45] Log: Encountered missing default brush - spawning new one
[0012.37] Log: -- Checking Building LODs
[0012.38] Log: Finished looking for orphan Actors (0.002 secs)
[0012.45] Cmd: MAP CHECKDEP DONTCLEARMESSAGES DONTDOSLOWREFCHECK
[0012.46] Log: TIMER ALL OF INIT : [11.084026]
