Log: Log file open, 09/02/26 01:01:13
Init: WinSock: version 1.1 (2.2), MaxSocks=32767, MaxUdp=65467
DevConfig: GConfig::Find has loaded file:  ..\..\Engine\Config\ConsoleVariables.ini
Init: Version: 10897
Init: Epic Internal: 0
Init: Compiled (64-bit): Sep  2 2026 00:51:11
Init: Changelist: 1532151
Init: Command line: editor -unattended -nopause -forcelogflush -windowed -ResX=800 -ResY=600 -log=UDKLiftSplashLayout-20260902-010112-379.log 
Init: Base directory: D:\UnrealEngine3-SC\Binaries\Win64\
[0000.49] Init: Computer: CHEATS
[0000.49] Init: User: vande
[0000.49] Init: CPU Page size=4096, Processors=8
[0000.49] Init: High frequency timer resolution =10.000000 MHz
[0000.49] Init: Memory total: Physical=7.8GB (7GB approx) Pagefile=20.3GB Virtual=131072.0GB
[0000.53] Init: WinSock: I am CHEATS (192.168.56.1:0)
[0000.53] Init: Presizing for 0 objects not considered by GC, pre-allocating 0 bytes.
[0000.53] Init: Object subsystem initialized
[0000.54] Log: SystemSettings based on: SystemSettings
[0000.73] Log: Shader platform (RHI): PC-D3D-SM3
[0002.07] Log: 52516 objects as part of root set at end of initial load.
[0002.07] Log: 0 out of 0 bytes used by permanent object pool.
[0002.12] Log: Supported Consoles:
[0002.12] Log:   PC
[0002.12] Log: Initializing Engine...
[0002.30] Log: Encountered missing default brush - spawning new one
[0002.74] Log: Initializing Engine Completed
[0002.74] Log: >>>>>>>>>>>>>> Initial startup: 2.74s <<<<<<<<<<<<<<<
[0002.84] Cmd: MODE MAPEXT=udk
[0002.84] SourceControl: Stub source control provider is enabled.  Please enable a specific implementation such as WITH_PERFORCE
[0002.84] SourceControl:   For perforce, see SetUpSourceControlEnvironment in UE3BuildExternal.cs for requirements
[0006.34] Cmd: MAP LOAD FILE="..\..\Engine\Content\Maps\Templates\Template_MidDay.umap" TEMPLATE=0
[0006.71] Log: Encountered missing default brush - spawning new one
[0007.47] Log: -- Checking Building LODs
[0007.48] Log: Finished looking for orphan Actors (0.002 secs)
[0007.53] Cmd: MAP CHECKDEP DONTCLEARMESSAGES DONTDOSLOWREFCHECK
[0007.54] Log: TIMER ALL OF INIT : [6.454255]
[0008.41] Exit: Preparing to exit.
[0008.52] Exit: Editor shut down
[0008.52] Exit: Transaction tracking system shut down
[0008.66] Exit: Windows client shut down
[0008.67] Exit: XAudio2 Device shut down.
[0008.71] Exit: Object subsystem successfully closed.
[0008.74] Exit: Exiting.
[0008.74] Log: Log file closed, 09/02/26 01:01:21
