Log: Log file open, 09/02/26 01:03:39
Init: WinSock: version 1.1 (2.2), MaxSocks=32767, MaxUdp=65467
DevConfig: GConfig::Find has loaded file:  ..\..\Engine\Config\ConsoleVariables.ini
Init: Version: 10897
Init: Epic Internal: 0
Init: Compiled (64-bit): Sep  2 2026 00:51:11
Init: Changelist: 1532151
Init: Command line: editor -unattended -nopause -forcelogflush -windowed -ResX=800 -ResY=600 -log=UDKLiftSplashLayout-20260902-010338-811.log 
Init: Base directory: D:\UnrealEngine3-SC\Binaries\Win64\
[0000.51] Init: Computer: CHEATS
[0000.51] Init: User: vande
[0000.51] Init: CPU Page size=4096, Processors=8
[0000.51] Init: High frequency timer resolution =10.000000 MHz
[0000.52] Init: Memory total: Physical=7.8GB (7GB approx) Pagefile=20.0GB Virtual=131072.0GB
[0000.55] Init: WinSock: I am CHEATS (192.168.56.1:0)
[0000.55] Init: Presizing for 0 objects not considered by GC, pre-allocating 0 bytes.
[0000.55] Init: Object subsystem initialized
[0000.57] Log: SystemSettings based on: SystemSettings
[0000.73] Log: Shader platform (RHI): PC-D3D-SM3
[0001.93] Log: 52516 objects as part of root set at end of initial load.
[0001.93] Log: 0 out of 0 bytes used by permanent object pool.
[0001.97] Log: Supported Consoles:
[0001.97] Log:   PC
[0001.97] Log: Initializing Engine...
[0002.15] Log: Encountered missing default brush - spawning new one
[0002.55] Log: Initializing Engine Completed
[0002.55] Log: >>>>>>>>>>>>>> Initial startup: 2.55s <<<<<<<<<<<<<<<
[0002.63] Cmd: MODE MAPEXT=udk
[0002.63] SourceControl: Stub source control provider is enabled.  Please enable a specific implementation such as WITH_PERFORCE
[0002.63] SourceControl:   For perforce, see SetUpSourceControlEnvironment in UE3BuildExternal.cs for requirements
[0005.74] Cmd: MAP LOAD FILE="..\..\Engine\Content\Maps\Templates\Template_MidDay.umap" TEMPLATE=0
[0006.06] Log: Encountered missing default brush - spawning new one
[0006.77] Log: -- Checking Building LODs
[0006.78] Log: Finished looking for orphan Actors (0.001 secs)
[0006.83] Cmd: MAP CHECKDEP DONTCLEARMESSAGES DONTDOSLOWREFCHECK
[0006.84] Log: TIMER ALL OF INIT : [5.791191]
[0007.66] Exit: Preparing to exit.
[0007.75] Exit: Editor shut down
[0007.75] Exit: Transaction tracking system shut down
[0007.89] Exit: Windows client shut down
[0007.89] Exit: XAudio2 Device shut down.
[0007.94] Exit: Object subsystem successfully closed.
[0007.96] Exit: Exiting.
[0007.97] Log: Log file closed, 09/02/26 01:03:47
