Log: Log file open, 08/31/26 07:01:22
Init: WinSock: version 1.1 (2.2), MaxSocks=32767, MaxUdp=65467
DevConfig: GConfig::Find has loaded file:  ..\..\Engine\Config\ConsoleVariables.ini
Init: Version: 10897
Init: Epic Internal: 0
Init: Compiled (64-bit): Aug 31 2026 06:53:05
Init: Changelist: 1532151
Init: Command line: editor -unattended -nopause -forcelogflush -nosplash -windowed -ResX=800 -ResY=600 -log=UDKLiftInteractiveBoot-20260831-070121-162.log 
Init: Base directory: D:\UnrealEngine3-SC\Binaries\Win64\
[0000.46] Init: Computer: CHEATS
[0000.46] Init: User: vande
[0000.46] Init: CPU Page size=4096, Processors=8
[0000.46] Init: High frequency timer resolution =10.000000 MHz
[0000.46] Init: Memory total: Physical=7.8GB (7GB approx) Pagefile=19.8GB Virtual=131072.0GB
[0000.49] Init: WinSock: I am CHEATS (192.168.56.1:0)
[0000.49] Init: Presizing for 0 objects not considered by GC, pre-allocating 0 bytes.
[0000.49] Init: Object subsystem initialized
[0000.51] Log: SystemSettings based on: SystemSettings
[0000.71] Log: Shader platform (RHI): PC-D3D-SM3
[0001.87] Log: 52516 objects as part of root set at end of initial load.
[0001.87] Log: 0 out of 0 bytes used by permanent object pool.
[0001.91] Log: Supported Consoles:
[0001.91] Log:   PC
[0001.91] Log: Initializing Engine...
[0002.07] Log: Encountered missing default brush - spawning new one
[0002.42] Log: Initializing Engine Completed
[0002.42] Log: >>>>>>>>>>>>>> Initial startup: 2.42s <<<<<<<<<<<<<<<
[0002.53] Cmd: MODE MAPEXT=udk
[0002.53] SourceControl: Stub source control provider is enabled.  Please enable a specific implementation such as WITH_PERFORCE
[0002.53] SourceControl:   For perforce, see SetUpSourceControlEnvironment in UE3BuildExternal.cs for requirements
[0006.01] Cmd: MAP LOAD FILE="..\..\Engine\Content\Maps\Templates\Template_MidDay.umap" TEMPLATE=0
[0006.34] Log: Encountered missing default brush - spawning new one
[0007.10] Log: -- Checking Building LODs
[0007.11] Log: Finished looking for orphan Actors (0.001 secs)
[0007.14] Cmd: MAP CHECKDEP DONTCLEARMESSAGES DONTDOSLOWREFCHECK
[0007.15] Log: TIMER ALL OF INIT : [6.113791]
[0022.93] Exit: Preparing to exit.
[0023.08] Exit: Editor shut down
[0023.08] Exit: Transaction tracking system shut down
[0023.23] Exit: Windows client shut down
[0023.24] Exit: XAudio2 Device shut down.
[0023.27] Exit: Object subsystem successfully closed.
[0023.30] Exit: Exiting.
[0023.30] Log: Log file closed, 08/31/26 07:01:44
