Log: Log file open, 09/02/26 01:04:57
Init: WinSock: version 1.1 (2.2), MaxSocks=32767, MaxUdp=65467
DevConfig: GConfig::Find has loaded file:  ..\..\Engine\Config\ConsoleVariables.ini
Init: Version: 10897
Init: Epic Internal: 0
Init: Compiled (64-bit): Sep  2 2026 00:51:11
Init: Changelist: 1532151
Init: Command line: editor -unattended -nopause -forcelogflush -windowed -ResX=800 -ResY=600 -log=UDKLiftSplashLayout-20260902-010456-356.log 
Init: Base directory: D:\UnrealEngine3-SC\Binaries\Win64\
[0000.44] Init: Computer: CHEATS
[0000.45] Init: User: vande
[0000.45] Init: CPU Page size=4096, Processors=8
[0000.45] Init: High frequency timer resolution =10.000000 MHz
[0000.45] Init: Memory total: Physical=7.8GB (7GB approx) Pagefile=20.0GB Virtual=131072.0GB
[0000.49] Init: WinSock: I am CHEATS (192.168.56.1:0)
[0000.49] Init: Presizing for 0 objects not considered by GC, pre-allocating 0 bytes.
[0000.49] Init: Object subsystem initialized
[0000.50] Log: SystemSettings based on: SystemSettings
[0000.67] Log: Shader platform (RHI): PC-D3D-SM3
[0001.84] Log: 52516 objects as part of root set at end of initial load.
[0001.84] Log: 0 out of 0 bytes used by permanent object pool.
[0001.88] Log: Supported Consoles:
[0001.88] Log:   PC
[0001.88] Log: Initializing Engine...
[0002.05] Log: Encountered missing default brush - spawning new one
[0002.44] Log: Initializing Engine Completed
[0002.44] Log: >>>>>>>>>>>>>> Initial startup: 2.44s <<<<<<<<<<<<<<<
[0002.52] Cmd: MODE MAPEXT=udk
[0002.52] SourceControl: Stub source control provider is enabled.  Please enable a specific implementation such as WITH_PERFORCE
[0002.52] SourceControl:   For perforce, see SetUpSourceControlEnvironment in UE3BuildExternal.cs for requirements
[0005.62] Cmd: MAP LOAD FILE="..\..\Engine\Content\Maps\Templates\Template_MidDay.umap" TEMPLATE=0
[0005.95] Log: Encountered missing default brush - spawning new one
[0006.70] Log: -- Checking Building LODs
[0006.70] Log: Finished looking for orphan Actors (0.002 secs)
[0006.76] Cmd: MAP CHECKDEP DONTCLEARMESSAGES DONTDOSLOWREFCHECK
[0006.77] Log: TIMER ALL OF INIT : [5.786306]
[0007.64] Exit: Preparing to exit.
[0007.73] Exit: Editor shut down
[0007.73] Exit: Transaction tracking system shut down
[0007.87] Exit: Windows client shut down
[0007.88] Exit: XAudio2 Device shut down.
[0007.92] Exit: Object subsystem successfully closed.
[0007.95] Exit: Exiting.
[0007.95] Log: Log file closed, 09/02/26 01:05:04
