Log: Log file open, 08/31/26 06:57:38
Init: WinSock: version 1.1 (2.2), MaxSocks=32767, MaxUdp=65467
DevConfig: GConfig::Find has loaded file:  ..\..\Engine\Config\ConsoleVariables.ini
Init: Version: 10897
Init: Epic Internal: 0
Init: Compiled (64-bit): Aug 31 2026 06:53:05
Init: Changelist: 1532151
Init: Command line: editor -unattended -nopause -forcelogflush -nosplash -windowed -ResX=800 -ResY=600 -log=UDKLiftEditorBoot-20260831-065737.log 
Init: Base directory: D:\UnrealEngine3-SC\Binaries\Win64\
[0000.44] Init: Computer: CHEATS
[0000.45] Init: User: vande
[0000.45] Init: CPU Page size=4096, Processors=8
[0000.45] Init: High frequency timer resolution =10.000000 MHz
[0000.45] Init: Memory total: Physical=7.8GB (7GB approx) Pagefile=19.8GB Virtual=131072.0GB
[0000.48] Init: WinSock: I am CHEATS (192.168.56.1:0)
[0000.48] Init: Presizing for 0 objects not considered by GC, pre-allocating 0 bytes.
[0000.48] Init: Object subsystem initialized
[0000.50] Log: SystemSettings based on: SystemSettings
[0000.67] Log: Shader platform (RHI): PC-D3D-SM3
[0001.82] Log: 52516 objects as part of root set at end of initial load.
[0001.82] Log: 0 out of 0 bytes used by permanent object pool.
[0001.86] Log: Supported Consoles:
[0001.86] Log:   PC
[0001.86] Log: Initializing Engine...
[0002.09] Log: Encountered missing default brush - spawning new one
[0002.54] Log: Initializing Engine Completed
[0002.54] Log: >>>>>>>>>>>>>> Initial startup: 2.54s <<<<<<<<<<<<<<<
[0002.62] Cmd: MODE MAPEXT=udk
[0002.62] SourceControl: Stub source control provider is enabled.  Please enable a specific implementation such as WITH_PERFORCE
[0002.62] SourceControl:   For perforce, see SetUpSourceControlEnvironment in UE3BuildExternal.cs for requirements
[0005.59] Cmd: MAP LOAD FILE="..\..\Engine\Content\Maps\Templates\Template_MidDay.umap" TEMPLATE=0
[0005.93] Log: Encountered missing default brush - spawning new one
[0006.69] Log: -- Checking Building LODs
[0006.69] Log: Finished looking for orphan Actors (0.002 secs)
[0006.74] Cmd: MAP CHECKDEP DONTCLEARMESSAGES DONTDOSLOWREFCHECK
[0006.74] Log: TIMER ALL OF INIT : [5.752110]
[0055.79] Exit: Preparing to exit.
[0055.91] Exit: Editor shut down
[0055.91] Exit: Transaction tracking system shut down
[0056.05] Exit: Windows client shut down
[0056.06] Exit: XAudio2 Device shut down.
[0056.10] Exit: Object subsystem successfully closed.
[0056.13] Exit: Exiting.
[0056.14] Log: Log file closed, 08/31/26 06:58:34
