Log: Log file open, 08/29/26 13:02:21
Init: WinSock: version 1.1 (2.2), MaxSocks=32767, MaxUdp=65467
DevConfig: GConfig::Find has loaded file:  ..\..\Engine\Config\ConsoleVariables.ini
Init: Version: 10897
Init: Epic Internal: 0
Init: Compiled (64-bit): Aug 22 2026 11:53:43
Init: Changelist: 1532151
Init: Command line: ExampleEntry?game=UTGame.UTDeathmatch -unattended -nopause -forcelogflush -nosplash -windowed -ResX=640 -ResY=480 -benchmark -seconds=8 -log=UTGameRenderedRelease-20260829-130220.log 
Init: Base directory: D:\UnrealEngine3-SC\Binaries\Win64\
[0000.59] Init: Computer: CHEATS
[0000.60] Init: User: vande
[0000.60] Init: CPU Page size=4096, Processors=8
[0000.60] Init: High frequency timer resolution =10.000000 MHz
[0000.60] Init: Memory total: Physical=7.8GB (7GB approx) Pagefile=15.8GB Virtual=131072.0GB
[0000.60] Init: Presizing for 0 objects not considered by GC, pre-allocating 0 bytes.
[0000.60] Init: Object subsystem initialized
[0001.20] Log: Shader platform (RHI): PC-D3D-SM3
[0002.73] Log: 45103 objects as part of root set at end of initial load.
[0002.73] Log: 0 out of 0 bytes used by permanent object pool.
[0002.73] Log: Initializing Engine...
[0003.86] ScriptLog: Loading McpServerBase McpConfigClass:IpDrv.McpServiceConfig
[0003.86] ScriptLog: Loading McpServerBase McpConfigClass:IpDrv.McpServiceConfig
[0003.87] Log: LoadMap: ExampleEntry?Name=Player?Team=255?game=UTGame.UTDeathmatch
[0003.90] Log: 
[0003.92] Log: Game class is 'UTDeathmatch'
[0003.94] Log: Bringing World exampleentry.TheWorld up for play (0) at 2026.08.29-13.02.25
[0003.94] Log: Bringing up level for play took: 0.014881
[0003.95] Log: ########### Finished loading level: 0.076531 seconds
[0003.98] Log: Initializing Engine Completed
[0003.98] Log: >>>>>>>>>>>>>> Initial startup: 3.98s <<<<<<<<<<<<<<<
[0004.32] Log: appRequestExit(0)
[0004.33] Exit: Preparing to exit.
[0004.42] Exit: Game engine shut down
[0004.48] Exit: Windows client shut down
[0004.52] Exit: Object subsystem successfully closed.
[0004.60] Exit: Exiting.
[0004.60] Log: Log file closed, 08/29/26 13:02:25
