UBT Arguments: UTGameScriptCompiler Win64 Release -noxge
Unity_EditorFrameEtAl.cpp
Unity_GenericBrowserTypesEtAl.cpp
Unity_MeshPaintEdModeEtAl.cpp
Unity_UnEdModesEtAl.cpp
Unity_PlayLevelEtAl.cpp
Unity_UContentCommandletsEtAl.cpp
Unity_UnScrComEtAl.cpp
Unity_TaskBrowserEtAl.cpp
Unity_UnErrorCheckingEtAl.cpp
Unity_StaticMeshEditorEtAl.cpp
Unity_PIBEtAl.cpp
Unity_LightmassEtAl.cpp
Detected compiler newer than Visual Studio 2010, please update min version checking in UnVcWin32.h
Unity_CurveEdEtAl.cpp
Unity_LayerBrowserEtAl.cpp
Unity_SourceControlEtAl.cpp
Unity_FoliageEdModeEtAl.cpp
Unity_ImageReflectionRenderingEtAl.cpp
Unity_UnObjectToolsEtAl.cpp
Unity_UnEdExpEtAl.cpp
Unity_UnEdSrvEtAl.cpp
Unity_UnAudioCompressEtAl.cpp
Unity_LandscapeEdModeEtAl.cpp
Unity_UnPackageUtilitiesEtAl.cpp
Unity_UnContentCookersEtAl.cpp
Unity_GameStatsReportEtAl.cpp
Unity_EditorBuildUtilsEtAl.cpp
Unity_MaterialInstanceConstantEditorEtAl.cpp
Unity_UnEdFactEtAl.cpp
Unity_DlgLightingResultsEtAl.cpp
Unity_AttachmentEditorEtAl.cpp
Unity_KismetEtAl.cpp
Unity_SceneManagerEtAl.cpp
Unity_UnGameEtAl.cpp
Unity_AnimSetViewerToolsEtAl.cpp
Unity_PropertyUtilsEtAl.cpp
Unity_AnimSetViewerMainEtAl.cpp
Unity_UnLevelEtAl.cpp
Unity_UnSequenceEtAl.cpp
Unity_UnStaticMeshEditEtAl.cpp
Unity_UnFbxSkeletalMeshImportEtAl.cpp
Unity_ViewportsEtAl.cpp
Unity_UnGeomModifiersEtAl.cpp
Unity_UnContentStreamingEtAl.cpp
Unity_NewMaterialEditorEtAl.cpp
Unity_InterpEditorToolsEtAl.cpp
Unity_UnEdViewportEtAl.cpp
Unity_InterpEditorDrawEtAl.cpp
Unity_CascadeModuleConversionEtAl.cpp
Unity_UnTexCompressEtAl.cpp
Unity_MaterialShaderEtAl.cpp
Unity_NewProjectEtAl.cpp
Unity_TerrainEditorEtAl.cpp
Unity_UnPenLevEtAl.cpp
Unity_PrimitiveComponentEtAl.cpp
Unity_UnActorEtAl.cpp
Unity_DecalRenderDataEtAl.cpp
Unity_DynamicLightEnvironmentComponentEtAl.cpp
Unity_UnPlayerEtAl.cpp
Unity_Texture2DEtAl.cpp
Unity_LocalDecalVertexFactoryEtAl.cpp
Unity_ScriptPlatformInterfaceEtAl.cpp
Unity_WorldAttractorEtAl.cpp
Unity_UnNavigationConstraintsAndGoalsEtAl.cpp
Unity_UnUserInterfaceEtAl.cpp
Unity_FluidSurfaceRenderingEtAl.cpp
Unity_SceneCoreEtAl.cpp
Unity_UnSkeletalRenderCPUSkinEtAl.cpp
Unity_SpeedTreeComponentEtAl.cpp
Unity_SplineLoftEtAl.cpp
Unity_UnTerrainEtAl.cpp
Unity_UnDistributionsEtAl.cpp
Unity_UnStaticMeshEtAl.cpp
Unity_MaterialExpressionsEtAl.cpp
Unity_HitMaskRenderingEtAl.cpp
Unity_LandscapeEditInterfaceEtAl.cpp
Unity_UnRouteEtAl.cpp
Unity_UnAnimTreeEtAl.cpp
Unity_FConfigCacheIniEtAl.cpp
Unity_ParticleDataManagerEtAl.cpp
Unity_SceneRenderingEtAl.cpp
Unity_UnParticleSystemRenderEtAl.cpp
Unity_ShadowRenderingEtAl.cpp
Unity_UnAudioNodesEtAl.cpp
Unity_UnInterpolationEtAl.cpp
Unity_VoiceInterfacePCEtAl.cpp
Detected compiler newer than Visual Studio 2010, please update min version checking in UnVcWin32.h
Unity_FFileManagerNetworkEtAl.cpp
Detected compiler newer than Visual Studio 2010, please update min version checking in UnVcWin32.h
Unity_XnaForceFeedbackManagerEtAl.cpp
Detected compiler newer than Visual Studio 2010, please update min version checking in UnVcWin32.h
Unity_AnimationUtilsEtAl.cpp
Unity_VertexFactoryEtAl.cpp
Unity_NvApexDestructibleEtAl.cpp
Unity_UnSkeletalComponentClothingEtAl.cpp
Unity_UnParticleComponentsEtAl.cpp
Unity_ParticleTrail2EmitterInstanceEtAl.cpp
Unity_UnPawnEtAl.cpp
Unity_UnLinkedObjDrawUtilsEtAl.cpp
Unity_UnPhysCollisionEtAl.cpp
Unity_UnSkeletalAnimEtAl.cpp
Unity_UnPhysDrawingEtAl.cpp
Unity_ParticleModules_LocationEtAl.cpp
Unity_MaterialSharedEtAl.cpp
Unity_UnNavigationMeshEtAl.cpp
Unity_UUTAnimNodesEtAl.cpp
Detected compiler newer than Visual Studio 2010, please update min version checking in UnVcWin32.h
Unity_UnNameEtAl.cpp
Unity_UnPatchCommandletsEtAl.cpp
Detected compiler newer than Visual Studio 2010, please update min version checking in UnVcWin32.h
Unity_ConsoleManagerEtAl.cpp
Detected compiler newer than Visual Studio 2010, please update min version checking in UnVcWin32.h
Unity_SavePackageEtAl.cpp
Unity_UnCorScEtAl.cpp
Unity_UnAsyncLoadingEtAl.cpp
Unity_UnMathEtAl.cpp
Unity_UnObjEtAl.cpp
Unity_UnPropEtAl.cpp
crc32.c
uncompr.c
adler32.c
compress.c
pngwutil.c
fitsphere.cpp
bestfit.cpp
bestfitobb.cpp
cd_hull.cpp
concavity.cpp
cd_wavefront.cpp
ConvexDecomposition.cpp
Unity_tinyXML.LocalEtAl.cpp
meshvolume.cpp
pngwtran.c
planetri.cpp
raytri.cpp
splitplane.cpp
triangulate.cpp
vlookup.cpp
Unity_NvTriStripObjectsEtAl.cpp
kiss_fft.c
kiss_fftnd.c
float_math.cpp
pngrutil.c
pngwrite.c
pngtrans.c
deflate.c
gzio.c
infblock.c
inflate.c
infcodes.c
inffast.c
pngwio.c
png.c
trees.c
inftrees.c
infutil.c
pngerror.c
pngget.c
pngpread.c
pngmem.c
pngrio.c
pngread.c
pngrtran.c
pngset.c
zutil.c
UTGameScriptCompiler.exe
   Creating library D:\UnrealEngine3-SC\Binaries\Win64\UTGameScriptCompiler.lib and object D:\UnrealEngine3-SC\Binaries\Win64\UTGameScriptCompiler.exp
[12:23 AM] UBT execution time: 546.48 seconds, 4.88 seconds linking
