Log: Log file open, 09/02/26 00:59:44
Init: WinSock: version 1.1 (2.2), MaxSocks=32767, MaxUdp=65467
DevConfig: GConfig::Find has loaded file:  ..\..\Engine\Config\ConsoleVariables.ini
Init: Version: 10897
Init: Epic Internal: 0
Init: Compiled (64-bit): Sep  2 2026 00:51:11
Init: Changelist: 1532151
Init: Command line: editor -nopause -forcelogflush -windowed -ResX=800 -ResY=600 -log=WindowEnumSplashProbe-20260902-005943-463.log 
Init: Base directory: D:\UnrealEngine3-SC\Binaries\Win64\
[0000.48] Init: Computer: CHEATS
[0000.48] Init: User: vande
[0000.48] Init: CPU Page size=4096, Processors=8
[0000.48] Init: High frequency timer resolution =10.000000 MHz
[0000.48] Init: Memory total: Physical=7.8GB (7GB approx) Pagefile=20.3GB Virtual=131072.0GB
[0000.52] Init: WinSock: I am CHEATS (192.168.56.1:0)
[0000.52] Init: Presizing for 0 objects not considered by GC, pre-allocating 0 bytes.
[0000.52] Init: Object subsystem initialized
[0000.54] Log: SystemSettings based on: SystemSettings
[0000.74] Log: Shader platform (RHI): PC-D3D-SM3
[0002.14] Log: 52516 objects as part of root set at end of initial load.
[0002.14] Log: 0 out of 0 bytes used by permanent object pool.
[0002.19] Log: Supported Consoles:
[0002.19] Log:   PC
[0002.19] Log: Initializing Engine...
[0002.40] Log: Encountered missing default brush - spawning new one
[0002.87] Log: Initializing Engine Completed
[0002.87] Log: >>>>>>>>>>>>>> Initial startup: 2.87s <<<<<<<<<<<<<<<
[0002.96] Cmd: MODE MAPEXT=udk
[0002.96] SourceControl: Stub source control provider is enabled.  Please enable a specific implementation such as WITH_PERFORCE
[0002.96] SourceControl:   For perforce, see SetUpSourceControlEnvironment in UE3BuildExternal.cs for requirements
[0006.55] Cmd: MAP LOAD FILE="..\..\Engine\Content\Maps\Templates\Template_MidDay.umap" TEMPLATE=0
[0006.95] Log: Encountered missing default brush - spawning new one
[0007.81] Log: -- Checking Building LODs
[0007.82] Log: Finished looking for orphan Actors (0.002 secs)
[0007.88] Cmd: MAP CHECKDEP DONTCLEARMESSAGES DONTDOSLOWREFCHECK
[0007.88] Log: TIMER ALL OF INIT : [6.776023]
[0010.62] Exit: Preparing to exit.
[0010.72] Exit: Editor shut down
[0010.72] Exit: Transaction tracking system shut down
[0010.86] Exit: Windows client shut down
[0010.87] Exit: XAudio2 Device shut down.
[0010.90] Exit: Object subsystem successfully closed.
[0010.93] Exit: Exiting.
[0010.94] Log: Log file closed, 09/02/26 00:59:54
